ARM Linker, 5.03 [Build 76] [MDK-ARM Standard]

==============================================================================

Section Cross References

    iap_main.o(i.CKCU_Configuration) refers to ht32f1653_54_ckcu.o(i.CKCU_PeripClockConfig) for CKCU_PeripClockConfig
    iap_main.o(i.CKCU_Configuration) refers to ht32f1653_54_ckcu.o(i.CKCU_SetUSBPrescaler) for CKCU_SetUSBPrescaler
    iap_main.o(i.USBD_Configuration) refers to iap_ht32_usbd_descriptor.o(i.USBDDesc_Init) for USBDDesc_Init
    iap_main.o(i.USBD_Configuration) refers to iap_ht32_usbd_class.o(i.USBDClass_Init) for USBDClass_Init
    iap_main.o(i.USBD_Configuration) refers to ht32_usbd_core.o(i.USBDCore_Init) for USBDCore_Init
    iap_main.o(i.USBD_Configuration) refers to ht32f1653_54_usbd.o(i.USBD_DPpullupCmd) for USBD_DPpullupCmd
    iap_main.o(i.USBD_Configuration) refers to iap_main.o(.bss) for .bss
    iap_main.o(i.main) refers to iap_main.o(i.CKCU_Configuration) for CKCU_Configuration
    iap_main.o(i.main) refers to iap_handler.o(i.IAP_isAPValid) for IAP_isAPValid
    iap_main.o(i.main) refers to iap_handler.o(i.IAP_isVersionValid) for IAP_isVersionValid
    iap_main.o(i.main) refers to iap_handler.o(.emb_text) for IAP_GoCMD
    iap_main.o(i.main) refers to spi_flash_mx25l12835f.o(i.SPI_FLASH_Init) for SPI_FLASH_Init
    iap_main.o(i.main) refers to iap_handler.o(i.IAP_Init) for IAP_Init
    iap_main.o(i.main) refers to iap_main.o(i.USBD_Configuration) for USBD_Configuration
    iap_main.o(i.main) refers to ht32_usbd_core.o(i.USBDCore_MainRoutine) for USBDCore_MainRoutine
    iap_main.o(i.main) refers to iap_main.o(.bss) for .bss
    iap_ht32f165x_it.o(i.USB_IRQHandler) refers to ht32_usbd_core.o(i.USBDCore_IRQHandler) for USBDCore_IRQHandler
    iap_ht32f165x_it.o(i.USB_IRQHandler) refers to iap_main.o(.bss) for gUSBCore
    iap_ht32_usbd_descriptor.o(i.USBDDesc_Init) refers to iap_ht32_usbd_descriptor.o(.constdata) for .constdata
    iap_ht32_usbd_descriptor.o(i.USBDDesc_Init) refers to iap_ht32_usbd_descriptor.o(.data) for .data
    iap_ht32_usbd_descriptor.o(.data) refers to iap_ht32_usbd_descriptor.o(.constdata) for guUSB_StringDescLANGID
    iap_ht32_usbd_class.o(i.USBDClass_Endpoint1) refers to ht32f1653_54_usbd.o(i.USBD_EPTReadOUTData) for USBD_EPTReadOUTData
    iap_ht32_usbd_class.o(i.USBDClass_Endpoint1) refers to _ht32_usbbufcheck.o(i._HT32_USBBufCheck) for _HT32_USBBufCheck
    iap_ht32_usbd_class.o(i.USBDClass_Endpoint1) refers to iap_handler.o(i.IAP_Handler) for IAP_Handler
    iap_ht32_usbd_class.o(i.USBDClass_Endpoint1) refers to iap_handler.o(.bss) for gRx
    iap_ht32_usbd_class.o(i.USBDClass_Init) refers to iap_ht32_usbd_class.o(i.USBDClass_Standard_GetDescriptor) for USBDClass_Standard_GetDescriptor
    iap_ht32_usbd_class.o(i.USBDClass_Init) refers to iap_ht32_usbd_class.o(i.USBDClass_Request) for USBDClass_Request
    iap_ht32_usbd_class.o(i.USBDClass_Init) refers to iap_ht32_usbd_class.o(i.USBDClass_Endpoint1) for USBDClass_Endpoint1
    iap_ht32_usbd_class.o(i.USBDClass_Request) refers to iap_buffer.o(i.Buffer_isEmpty) for Buffer_isEmpty
    iap_ht32_usbd_class.o(i.USBDClass_Request) refers to iap_buffer.o(i.Buffer_Discard) for Buffer_Discard
    iap_ht32_usbd_class.o(i.USBDClass_Request) refers to iap_handler.o(.bss) for gTx
    iap_ht32_usbd_class.o(i.USBDClass_Standard_GetDescriptor) refers to iap_ht32_usbd_class.o(.constdata) for .constdata
    iap_handler.o(i.IAP_Handler) refers to spi_flash_mx25l12835f.o(i.SPI_FLASH_WriteStatus) for SPI_FLASH_WriteStatus
    iap_handler.o(i.IAP_Handler) refers to iap_buffer.o(i.Buffer_ReadByte) for Buffer_ReadByte
    iap_handler.o(i.IAP_Handler) refers to iap_crc16.o(i.CRC16) for CRC16
    iap_handler.o(i.IAP_Handler) refers to iap_buffer.o(i.Buffer_Discard) for Buffer_Discard
    iap_handler.o(i.IAP_Handler) refers to ht32_cm3_misc.o(i.SYSTICK_CounterCmd) for SYSTICK_CounterCmd
    iap_handler.o(i.IAP_Handler) refers to iap_buffer.o(i.Buffer_WriteByte) for Buffer_WriteByte
    iap_handler.o(i.IAP_Handler) refers to iap_handler.o(.data) for .data
    iap_handler.o(i.IAP_Handler) refers to iap_handler.o(.bss) for .bss
    iap_handler.o(i.IAP_Handler) refers to iap_handler.o(.constdata) for .constdata
    iap_handler.o(i.IAP_Init) refers to iap_buffer.o(i.Buffer_Init) for Buffer_Init
    iap_handler.o(i.IAP_Init) refers to iap_handler.o(.bss) for .bss
    iap_handler.o(i.IAP_Reset) refers to iap_handler.o(i.IAP_isAPValid) for IAP_isAPValid
    iap_handler.o(i.IAP_Reset) refers to iap_handler.o(i.IAP_isVersionValid) for IAP_isVersionValid
    iap_handler.o(i.IAP_Reset) refers to ht32f1653_54_usbd.o(i.USBD_DPpullupCmd) for USBD_DPpullupCmd
    iap_handler.o(i.IAP_SPI_FLASH_BufferWrite) refers to spi_flash_mx25l12835f.o(i.SPI_FLASH_BufferWrite) for SPI_FLASH_BufferWrite
    iap_handler.o(i.IAP_SPI_FLASH_BufferWrite) refers to spi_flash_mx25l12835f.o(i.SPI_FLASH_SectorErase) for SPI_FLASH_SectorErase
[...]
    Removing ht32f1653_54_flash.o(i.FLASH_ProgramOptionByte), (80 bytes).
    Removing ht32f1653_54_flash.o(i.FLASH_ProgramWordData), (20 bytes).
    Removing ht32f1653_54_flash.o(i.FLASH_SetRemappingMode), (12 bytes).
    Removing ht32f1653_54_flash.o(i.FLASH_SetWaitState), (20 bytes).
    Removing ht32f1653_54_gpio.o(.rev16_text), (4 bytes).
    Removing ht32f1653_54_gpio.o(.revsh_text), (4 bytes).
    Removing ht32f1653_54_gpio.o(.rrx_text), (6 bytes).
    Removing ht32f1653_54_gpio.o(i.AFIO_DeInit), (14 bytes).
    Removing ht32f1653_54_gpio.o(i.AFIO_EXTISourceConfig), (44 bytes).
    Removing ht32f1653_54_gpio.o(i.GPIO_DeInit), (76 bytes).
    Removing ht32f1653_54_gpio.o(i.GPIO_DriveConfig), (16 bytes).
    Removing ht32f1653_54_gpio.o(i.GPIO_InputConfig), (16 bytes).
    Removing ht32f1653_54_gpio.o(i.GPIO_IsPinLocked), (10 bytes).
    Removing ht32f1653_54_gpio.o(i.GPIO_IsPortLocked), (10 bytes).
    Removing ht32f1653_54_gpio.o(i.GPIO_OpenDrainConfig), (16 bytes).
    Removing ht32f1653_54_gpio.o(i.GPIO_PinLock), (12 bytes).
    Removing ht32f1653_54_gpio.o(i.GPIO_PullResistorConfig), (40 bytes).
    Removing ht32f1653_54_gpio.o(i.GPIO_ReadInBit), (10 bytes).
    Removing ht32f1653_54_gpio.o(i.GPIO_ReadInData), (6 bytes).
    Removing ht32f1653_54_gpio.o(i.GPIO_ReadOutBit), (10 bytes).
    Removing ht32f1653_54_gpio.o(i.GPIO_ReadOutData), (6 bytes).
    Removing ht32f1653_54_gpio.o(i.GPIO_WriteOutBits), (10 bytes).
    Removing ht32f1653_54_gpio.o(i.GPIO_WriteOutData), (4 bytes).
    Removing ht32f1653_54_gpio.o(i._AFIO_ClockControl), (40 bytes).
    Removing ht32f1653_54_gpio.o(i._GPIO_ClockControl), (52 bytes).
    Removing ht32f1653_54_gptm.o(.rev16_text), (4 bytes).
    Removing ht32f1653_54_gptm.o(.revsh_text), (4 bytes).
    Removing ht32f1653_54_gptm.o(.rrx_text), (6 bytes).
    Removing ht32f1653_54_gptm.o(i.GPTM_CHCCDSConfig), (20 bytes).
    Removing ht32f1653_54_gptm.o(i.GPTM_CHCCRPreloadConfig), (24 bytes).
    Removing ht32f1653_54_gptm.o(i.GPTM_CHPSCConfig), (20 bytes).
    Removing ht32f1653_54_gptm.o(i.GPTM_CKDIVConfig), (16 bytes).
    Removing ht32f1653_54_gptm.o(i.GPTM_CRRPreloadCmd), (20 bytes).
    Removing ht32f1653_54_gptm.o(i.GPTM_CaptureInit), (36 bytes).
    Removing ht32f1653_54_gptm.o(i.GPTM_CaptureStructInit), (18 bytes).
    Removing ht32f1653_54_gptm.o(i.GPTM_ChExternalClockConfig), (48 bytes).
    Removing ht32f1653_54_gptm.o(i.GPTM_ChPolarityConfig), (20 bytes).
    Removing ht32f1653_54_gptm.o(i.GPTM_ChannelConfig), (24 bytes).
    Removing ht32f1653_54_gptm.o(i.GPTM_ClearFlag), (10 bytes).
    Removing ht32f1653_54_gptm.o(i.GPTM_ClearIntPendingBit), (10 bytes).
    Removing ht32f1653_54_gptm.o(i.GPTM_ClearOREFConfig), (24 bytes).
    Removing ht32f1653_54_gptm.o(i.GPTM_Cmd), (20 bytes).
    Removing ht32f1653_54_gptm.o(i.GPTM_CounterModeConfig), (24 bytes).
    Removing ht32f1653_54_gptm.o(i.GPTM_DeInit), (32 bytes).
    Removing ht32f1653_54_gptm.o(i.GPTM_DecoderConfig), (56 bytes).
    Removing ht32f1653_54_gptm.o(i.GPTM_EtiConfig), (24 bytes).
    Removing ht32f1653_54_gptm.o(i.GPTM_EtiExternalClockConfig), (18 bytes).
    Removing ht32f1653_54_gptm.o(i.GPTM_ForcedOREF0), (14 bytes).
    Removing ht32f1653_54_gptm.o(i.GPTM_ForcedOREF1), (14 bytes).
    Removing ht32f1653_54_gptm.o(i.GPTM_ForcedOREF2), (14 bytes).
    Removing ht32f1653_54_gptm.o(i.GPTM_ForcedOREF3), (14 bytes).
    Removing ht32f1653_54_gptm.o(i.GPTM_GenerateEvent), (4 bytes).
    Removing ht32f1653_54_gptm.o(i.GPTM_GetCaptureCompare0), (6 bytes).
    Removing ht32f1653_54_gptm.o(i.GPTM_GetCaptureCompare1), (6 bytes).
    Removing ht32f1653_54_gptm.o(i.GPTM_GetCaptureCompare2), (6 bytes).
    Removing ht32f1653_54_gptm.o(i.GPTM_GetCaptureCompare3), (6 bytes).
    Removing ht32f1653_54_gptm.o(i.GPTM_GetCounter), (6 bytes).
    Removing ht32f1653_54_gptm.o(i.GPTM_GetFlagStatus), (10 bytes).
    Removing ht32f1653_54_gptm.o(i.GPTM_GetIntStatus), (22 bytes).
    Removing ht32f1653_54_gptm.o(i.GPTM_GetPrescaler), (6 bytes).
    Removing ht32f1653_54_gptm.o(i.GPTM_HallInterfaceCmd), (20 bytes).
    Removing ht32f1653_54_gptm.o(i.GPTM_ImmActiveConfig), (24 bytes).
    Removing ht32f1653_54_gptm.o(i.GPTM_IntConfig), (16 bytes).
    Removing ht32f1653_54_gptm.o(i.GPTM_InternalClockConfig), (10 bytes).
    Removing ht32f1653_54_gptm.o(i.GPTM_ItiExternalClockConfig), (18 bytes).
    Removing ht32f1653_54_gptm.o(i.GPTM_MMSELConfig), (12 bytes).
    Removing ht32f1653_54_gptm.o(i.GPTM_OutputInit), (88 bytes).
    Removing ht32f1653_54_gptm.o(i.GPTM_OutputModeConfig), (32 bytes).
    Removing ht32f1653_54_gptm.o(i.GPTM_OutputStructInit), (16 bytes).
    Removing ht32f1653_54_gptm.o(i.GPTM_PDMAConfig), (16 bytes).
    Removing ht32f1653_54_gptm.o(i.GPTM_PrescalerConfig), (8 bytes).
    Removing ht32f1653_54_gptm.o(i.GPTM_PwmInputInit), (90 bytes).
    Removing ht32f1653_54_gptm.o(i.GPTM_SetAsymmetricCompare0), (6 bytes).
    Removing ht32f1653_54_gptm.o(i.GPTM_SetAsymmetricCompare1), (6 bytes).
    Removing ht32f1653_54_gptm.o(i.GPTM_SetAsymmetricCompare2), (6 bytes).
    Removing ht32f1653_54_gptm.o(i.GPTM_SetAsymmetricCompare3), (6 bytes).
    Removing ht32f1653_54_gptm.o(i.GPTM_SetCaptureCompare0), (6 bytes).
    Removing ht32f1653_54_gptm.o(i.GPTM_SetCaptureCompare1), (6 bytes).
    Removing ht32f1653_54_gptm.o(i.GPTM_SetCaptureCompare2), (6 bytes).
    Removing ht32f1653_54_gptm.o(i.GPTM_SetCaptureCompare3), (6 bytes).
    Removing ht32f1653_54_gptm.o(i.GPTM_SetCounter), (6 bytes).
    Removing ht32f1653_54_gptm.o(i.GPTM_SetCounterReload), (6 bytes).
    Removing ht32f1653_54_gptm.o(i.GPTM_SinglePulseModeCmd), (20 bytes).
    Removing ht32f1653_54_gptm.o(i.GPTM_SlaveModeConfig), (12 bytes).
    Removing ht32f1653_54_gptm.o(i.GPTM_StiConfig), (24 bytes).
    Removing ht32f1653_54_gptm.o(i.GPTM_TimSyncCmd), (20 bytes).
    Removing ht32f1653_54_gptm.o(i.GPTM_TimeBaseInit), (42 bytes).
    Removing ht32f1653_54_gptm.o(i.GPTM_TimeBaseStructInit), (20 bytes).
    Removing ht32f1653_54_gptm.o(i.GPTM_UEVG_IntConfig), (20 bytes).
    Removing ht32f1653_54_gptm.o(i.GPTM_UpdateCmd), (20 bytes).
    Removing ht32f1653_54_gptm.o(i.gptm_CHx_Config), (64 bytes).
    Removing ht32f1653_54_i2c.o(.rev16_text), (4 bytes).
    Removing ht32f1653_54_i2c.o(.revsh_text), (4 bytes).
    Removing ht32f1653_54_i2c.o(.rrx_text), (6 bytes).
    Removing ht32f1653_54_i2c.o(i.I2C_AckCmd), (20 bytes).
    Removing ht32f1653_54_i2c.o(i.I2C_AddressMaskConfig), (4 bytes).
    Removing ht32f1653_54_i2c.o(i.I2C_CheckStatus), (14 bytes).
    Removing ht32f1653_54_i2c.o(i.I2C_ClearFlag), (4 bytes).
    Removing ht32f1653_54_i2c.o(i.I2C_Cmd), (20 bytes).
    Removing ht32f1653_54_i2c.o(i.I2C_CombFilterCmd), (20 bytes).
    Removing ht32f1653_54_i2c.o(i.I2C_DeInit), (28 bytes).
    Removing ht32f1653_54_i2c.o(i.I2C_GeneralCallCmd), (20 bytes).
    Removing ht32f1653_54_i2c.o(i.I2C_GenerateSTOP), (10 bytes).
    Removing ht32f1653_54_i2c.o(i.I2C_GetAddressBuffer), (6 bytes).
    Removing ht32f1653_54_i2c.o(i.I2C_GetFlagStatus), (10 bytes).
    Removing ht32f1653_54_i2c.o(i.I2C_Init), (144 bytes).
    Removing ht32f1653_54_i2c.o(i.I2C_IntConfig), (16 bytes).
    Removing ht32f1653_54_i2c.o(i.I2C_PDMACmd), (16 bytes).
    Removing ht32f1653_54_i2c.o(i.I2C_PDMANACKCmd), (20 bytes).
    Removing ht32f1653_54_i2c.o(i.I2C_ReadRegister), (10 bytes).
    Removing ht32f1653_54_i2c.o(i.I2C_ReceiveData), (6 bytes).
    Removing ht32f1653_54_i2c.o(i.I2C_SendData), (4 bytes).
    Removing ht32f1653_54_i2c.o(i.I2C_SequentialFilterConfig), (112 bytes).
    Removing ht32f1653_54_i2c.o(i.I2C_SetOwnAddress), (4 bytes).
    Removing ht32f1653_54_i2c.o(i.I2C_SetSCLHighPeriod), (4 bytes).
    Removing ht32f1653_54_i2c.o(i.I2C_SetSCLLowPeriod), (4 bytes).
    Removing ht32f1653_54_i2c.o(i.I2C_SetTimeOutPrescaler), (10 bytes).
    Removing ht32f1653_54_i2c.o(i.I2C_SetTimeOutValue), (12 bytes).
    Removing ht32f1653_54_i2c.o(i.I2C_StructInit), (20 bytes).
    Removing ht32f1653_54_i2c.o(i.I2C_TargetAddressConfig), (16 bytes).
    Removing ht32f1653_54_i2c.o(i.I2C_TimeOutCmd), (20 bytes).
    Removing ht32f1653_54_i2s.o(.rev16_text), (4 bytes).
    Removing ht32f1653_54_i2s.o(.revsh_text), (4 bytes).
    Removing ht32f1653_54_i2s.o(.rrx_text), (6 bytes).
    Removing ht32f1653_54_i2s.o(i.I2S_ClearFlag), (12 bytes).
    Removing ht32f1653_54_i2s.o(i.I2S_Cmd), (28 bytes).
    Removing ht32f1653_54_i2s.o(i.I2S_DeInit), (14 bytes).
    Removing ht32f1653_54_i2s.o(i.I2S_FIFOReset), (16 bytes).
    Removing ht32f1653_54_i2s.o(i.I2S_FIFOTrigLevelConfig), (40 bytes).
    Removing ht32f1653_54_i2s.o(i.I2S_GetFIFOStatus), (24 bytes).
    Removing ht32f1653_54_i2s.o(i.I2S_GetFlagStatus), (20 bytes).
    Removing ht32f1653_54_i2s.o(i.I2S_Init), (112 bytes).
    Removing ht32f1653_54_i2s.o(i.I2S_IntConfig), (24 bytes).
    Removing ht32f1653_54_i2s.o(i.I2S_PDMACmd), (24 bytes).
    Removing ht32f1653_54_i2s.o(i.I2S_TxMuteCmd), (28 bytes).
    Removing ht32f1653_54_mctm.o(.rev16_text), (4 bytes).
    Removing ht32f1653_54_mctm.o(.revsh_text), (4 bytes).
    Removing ht32f1653_54_mctm.o(.rrx_text), (6 bytes).
    Removing ht32f1653_54_mctm.o(i.MCTM_CHBRKCTRConfig), (54 bytes).
    Removing ht32f1653_54_mctm.o(i.MCTM_CHBRKCTRStructInit), (28 bytes).
    Removing ht32f1653_54_mctm.o(i.MCTM_CHCCDSConfig), (20 bytes).
    Removing ht32f1653_54_mctm.o(i.MCTM_CHCCRPreloadConfig), (24 bytes).
    Removing ht32f1653_54_mctm.o(i.MCTM_CHMOECmd), (20 bytes).
    Removing ht32f1653_54_mctm.o(i.MCTM_CHPSCConfig), (20 bytes).
    Removing ht32f1653_54_mctm.o(i.MCTM_CKDIVConfig), (16 bytes).
    Removing ht32f1653_54_mctm.o(i.MCTM_COMPRECmd), (20 bytes).
    Removing ht32f1653_54_mctm.o(i.MCTM_COMUSConfig), (20 bytes).
    Removing ht32f1653_54_mctm.o(i.MCTM_CRRPreloadCmd), (20 bytes).
    Removing ht32f1653_54_mctm.o(i.MCTM_CaptureInit), (36 bytes).
    Removing ht32f1653_54_mctm.o(i.MCTM_CaptureStructInit), (18 bytes).
    Removing ht32f1653_54_mctm.o(i.MCTM_ChExternalClockConfig), (48 bytes).
    Removing ht32f1653_54_mctm.o(i.MCTM_ChNPolarityConfig), (22 bytes).
    Removing ht32f1653_54_mctm.o(i.MCTM_ChPolarityConfig), (20 bytes).
    Removing ht32f1653_54_mctm.o(i.MCTM_ChannelConfig), (24 bytes).
    Removing ht32f1653_54_mctm.o(i.MCTM_ChannelNConfig), (26 bytes).
    Removing ht32f1653_54_mctm.o(i.MCTM_ClearFlag), (10 bytes).
    Removing ht32f1653_54_mctm.o(i.MCTM_ClearIntPendingBit), (10 bytes).
    Removing ht32f1653_54_mctm.o(i.MCTM_ClearOREFConfig), (24 bytes).
    Removing ht32f1653_54_mctm.o(i.MCTM_Cmd), (20 bytes).
    Removing ht32f1653_54_mctm.o(i.MCTM_CounterModeConfig), (24 bytes).
    Removing ht32f1653_54_mctm.o(i.MCTM_DeInit), (28 bytes).
    Removing ht32f1653_54_mctm.o(i.MCTM_DecoderConfig), (56 bytes).
    Removing ht32f1653_54_mctm.o(i.MCTM_EtiConfig), (24 bytes).
    Removing ht32f1653_54_mctm.o(i.MCTM_EtiExternalClockConfig), (18 bytes).
    Removing ht32f1653_54_mctm.o(i.MCTM_ForcedOREF0), (14 bytes).
    Removing ht32f1653_54_mctm.o(i.MCTM_ForcedOREF1), (14 bytes).
    Removing ht32f1653_54_mctm.o(i.MCTM_ForcedOREF2), (14 bytes).
    Removing ht32f1653_54_mctm.o(i.MCTM_ForcedOREF3), (14 bytes).
    Removing ht32f1653_54_mctm.o(i.MCTM_GenerateEvent), (4 bytes).
    Removing ht32f1653_54_mctm.o(i.MCTM_GetCaptureCompare0), (6 bytes).
    Removing ht32f1653_54_mctm.o(i.MCTM_GetCaptureCompare1), (6 bytes).
    Removing ht32f1653_54_mctm.o(i.MCTM_GetCaptureCompare2), (6 bytes).
    Removing ht32f1653_54_mctm.o(i.MCTM_GetCaptureCompare3), (6 bytes).
    Removing ht32f1653_54_mctm.o(i.MCTM_GetCounter), (6 bytes).
    Removing ht32f1653_54_mctm.o(i.MCTM_GetFlagStatus), (10 bytes).
    Removing ht32f1653_54_mctm.o(i.MCTM_GetIntStatus), (22 bytes).
    Removing ht32f1653_54_mctm.o(i.MCTM_GetPrescaler), (6 bytes).
    Removing ht32f1653_54_mctm.o(i.MCTM_HallInterfaceCmd), (20 bytes).
    Removing ht32f1653_54_mctm.o(i.MCTM_ImmActiveConfig), (24 bytes).
    Removing ht32f1653_54_mctm.o(i.MCTM_IntConfig), (16 bytes).
    Removing ht32f1653_54_mctm.o(i.MCTM_InternalClockConfig), (10 bytes).
    Removing ht32f1653_54_mctm.o(i.MCTM_ItiExternalClockConfig), (18 bytes).
    Removing ht32f1653_54_mctm.o(i.MCTM_MMSELConfig), (12 bytes).
    Removing ht32f1653_54_mctm.o(i.MCTM_OutputInit), (126 bytes).
    Removing ht32f1653_54_mctm.o(i.MCTM_OutputModeConfig), (32 bytes).
    Removing ht32f1653_54_mctm.o(i.MCTM_OutputStructInit), (24 bytes).
    Removing ht32f1653_54_mctm.o(i.MCTM_PDMAConfig), (16 bytes).
    Removing ht32f1653_54_mctm.o(i.MCTM_PrescalerConfig), (8 bytes).
    Removing ht32f1653_54_mctm.o(i.MCTM_PwmInputInit), (90 bytes).
    Removing ht32f1653_54_mctm.o(i.MCTM_SetAsymmetricCompare0), (6 bytes).
    Removing ht32f1653_54_mctm.o(i.MCTM_SetAsymmetricCompare1), (6 bytes).
    Removing ht32f1653_54_mctm.o(i.MCTM_SetAsymmetricCompare2), (6 bytes).
    Removing ht32f1653_54_mctm.o(i.MCTM_SetAsymmetricCompare3), (6 bytes).
    Removing ht32f1653_54_mctm.o(i.MCTM_SetCaptureCompare0), (6 bytes).
    Removing ht32f1653_54_mctm.o(i.MCTM_SetCaptureCompare1), (6 bytes).
    Removing ht32f1653_54_mctm.o(i.MCTM_SetCaptureCompare2), (6 bytes).
    Removing ht32f1653_54_mctm.o(i.MCTM_SetCaptureCompare3), (6 bytes).
    Removing ht32f1653_54_mctm.o(i.MCTM_SetCounter), (6 bytes).
    Removing ht32f1653_54_mctm.o(i.MCTM_SetCounterReload), (6 bytes).
    Removing ht32f1653_54_mctm.o(i.MCTM_SinglePulseModeCmd), (20 bytes).
    Removing ht32f1653_54_mctm.o(i.MCTM_SlaveModeConfig), (12 bytes).
    Removing ht32f1653_54_mctm.o(i.MCTM_StiConfig), (24 bytes).
    Removing ht32f1653_54_mctm.o(i.MCTM_TimSyncCmd), (20 bytes).
    Removing ht32f1653_54_mctm.o(i.MCTM_TimeBaseInit), (48 bytes).
    Removing ht32f1653_54_mctm.o(i.MCTM_TimeBaseStructInit), (22 bytes).
    Removing ht32f1653_54_mctm.o(i.MCTM_UEV1G_IntConfig), (20 bytes).
    Removing ht32f1653_54_mctm.o(i.MCTM_UpdateCmd), (20 bytes).
    Removing ht32f1653_54_mctm.o(i.mctm_CHx_Config), (64 bytes).
    Removing ht32f1653_54_pdma.o(.rev16_text), (4 bytes).
    Removing ht32f1653_54_pdma.o(.revsh_text), (4 bytes).
    Removing ht32f1653_54_pdma.o(.rrx_text), (6 bytes).
    Removing ht32f1653_54_pdma.o(i.PDMA_ClearFlag), (44 bytes).
    Removing ht32f1653_54_pdma.o(i.PDMA_Config), (48 bytes).
    Removing ht32f1653_54_pdma.o(i.PDMA_EnaCmd), (40 bytes).
    Removing ht32f1653_54_pdma.o(i.PDMA_GetFlagStatus), (48 bytes).
    Removing ht32f1653_54_pdma.o(i.PDMA_IntConig), (48 bytes).
    Removing ht32f1653_54_pdma.o(i.PDMA_SwTrigCmd), (40 bytes).
    Removing ht32f1653_54_pdma.o(i.PDMA_TranSizeConfig), (24 bytes).
    Removing ht32f1653_54_pwrcu.o(.rev16_text), (4 bytes).
    Removing ht32f1653_54_pwrcu.o(.revsh_text), (4 bytes).
    Removing ht32f1653_54_pwrcu.o(.rrx_text), (6 bytes).
    Removing ht32f1653_54_pwrcu.o(i.PWRCU_BODCmd), (12 bytes).
    Removing ht32f1653_54_pwrcu.o(i.PWRCU_BODRISConfig), (12 bytes).
    Removing ht32f1653_54_pwrcu.o(i.PWRCU_CheckReadyAccessed), (72 bytes).
    Removing ht32f1653_54_pwrcu.o(i.PWRCU_DMOSCmd), (24 bytes).
    Removing ht32f1653_54_pwrcu.o(i.PWRCU_DeInit), (32 bytes).
    Removing ht32f1653_54_pwrcu.o(i.PWRCU_DeepSleep1), (64 bytes).
    Removing ht32f1653_54_pwrcu.o(i.PWRCU_DeepSleep2), (80 bytes).
    Removing ht32f1653_54_pwrcu.o(i.PWRCU_GetBODFlagStatus), (12 bytes).
    Removing ht32f1653_54_pwrcu.o(i.PWRCU_GetDMOSStatus), (32 bytes).
    Removing ht32f1653_54_pwrcu.o(i.PWRCU_GetFlagStatus), (12 bytes).
    Removing ht32f1653_54_pwrcu.o(i.PWRCU_GetLVDFlagStatus), (12 bytes).
    Removing ht32f1653_54_pwrcu.o(i.PWRCU_HSIReadyCounterBitLengthConfig), (12 bytes).
    Removing ht32f1653_54_pwrcu.o(i.PWRCU_LVDCmd), (12 bytes).
    Removing ht32f1653_54_pwrcu.o(i.PWRCU_LVDEventWakeupConfig), (12 bytes).
    Removing ht32f1653_54_pwrcu.o(i.PWRCU_LVDIntWakeupConfig), (12 bytes).
    Removing ht32f1653_54_pwrcu.o(i.PWRCU_PowerDown), (76 bytes).
    Removing ht32f1653_54_pwrcu.o(i.PWRCU_ReadBackupRegister), (16 bytes).
    Removing ht32f1653_54_pwrcu.o(i.PWRCU_SetLVDS), (20 bytes).
    Removing ht32f1653_54_pwrcu.o(i.PWRCU_Sleep), (24 bytes).
    Removing ht32f1653_54_pwrcu.o(i.PWRCU_V18RDYSourceConfig), (12 bytes).
    Removing ht32f1653_54_pwrcu.o(i.PWRCU_WakeupPinCmd), (12 bytes).
    Removing ht32f1653_54_pwrcu.o(i.PWRCU_WakeupPinIntConfig), (12 bytes).
    Removing ht32f1653_54_pwrcu.o(i.PWRCU_WriteBackupRegister), (16 bytes).
    Removing ht32f1653_54_rstcu.o(.rev16_text), (4 bytes).
    Removing ht32f1653_54_rstcu.o(.revsh_text), (4 bytes).
    Removing ht32f1653_54_rstcu.o(.rrx_text), (6 bytes).
    Removing ht32f1653_54_rstcu.o(i.RSTCU_ClearAllResetFlag), (12 bytes).
    Removing ht32f1653_54_rstcu.o(i.RSTCU_ClearResetFlag), (16 bytes).
    Removing ht32f1653_54_rstcu.o(i.RSTCU_GetResetFlagStatus), (24 bytes).
    Removing ht32f1653_54_rtc.o(.rev16_text), (4 bytes).
    Removing ht32f1653_54_rtc.o(.revsh_text), (4 bytes).
    Removing ht32f1653_54_rtc.o(.rrx_text), (6 bytes).
    Removing ht32f1653_54_rtc.o(i.RTC_CMPCLRCmd), (12 bytes).
    Removing ht32f1653_54_rtc.o(i.RTC_ClockSourceConfig), (12 bytes).
    Removing ht32f1653_54_rtc.o(i.RTC_Cmd), (12 bytes).
    Removing ht32f1653_54_rtc.o(i.RTC_DeInit), (40 bytes).
    Removing ht32f1653_54_rtc.o(i.RTC_GetCompare), (12 bytes).
    Removing ht32f1653_54_rtc.o(i.RTC_GetCounter), (12 bytes).
    Removing ht32f1653_54_rtc.o(i.RTC_GetFlagStatus), (12 bytes).
    Removing ht32f1653_54_rtc.o(i.RTC_GetOutStatus), (12 bytes).
    Removing ht32f1653_54_rtc.o(i.RTC_GetPrescaler), (20 bytes).
    Removing ht32f1653_54_rtc.o(i.RTC_IntConfig), (24 bytes).
    Removing ht32f1653_54_rtc.o(i.RTC_LSECmd), (44 bytes).
    Removing ht32f1653_54_rtc.o(i.RTC_LSESMConfig), (12 bytes).
    Removing ht32f1653_54_rtc.o(i.RTC_LSICmd), (44 bytes).
    Removing ht32f1653_54_rtc.o(i.RTC_LSILoadTrimData), (40 bytes).
    Removing ht32f1653_54_rtc.o(i.RTC_OutCmd), (12 bytes).
    Removing ht32f1653_54_rtc.o(i.RTC_OutConfig), (20 bytes).
    Removing ht32f1653_54_rtc.o(i.RTC_SetCompare), (12 bytes).
    Removing ht32f1653_54_rtc.o(i.RTC_SetPrescaler), (20 bytes).
    Removing ht32f1653_54_rtc.o(i.RTC_WakeupConfig), (24 bytes).
    Removing ht32f1653_54_sci.o(.rev16_text), (4 bytes).
    Removing ht32f1653_54_sci.o(.revsh_text), (4 bytes).
    Removing ht32f1653_54_sci.o(.rrx_text), (6 bytes).
    Removing ht32f1653_54_sci.o(i.SCI_ClearFlag), (30 bytes).
    Removing ht32f1653_54_sci.o(i.SCI_ClockModeConfig), (20 bytes).
    Removing ht32f1653_54_sci.o(i.SCI_Cmd), (20 bytes).
    Removing ht32f1653_54_sci.o(i.SCI_DeInit), (14 bytes).
    Removing ht32f1653_54_sci.o(i.SCI_ETUConfig), (6 bytes).
    Removing ht32f1653_54_sci.o(i.SCI_GetFlagStatus), (14 bytes).
    Removing ht32f1653_54_sci.o(i.SCI_Init), (32 bytes).
    Removing ht32f1653_54_sci.o(i.SCI_IntConfig), (16 bytes).
    Removing ht32f1653_54_sci.o(i.SCI_OutputDIO), (20 bytes).
    Removing ht32f1653_54_sci.o(i.SCI_PDMACmd), (16 bytes).
    Removing ht32f1653_54_sci.o(i.SCI_ReceiveData), (6 bytes).
    Removing ht32f1653_54_sci.o(i.SCI_SendData), (4 bytes).
    Removing ht32f1653_54_sci.o(i.SCI_SetGuardTimeValue), (4 bytes).
    Removing ht32f1653_54_sci.o(i.SCI_SetWaitingTimeValue), (4 bytes).
    Removing ht32f1653_54_sci.o(i.SCI_SoftwareClockCmd), (20 bytes).
    Removing ht32f1653_54_sci.o(i.SCI_StructInit), (14 bytes).
    Removing ht32f1653_54_sci.o(i.SCI_WaitingTimeCounterCmd), (20 bytes).
    Removing ht32f1653_54_spi.o(.rev16_text), (4 bytes).
    Removing ht32f1653_54_spi.o(.revsh_text), (4 bytes).
    Removing ht32f1653_54_spi.o(.rrx_text), (6 bytes).
    Removing ht32f1653_54_spi.o(i.SPI_ClearFlag), (4 bytes).
    Removing ht32f1653_54_spi.o(i.SPI_DUALCmd), (20 bytes).
    Removing ht32f1653_54_spi.o(i.SPI_DeInit), (24 bytes).
    Removing ht32f1653_54_spi.o(i.SPI_FIFOCmd), (20 bytes).
    Removing ht32f1653_54_spi.o(i.SPI_FIFOTriggerLevelConfig), (30 bytes).
    Removing ht32f1653_54_spi.o(i.SPI_GUADTCmd), (20 bytes).
    Removing ht32f1653_54_spi.o(i.SPI_GUADTSPI_GUADTConfig), (16 bytes).
    Removing ht32f1653_54_spi.o(i.SPI_GetFlagStatus), (14 bytes).
    Removing ht32f1653_54_spi.o(i.SPI_IntConfig), (16 bytes).
    Removing ht32f1653_54_spi.o(i.SPI_PDMACmd), (16 bytes).
    Removing ht32f1653_54_spi.o(i.SPI_SELHTConfig), (10 bytes).
    Removing ht32f1653_54_spi.o(i.SPI_SELModeConfig), (20 bytes).
    Removing ht32f1653_54_spi.o(i.SPI_SetDataLength), (16 bytes).
    Removing ht32f1653_54_spi.o(i.SPI_SetTimeOutValue), (4 bytes).
    Removing ht32f1653_54_spi.o(i.SPI_SoftwareSELCmd), (20 bytes).
    Removing ht32f1653_54_spi.o(i.SPI_StructInit), (28 bytes).
    Removing ht32f1653_54_usart.o(.rev16_text), (4 bytes).
    Removing ht32f1653_54_usart.o(.revsh_text), (4 bytes).
    Removing ht32f1653_54_usart.o(.rrx_text), (6 bytes).
    Removing ht32f1653_54_usart.o(i.USART_DeInit), (60 bytes).
    Removing ht32f1653_54_usart.o(i.USART_FIFOReset), (8 bytes).
    Removing ht32f1653_54_usart.o(i.USART_ForceBreakCmd), (20 bytes).
    Removing ht32f1653_54_usart.o(i.USART_ForceModemPinState), (20 bytes).
    Removing ht32f1653_54_usart.o(i.USART_GetFIFOStatus), (18 bytes).
    Removing ht32f1653_54_usart.o(i.USART_GetIntID), (6 bytes).
    Removing ht32f1653_54_usart.o(i.USART_GetLineStatus), (10 bytes).
    Removing ht32f1653_54_usart.o(i.USART_GetModemStatus), (6 bytes).
    Removing ht32f1653_54_usart.o(i.USART_HardwareFlowControlCmd), (20 bytes).
    Removing ht32f1653_54_usart.o(i.USART_Init), (92 bytes).
    Removing ht32f1653_54_usart.o(i.USART_IntConfig), (16 bytes).
    Removing ht32f1653_54_usart.o(i.USART_IrDACmd), (20 bytes).
    Removing ht32f1653_54_usart.o(i.USART_IrDAConfig), (20 bytes).
    Removing ht32f1653_54_usart.o(i.USART_IrDADirectionConfig), (20 bytes).
    Removing ht32f1653_54_usart.o(i.USART_IrDAInvtInputCmd), (20 bytes).
    Removing ht32f1653_54_usart.o(i.USART_IrDAInvtOutputCmd), (20 bytes).
    Removing ht32f1653_54_usart.o(i.USART_RFITLConfig), (12 bytes).
    Removing ht32f1653_54_usart.o(i.USART_RS485AADCmd), (20 bytes).
    Removing ht32f1653_54_usart.o(i.USART_RS485NMMCmd), (20 bytes).
    Removing ht32f1653_54_usart.o(i.USART_RS485TxEnablePolarityConfig), (20 bytes).
    Removing ht32f1653_54_usart.o(i.USART_ReceiveData), (6 bytes).
    Removing ht32f1653_54_usart.o(i.USART_RxCmd), (20 bytes).
    Removing ht32f1653_54_usart.o(i.USART_RxPDMACmd), (20 bytes).
    Removing ht32f1653_54_usart.o(i.USART_SendData), (4 bytes).
    Removing ht32f1653_54_usart.o(i.USART_SetAddressMatchValue), (14 bytes).
    Removing ht32f1653_54_usart.o(i.USART_SetGuardTime), (14 bytes).
    Removing ht32f1653_54_usart.o(i.USART_SetIrDAPrescaler), (14 bytes).
    Removing ht32f1653_54_usart.o(i.USART_SetTimeOutValue), (12 bytes).
    Removing ht32f1653_54_usart.o(i.USART_StickParityCmd), (20 bytes).
    Removing ht32f1653_54_usart.o(i.USART_StickParityConfig), (20 bytes).
    Removing ht32f1653_54_usart.o(i.USART_StructInit), (20 bytes).
    Removing ht32f1653_54_usart.o(i.USART_SynClockInit), (26 bytes).
    Removing ht32f1653_54_usart.o(i.USART_SynClockStructInit), (12 bytes).
    Removing ht32f1653_54_usart.o(i.USART_TFITLConfig), (12 bytes).
    Removing ht32f1653_54_usart.o(i.USART_TimeOutIntConfig), (20 bytes).
    Removing ht32f1653_54_usart.o(i.USART_TxCmd), (20 bytes).
    Removing ht32f1653_54_usart.o(i.USART_TxPDMACmd), (20 bytes).
    Removing ht32f1653_54_usbd.o(.rev16_text), (4 bytes).
    Removing ht32f1653_54_usbd.o(.revsh_text), (4 bytes).
    Removing ht32f1653_54_usbd.o(.rrx_text), (6 bytes).
    Removing ht32f1653_54_usbd.o(i.USBD_DisableINT), (16 bytes).
    Removing ht32f1653_54_usbd.o(i.USBD_EPTEnableINT), (12 bytes).
    Removing ht32f1653_54_usbd.o(i.USBD_EPTWaitSTALLSent), (36 bytes).
    Removing ht32f1653_54_usbd.o(i.USBD_RemoteWakeup), (16 bytes).
    Removing ht32f1653_54_usbd.o(i.USBD_SRAMResetConditionCmd), (28 bytes).
    Removing ht32f1653_54_wdt.o(.rev16_text), (4 bytes).
    Removing ht32f1653_54_wdt.o(.revsh_text), (4 bytes).
    Removing ht32f1653_54_wdt.o(.rrx_text), (6 bytes).
    Removing ht32f1653_54_wdt.o(i.WDT_Cmd), (28 bytes).
    Removing ht32f1653_54_wdt.o(i.WDT_DeInit), (12 bytes).
    Removing ht32f1653_54_wdt.o(i.WDT_GetDeltaValue), (16 bytes).
    Removing ht32f1653_54_wdt.o(i.WDT_GetFlagStatus), (20 bytes).
    Removing ht32f1653_54_wdt.o(i.WDT_GetPrescaler), (24 bytes).
    Removing ht32f1653_54_wdt.o(i.WDT_GetReloadValue), (16 bytes).
    Removing ht32f1653_54_wdt.o(i.WDT_HaltConfig), (24 bytes).
    Removing ht32f1653_54_wdt.o(i.WDT_IntConfig), (28 bytes).
    Removing ht32f1653_54_wdt.o(i.WDT_LockCmd), (32 bytes).
    Removing ht32f1653_54_wdt.o(i.WDT_ProtectCmd), (24 bytes).
    Removing ht32f1653_54_wdt.o(i.WDT_ResetCmd), (28 bytes).
    Removing ht32f1653_54_wdt.o(i.WDT_Restart), (16 bytes).
    Removing ht32f1653_54_wdt.o(i.WDT_SetDeltaValue), (20 bytes).
    Removing ht32f1653_54_wdt.o(i.WDT_SetPrescaler), (20 bytes).
    Removing ht32f1653_54_wdt.o(i.WDT_SetReloadValue), (20 bytes).
    Removing ht32f1653_54_wdt.o(i.WDT_SourceConfig), (16 bytes).
    Removing ht32_retarget.o(.rev16_text), (4 bytes).
    Removing ht32_retarget.o(.revsh_text), (4 bytes).
    Removing ht32_retarget.o(.rrx_text), (6 bytes).
    Removing ht32_retarget.o(i.RETARGET_Configuration), (2 bytes).
    Removing ht32_retarget.o(i.__backspace), (4 bytes).
    Removing ht32_retarget.o(i._sys_exit), (2 bytes).
    Removing ht32_retarget.o(i._ttywrch), (4 bytes).
    Removing ht32_retarget.o(i.fgetc), (4 bytes).
    Removing ht32_retarget.o(i.fputc), (4 bytes).
    Removing ht32_retarget.o(.data), (4 bytes).
    Removing ht32_retarget.o(.data), (4 bytes).
    Removing ht32_serial.o(.rev16_text), (4 bytes).
    Removing ht32_serial.o(.revsh_text), (4 bytes).
    Removing ht32_serial.o(.rrx_text), (6 bytes).
    Removing ht32_serial.o(i.SERIAL_GetChar), (28 bytes).
    Removing ht32_serial.o(i.SERIAL_PutChar), (32 bytes).
    Removing ht32_board.o(.rev16_text), (4 bytes).
    Removing ht32_board.o(.revsh_text), (4 bytes).
    Removing ht32_board.o(.rrx_text), (6 bytes).
    Removing ht32_board.o(i.HT32F_DVB_BuzzerFun), (288 bytes).
    Removing ht32_board.o(i.HT32F_DVB_BuzzerOutputCmd), (16 bytes).
    Removing ht32_board.o(i.HT32F_DVB_LEDInit), (88 bytes).
    Removing ht32_board.o(i.HT32F_DVB_LEDOff), (28 bytes).
    Removing ht32_board.o(i.HT32F_DVB_LEDOn), (28 bytes).
    Removing ht32_board.o(i.HT32F_DVB_LEDToggle), (32 bytes).
    Removing ht32_board.o(i.HT32F_DVB_PBGetState), (28 bytes).
    Removing ht32_board.o(i.HT32F_DVB_PBInit), (188 bytes).
    Removing ht32_board.o(i._HT32F_DVB_ClockConfig), (54 bytes).
    Removing ht32_board.o(.constdata), (16 bytes).
    Removing ebi_lcd.o(.rev16_text), (4 bytes).
    Removing ebi_lcd.o(.revsh_text), (4 bytes).
    Removing ebi_lcd.o(.rrx_text), (6 bytes).
    Removing ebi_lcd.o(i.LCD_BackColorSet), (12 bytes).
    Removing ebi_lcd.o(i.LCD_CharDisplay), (20 bytes).
    Removing ebi_lcd.o(i.LCD_CharDraw), (96 bytes).
    Removing ebi_lcd.o(i.LCD_CircleDraw), (204 bytes).
    Removing ebi_lcd.o(i.LCD_Clear), (32 bytes).
    Removing ebi_lcd.o(i.LCD_Config), (148 bytes).
    Removing ebi_lcd.o(i.LCD_DisplayOff), (8 bytes).
    Removing ebi_lcd.o(i.LCD_DisplayOn), (8 bytes).
    Removing ebi_lcd.o(i.LCD_Init), (336 bytes).
    Removing ebi_lcd.o(i.LCD_LineDraw), (76 bytes).
    Removing ebi_lcd.o(i.LCD_PicDraw), (84 bytes).
    Removing ebi_lcd.o(i.LCD_RectDraw), (60 bytes).
    Removing ebi_lcd.o(i.LCD_SetDisplayArea), (84 bytes).
    Removing ebi_lcd.o(i.LCD_StarterSet), (46 bytes).
    Removing ebi_lcd.o(i.LCD_StringLineDisplay), (40 bytes).
    Removing ebi_lcd.o(i.LCD_TextColorSet), (12 bytes).
    Removing ebi_lcd.o(i.LCD_WriteRAM), (8 bytes).
    Removing ebi_lcd.o(i.LCD_WriteRAMPrior), (10 bytes).
    Removing ebi_lcd.o(i.LCD_WriteRAMWord), (12 bytes).
    Removing ebi_lcd.o(i.LCD_WriteReg), (10 bytes).
    Removing ebi_lcd.o(i._delay), (28 bytes).
    Removing ebi_lcd.o(.data), (4564 bytes).
    Removing i2c_eeprom.o(.rev16_text), (4 bytes).
    Removing i2c_eeprom.o(.revsh_text), (4 bytes).
    Removing i2c_eeprom.o(.rrx_text), (6 bytes).
    Removing i2c_eeprom.o(i.I2C_EEPROM_BufferRead), (160 bytes).
    Removing i2c_eeprom.o(i.I2C_EEPROM_BufferWrite), (54 bytes).
    Removing i2c_eeprom.o(i.I2C_EEPROM_Init), (76 bytes).
    Removing i2c_eeprom.o(i.I2C_EEPROM_PageWrite), (100 bytes).
    Removing i2c_eeprom.o(i._I2C_EEPROM_AckPolling), (60 bytes).
    Removing iap_system_ht32f165x.o(.rev16_text), (4 bytes).
    Removing iap_system_ht32f165x.o(.revsh_text), (4 bytes).
    Removing iap_system_ht32f165x.o(.rrx_text), (6 bytes).
    Removing iap_system_ht32f165x.o(i.SystemCoreClockUpdate), (96 bytes).
    Removing iap_system_ht32f165x.o(.data), (4 bytes).
    Removing _ht32_usbbufcheck.o(.emb_text), (8 bytes).

632 unused section(s) (total 20889 bytes) removed from the image.

==============================================================================

Image Symbol Table

    Local Symbols

    Symbol Name                              Value     Ov Type        Size  Object(Section)

    RESET                                    0x00000000   Section       32  startup_ht32f165x_iap.o(RESET)
    ../clib/microlib/init/entry.s            0x00000000   Number         0  entry9a.o ABSOLUTE
    ../clib/microlib/init/entry.s            0x00000000   Number         0  entry5.o ABSOLUTE
    ../clib/microlib/init/entry.s            0x00000000   Number         0  entry7a.o ABSOLUTE
    ../clib/microlib/init/entry.s            0x00000000   Number         0  entry7b.o ABSOLUTE
    ../clib/microlib/init/entry.s            0x00000000   Number         0  entry2.o ABSOLUTE
    ../clib/microlib/init/entry.s            0x00000000   Number         0  entry8a.o ABSOLUTE
    ../clib/microlib/init/entry.s            0x00000000   Number         0  entry11b.o ABSOLUTE
    ../clib/microlib/init/entry.s            0x00000000   Number         0  entry8b.o ABSOLUTE
    ../clib/microlib/init/entry.s            0x00000000   Number         0  entry.o ABSOLUTE
    ../clib/microlib/init/entry.s            0x00000000   Number         0  entry9b.o ABSOLUTE
    ../clib/microlib/init/entry.s            0x00000000   Number         0  entry10a.o ABSOLUTE
    ../clib/microlib/init/entry.s            0x00000000   Number         0  entry10b.o ABSOLUTE
    ../clib/microlib/init/entry.s            0x00000000   Number         0  entry11a.o ABSOLUTE
    ../clib/microlib/stubs.s                 0x00000000   Number         0  useno.o ABSOLUTE
    ..\..\library\HT32F1653_54_Driver\src\ht32_cm3_misc.c 0x00000000   Number         0  ht32_cm3_misc.o ABSOLUTE
    ..\..\library\HT32F1653_54_Driver\src\ht32_retarget.c 0x00000000   Number         0  ht32_retarget.o ABSOLUTE
    ..\..\library\HT32F1653_54_Driver\src\ht32_serial.c 0x00000000   Number         0  ht32_serial.o ABSOLUTE
    ..\..\library\HT32F1653_54_Driver\src\ht32f1653_54_adc.c 0x00000000   Number         0  ht32f1653_54_adc.o ABSOLUTE
    ..\..\library\HT32F1653_54_Driver\src\ht32f1653_54_bftm.c 0x00000000   Number         0  ht32f1653_54_bftm.o ABSOLUTE
    ..\..\library\HT32F1653_54_Driver\src\ht32f1653_54_ckcu.c 0x00000000   Number         0  ht32f1653_54_ckcu.o ABSOLUTE
    ..\..\library\HT32F1653_54_Driver\src\ht32f1653_54_cmp.c 0x00000000   Number         0  ht32f1653_54_cmp.o ABSOLUTE
    ..\..\library\HT32F1653_54_Driver\src\ht32f1653_54_crc.c 0x00000000   Number         0  ht32f1653_54_crc.o ABSOLUTE
    ..\..\library\HT32F1653_54_Driver\src\ht32f1653_54_ebi.c 0x00000000   Number         0  ht32f1653_54_ebi.o ABSOLUTE
    ..\..\library\HT32F1653_54_Driver\src\ht32f1653_54_exti.c 0x00000000   Number         0  ht32f1653_54_exti.o ABSOLUTE
    ..\..\library\HT32F1653_54_Driver\src\ht32f1653_54_flash.c 0x00000000   Number         0  ht32f1653_54_flash.o ABSOLUTE
    ..\..\library\HT32F1653_54_Driver\src\ht32f1653_54_gpio.c 0x00000000   Number         0  ht32f1653_54_gpio.o ABSOLUTE
    ..\..\library\HT32F1653_54_Driver\src\ht32f1653_54_gptm.c 0x00000000   Number         0  ht32f1653_54_gptm.o ABSOLUTE
    ..\..\library\HT32F1653_54_Driver\src\ht32f1653_54_i2c.c 0x00000000   Number         0  ht32f1653_54_i2c.o ABSOLUTE
    ..\..\library\HT32F1653_54_Driver\src\ht32f1653_54_i2s.c 0x00000000   Number         0  ht32f1653_54_i2s.o ABSOLUTE
    ..\..\library\HT32F1653_54_Driver\src\ht32f1653_54_mctm.c 0x00000000   Number         0  ht32f1653_54_mctm.o ABSOLUTE
    ..\..\library\HT32F1653_54_Driver\src\ht32f1653_54_pdma.c 0x00000000   Number         0  ht32f1653_54_pdma.o ABSOLUTE
    ..\..\library\HT32F1653_54_Driver\src\ht32f1653_54_pwrcu.c 0x00000000   Number         0  ht32f1653_54_pwrcu.o ABSOLUTE
    ..\..\library\HT32F1653_54_Driver\src\ht32f1653_54_rstcu.c 0x00000000   Number         0  ht32f1653_54_rstcu.o ABSOLUTE
    ..\..\library\HT32F1653_54_Driver\src\ht32f1653_54_rtc.c 0x00000000   Number         0  ht32f1653_54_rtc.o ABSOLUTE
    ..\..\library\HT32F1653_54_Driver\src\ht32f1653_54_sci.c 0x00000000   Number         0  ht32f1653_54_sci.o ABSOLUTE
    ..\..\library\HT32F1653_54_Driver\src\ht32f1653_54_spi.c 0x00000000   Number         0  ht32f1653_54_spi.o ABSOLUTE
    ..\..\library\HT32F1653_54_Driver\src\ht32f1653_54_usart.c 0x00000000   Number         0  ht32f1653_54_usart.o ABSOLUTE
    ..\..\library\HT32F1653_54_Driver\src\ht32f1653_54_usbd.c 0x00000000   Number         0  ht32f1653_54_usbd.o ABSOLUTE
    ..\..\library\HT32F1653_54_Driver\src\ht32f1653_54_wdt.c 0x00000000   Number         0  ht32f1653_54_wdt.o ABSOLUTE
    ..\..\library\HT32_USBD_Library\src\ht32_usbd_core.c 0x00000000   Number         0  ht32_usbd_core.o ABSOLUTE
    ..\..\utilities\common\ebi_lcd.c         0x00000000   Number         0  ebi_lcd.o ABSOLUTE
    ..\..\utilities\common\i2c_eeprom.c      0x00000000   Number         0  i2c_eeprom.o ABSOLUTE
    ..\..\utilities\ht32_board.c             0x00000000   Number         0  ht32_board.o ABSOLUTE
    ..\Board\spi_flash_mx25l12835f.c         0x00000000   Number         0  spi_flash_mx25l12835f.o ABSOLUTE
    ..\Src_IAP\iap_buffer.c                  0x00000000   Number         0  iap_buffer.o ABSOLUTE
    ..\Src_IAP\iap_crc16.c                   0x00000000   Number         0  iap_crc16.o ABSOLUTE
    ..\Src_IAP\iap_handler.c                 0x00000000   Number         0  iap_handler.o ABSOLUTE
    ..\Src_IAP\iap_ht32_usbd_class.c         0x00000000   Number         0  iap_ht32_usbd_class.o ABSOLUTE
    ..\Src_IAP\iap_ht32_usbd_descriptor.c    0x00000000   Number         0  iap_ht32_usbd_descriptor.o ABSOLUTE
    ..\Src_IAP\iap_ht32f165x_it.c            0x00000000   Number         0  iap_ht32f165x_it.o ABSOLUTE
    ..\Src_IAP\iap_main.c                    0x00000000   Number         0  iap_main.o ABSOLUTE
    ..\Src_IAP\iap_system_ht32f165x.c        0x00000000   Number         0  iap_system_ht32f165x.o ABSOLUTE
    ..\\..\\library\\HT32F1653_54_Driver\\src\\ht32_cm3_misc.c 0x00000000   Number         0  ht32_cm3_misc.o ABSOLUTE
    ..\\..\\library\\HT32F1653_54_Driver\\src\\ht32_retarget.c 0x00000000   Number         0  ht32_retarget.o ABSOLUTE
    ..\\..\\library\\HT32F1653_54_Driver\\src\\ht32_serial.c 0x00000000   Number         0  ht32_serial.o ABSOLUTE
    ..\\..\\library\\HT32F1653_54_Driver\\src\\ht32f1653_54_adc.c 0x00000000   Number         0  ht32f1653_54_adc.o ABSOLUTE
    ..\\..\\library\\HT32F1653_54_Driver\\src\\ht32f1653_54_bftm.c 0x00000000   Number         0  ht32f1653_54_bftm.o ABSOLUTE
    ..\\..\\library\\HT32F1653_54_Driver\\src\\ht32f1653_54_ckcu.c 0x00000000   Number         0  ht32f1653_54_ckcu.o ABSOLUTE
    ..\\..\\library\\HT32F1653_54_Driver\\src\\ht32f1653_54_cmp.c 0x00000000   Number         0  ht32f1653_54_cmp.o ABSOLUTE
    ..\\..\\library\\HT32F1653_54_Driver\\src\\ht32f1653_54_crc.c 0x00000000   Number         0  ht32f1653_54_crc.o ABSOLUTE
    ..\\..\\library\\HT32F1653_54_Driver\\src\\ht32f1653_54_ebi.c 0x00000000   Number         0  ht32f1653_54_ebi.o ABSOLUTE
    ..\\..\\library\\HT32F1653_54_Driver\\src\\ht32f1653_54_exti.c 0x00000000   Number         0  ht32f1653_54_exti.o ABSOLUTE
    ..\\..\\library\\HT32F1653_54_Driver\\src\\ht32f1653_54_flash.c 0x00000000   Number         0  ht32f1653_54_flash.o ABSOLUTE
    ..\\..\\library\\HT32F1653_54_Driver\\src\\ht32f1653_54_gpio.c 0x00000000   Number         0  ht32f1653_54_gpio.o ABSOLUTE
    ..\\..\\library\\HT32F1653_54_Driver\\src\\ht32f1653_54_gptm.c 0x00000000   Number         0  ht32f1653_54_gptm.o ABSOLUTE
    ..\\..\\library\\HT32F1653_54_Driver\\src\\ht32f1653_54_i2c.c 0x00000000   Number         0  ht32f1653_54_i2c.o ABSOLUTE
    ..\\..\\library\\HT32F1653_54_Driver\\src\\ht32f1653_54_i2s.c 0x00000000   Number         0  ht32f1653_54_i2s.o ABSOLUTE
    ..\\..\\library\\HT32F1653_54_Driver\\src\\ht32f1653_54_mctm.c 0x00000000   Number         0  ht32f1653_54_mctm.o ABSOLUTE
    ..\\..\\library\\HT32F1653_54_Driver\\src\\ht32f1653_54_pdma.c 0x00000000   Number         0  ht32f1653_54_pdma.o ABSOLUTE
    ..\\..\\library\\HT32F1653_54_Driver\\src\\ht32f1653_54_pwrcu.c 0x00000000   Number         0  ht32f1653_54_pwrcu.o ABSOLUTE
    ..\\..\\library\\HT32F1653_54_Driver\\src\\ht32f1653_54_rstcu.c 0x00000000   Number         0  ht32f1653_54_rstcu.o ABSOLUTE
    ..\\..\\library\\HT32F1653_54_Driver\\src\\ht32f1653_54_rtc.c 0x00000000   Number         0  ht32f1653_54_rtc.o ABSOLUTE
    ..\\..\\library\\HT32F1653_54_Driver\\src\\ht32f1653_54_sci.c 0x00000000   Number         0  ht32f1653_54_sci.o ABSOLUTE
    ..\\..\\library\\HT32F1653_54_Driver\\src\\ht32f1653_54_spi.c 0x00000000   Number         0  ht32f1653_54_spi.o ABSOLUTE
    ..\\..\\library\\HT32F1653_54_Driver\\src\\ht32f1653_54_usart.c 0x00000000   Number         0  ht32f1653_54_usart.o ABSOLUTE
    ..\\..\\library\\HT32F1653_54_Driver\\src\\ht32f1653_54_usbd.c 0x00000000   Number         0  ht32f1653_54_usbd.o ABSOLUTE
    ..\\..\\library\\HT32F1653_54_Driver\\src\\ht32f1653_54_wdt.c 0x00000000   Number         0  ht32f1653_54_wdt.o ABSOLUTE
    ..\\..\\library\\HT32_USBD_Library\\src\\ht32_usbd_core.c 0x00000000   Number         0  ht32_usbd_core.o ABSOLUTE
    ..\\..\\utilities\\common\\ebi_lcd.c     0x00000000   Number         0  ebi_lcd.o ABSOLUTE
    ..\\..\\utilities\\common\\i2c_eeprom.c  0x00000000   Number         0  i2c_eeprom.o ABSOLUTE
    ..\\..\\utilities\\ht32_board.c          0x00000000   Number         0  ht32_board.o ABSOLUTE
    ..\\Board\\spi_flash_mx25l12835f.c       0x00000000   Number         0  spi_flash_mx25l12835f.o ABSOLUTE
    ..\\Src_IAP\\iap_buffer.c                0x00000000   Number         0  iap_buffer.o ABSOLUTE
    ..\\Src_IAP\\iap_crc16.c                 0x00000000   Number         0  iap_crc16.o ABSOLUTE
    ..\\Src_IAP\\iap_handler.c               0x00000000   Number         0  iap_handler.o ABSOLUTE
    ..\\Src_IAP\\iap_ht32_usbd_class.c       0x00000000   Number         0  iap_ht32_usbd_class.o ABSOLUTE
    ..\\Src_IAP\\iap_ht32_usbd_descriptor.c  0x00000000   Number         0  iap_ht32_usbd_descriptor.o ABSOLUTE
    ..\\Src_IAP\\iap_ht32f165x_it.c          0x00000000   Number         0  iap_ht32f165x_it.o ABSOLUTE
    ..\\Src_IAP\\iap_main.c                  0x00000000   Number         0  iap_main.o ABSOLUTE
    ..\\Src_IAP\\iap_system_ht32f165x.c      0x00000000   Number         0  iap_system_ht32f165x.o ABSOLUTE
    ..\\_HT32_USBBufCheck.c                  0x00000000   Number         0  _ht32_usbbufcheck.o ABSOLUTE
    ..\_HT32_USBBufCheck.c                   0x00000000   Number         0  _ht32_usbbufcheck.o ABSOLUTE
    dc.s                                     0x00000000   Number         0  dc.o ABSOLUTE
    handlers.s                               0x00000000   Number         0  handlers.o ABSOLUTE
    init.s                                   0x00000000   Number         0  init.o ABSOLUTE
    startup_ht32f165x_iap.s                  0x00000000   Number         0  startup_ht32f165x_iap.o ABSOLUTE
    .ARM.Collect$$$$00000000                 0x00000020   Section        0  entry.o(.ARM.Collect$$$$00000000)
    .ARM.Collect$$$$00000001                 0x00000020   Section        4  entry2.o(.ARM.Collect$$$$00000001)
    .ARM.Collect$$$$00000004                 0x00000024   Section        4  entry5.o(.ARM.Collect$$$$00000004)
    .ARM.Collect$$$$00000008                 0x00000028   Section        0  entry7b.o(.ARM.Collect$$$$00000008)
    .ARM.Collect$$$$0000000A                 0x00000028   Section        0  entry8b.o(.ARM.Collect$$$$0000000A)
    .ARM.Collect$$$$0000000B                 0x00000028   Section        8  entry9a.o(.ARM.Collect$$$$0000000B)
    .ARM.Collect$$$$0000000D                 0x00000030   Section        0  entry10a.o(.ARM.Collect$$$$0000000D)
    .ARM.Collect$$$$0000000F                 0x00000030   Section        0  entry11a.o(.ARM.Collect$$$$0000000F)
    .ARM.Collect$$$$00002712                 0x00000030   Section        4  entry2.o(.ARM.Collect$$$$00002712)
    __lit__00000000                          0x00000030   Data           4  entry2.o(.ARM.Collect$$$$00002712)
    .emb_text                                0x00000034   Section        8  iap_handler.o(.emb_text)
    .ARM.__AT_0x0000003C                     0x0000003c   Section        4  startup_ht32f165x_iap.o(.ARM.__AT_0x0000003C)
    .text                                    0x00000040   Section       36  init.o(.text)
    i.AFIO_GPxConfig                         0x00000064   Section        0  ht32f1653_54_gpio.o(i.AFIO_GPxConfig)
    i.Buffer_Discard                         0x000000c8   Section        0  iap_buffer.o(i.Buffer_Discard)
    i.Buffer_Init                            0x000000d0   Section        0  iap_buffer.o(i.Buffer_Init)
    i.GPIO_ClearOutBits                      0x000000dc   Section        0  ht32f1653_54_gpio.o(i.GPIO_ClearOutBits)
    i.GPIO_SetOutBits                        0x000000e0   Section        0  ht32f1653_54_gpio.o(i.GPIO_SetOutBits)
    .ARM.__AT_0x000000E4                     0x000000e4   Section       16  startup_ht32f165x_iap.o(.ARM.__AT_0x000000E4)
    i.Buffer_isEmpty                         0x000000f4   Section        0  iap_buffer.o(i.Buffer_isEmpty)
    i.FLASH_ErasePage                        0x00000104   Section        0  ht32f1653_54_flash.o(i.FLASH_ErasePage)
    .ARM.__AT_0x00000114                     0x00000114   Section       32  startup_ht32f165x_iap.o(.ARM.__AT_0x00000114)
    i.Buffer_ReadByte                        0x00000134   Section        0  iap_buffer.o(i.Buffer_ReadByte)
    i.Buffer_WriteByte                       0x0000015c   Section        0  iap_buffer.o(i.Buffer_WriteByte)
    i.CKCU_Configuration                     0x0000018e   Section        0  iap_main.o(i.CKCU_Configuration)
    i.CKCU_PeripClockConfig                  0x000001a8   Section        0  ht32f1653_54_ckcu.o(i.CKCU_PeripClockConfig)
    i.CKCU_SetUSBPrescaler                   0x000001cc   Section        0  ht32f1653_54_ckcu.o(i.CKCU_SetUSBPrescaler)
    i.CRC16                                  0x000001e0   Section        0  iap_crc16.o(i.CRC16)
    i.FLASH_GetSecurityStatus                0x00000224   Section        0  ht32f1653_54_flash.o(i.FLASH_GetSecurityStatus)
    i.FLASH_Operation                        0x00000230   Section        0  iap_handler.o(i.FLASH_Operation)
    i.FLASH_WaitComplete                     0x00000244   Section        0  _ht32_usbbufcheck.o(i.FLASH_WaitComplete)
    FLASH_WaitComplete                       0x00000245   Thumb Code    56  _ht32_usbbufcheck.o(i.FLASH_WaitComplete)
    i.FLASH_WaitForOperationEnd              0x00000284   Section        0  ht32f1653_54_flash.o(i.FLASH_WaitForOperationEnd)
    i.GPIO_DirectionConfig                   0x000002d0   Section        0  ht32f1653_54_gpio.o(i.GPIO_DirectionConfig)
    i.GetPrivateKey2                         0x000002e0   Section        0  _ht32_usbbufcheck.o(i.GetPrivateKey2)
    GetPrivateKey2                           0x000002e1   Thumb Code   148  _ht32_usbbufcheck.o(i.GetPrivateKey2)
    i.IAP_Handler                            0x00000380   Section        0  iap_handler.o(i.IAP_Handler)
    i.IAP_Init                               0x00000414   Section        0  iap_handler.o(i.IAP_Init)
    i.IAP_Reset                              0x00000470   Section        0  iap_handler.o(i.IAP_Reset)
    i.IAP_SPI_FLASH_BufferWrite              0x000004cc   Section        0  iap_handler.o(i.IAP_SPI_FLASH_BufferWrite)
    i.IAP_isAPValid                          0x0000051a   Section        0  iap_handler.o(i.IAP_isAPValid)
    i.IAP_isVersionValid                     0x00000542   Section        0  iap_handler.o(i.IAP_isVersionValid)
    i.ISP_Read                               0x00000568   Section        0  _ht32_usbbufcheck.o(i.ISP_Read)
    ISP_Read                                 0x00000569   Thumb Code    50  _ht32_usbbufcheck.o(i.ISP_Read)
    i.RSTCU_PeripReset                       0x000005a0   Section        0  ht32f1653_54_rstcu.o(i.RSTCU_PeripReset)
    i.SPI_Cmd                                0x000005cc   Section        0  ht32f1653_54_spi.o(i.SPI_Cmd)
    i.SPI_FLASH_BufferRead                   0x000005e0   Section        0  spi_flash_mx25l12835f.o(i.SPI_FLASH_BufferRead)
    i.SPI_FLASH_BufferWrite                  0x0000063c   Section        0  spi_flash_mx25l12835f.o(i.SPI_FLASH_BufferWrite)
    i.SPI_FLASH_Init                         0x000006fc   Section        0  spi_flash_mx25l12835f.o(i.SPI_FLASH_Init)
    i.SPI_FLASH_PageWrite                    0x000007a0   Section        0  spi_flash_mx25l12835f.o(i.SPI_FLASH_PageWrite)
    i.SPI_FLASH_SectorErase                  0x00000800   Section        0  spi_flash_mx25l12835f.o(i.SPI_FLASH_SectorErase)
    i.SPI_FLASH_SendByte                     0x00000848   Section        0  spi_flash_mx25l12835f.o(i.SPI_FLASH_SendByte)
    i.SPI_FLASH_WaitForWriteEnd              0x00000898   Section        0  spi_flash_mx25l12835f.o(i.SPI_FLASH_WaitForWriteEnd)
    i.SPI_FLASH_WriteEnable                  0x000008c8   Section        0  spi_flash_mx25l12835f.o(i.SPI_FLASH_WriteEnable)
    i.SPI_FLASH_WriteStatus                  0x000008f0   Section        0  spi_flash_mx25l12835f.o(i.SPI_FLASH_WriteStatus)
    i.SPI_GetFIFOStatus                      0x00000924   Section        0  ht32f1653_54_spi.o(i.SPI_GetFIFOStatus)
    i.SPI_Init                               0x00000938   Section        0  ht32f1653_54_spi.o(i.SPI_Init)
    i.SPI_ReceiveData                        0x00000982   Section        0  ht32f1653_54_spi.o(i.SPI_ReceiveData)
    i.SPI_SELOutputCmd                       0x00000988   Section        0  ht32f1653_54_spi.o(i.SPI_SELOutputCmd)
    i.SPI_SendData                           0x0000099c   Section        0  ht32f1653_54_spi.o(i.SPI_SendData)
    i.SYSTICK_CounterCmd                     0x000009a0   Section        0  ht32_cm3_misc.o(i.SYSTICK_CounterCmd)
    i.SysTick_Handler                        0x000009c0   Section        0  iap_ht32f165x_it.o(i.SysTick_Handler)
    i.SystemInit                             0x000009c4   Section        0  iap_system_ht32f165x.o(i.SystemInit)
    i.USBDClass_Endpoint1                    0x00000a10   Section        0  iap_ht32_usbd_class.o(i.USBDClass_Endpoint1)
    USBDClass_Endpoint1                      0x00000a11   Thumb Code    50  iap_ht32_usbd_class.o(i.USBDClass_Endpoint1)
    i.USBDClass_Init                         0x00000a48   Section        0  iap_ht32_usbd_class.o(i.USBDClass_Init)
    i.USBDClass_Request                      0x00000a64   Section        0  iap_ht32_usbd_class.o(i.USBDClass_Request)
    USBDClass_Request                        0x00000a65   Thumb Code    84  iap_ht32_usbd_class.o(i.USBDClass_Request)
    i.USBDClass_Standard_GetDescriptor       0x00000abc   Section        0  iap_ht32_usbd_class.o(i.USBDClass_Standard_GetDescriptor)
    USBDClass_Standard_GetDescriptor         0x00000abd   Thumb Code    36  iap_ht32_usbd_class.o(i.USBDClass_Standard_GetDescriptor)
    i.USBDCore_IRQHandler                    0x00000ae4   Section        0  ht32_usbd_core.o(i.USBDCore_IRQHandler)
    i.USBDCore_Init                          0x00000c92   Section        0  ht32_usbd_core.o(i.USBDCore_Init)
    i.USBDCore_MainRoutine                   0x00000ca0   Section        0  ht32_usbd_core.o(i.USBDCore_MainRoutine)
    i.USBDDesc_Init                          0x00000ce0   Section        0  iap_ht32_usbd_descriptor.o(i.USBDDesc_Init)
    i.USBD_ClearINT                          0x00000cfc   Section        0  ht32f1653_54_usbd.o(i.USBD_ClearINT)
    i.USBD_Configuration                     0x00000d08   Section        0  iap_main.o(i.USBD_Configuration)
    i.USBD_DPWakeUpCmd                       0x00000d44   Section        0  ht32f1653_54_usbd.o(i.USBD_DPWakeUpCmd)
    i.USBD_DPpullupCmd                       0x00000d60   Section        0  ht32f1653_54_usbd.o(i.USBD_DPpullupCmd)
    i.USBD_DeInit                            0x00000d7c   Section        0  ht32f1653_54_usbd.o(i.USBD_DeInit)
    i.USBD_EPTClearDTG                       0x00000d88   Section        0  ht32f1653_54_usbd.o(i.USBD_EPTClearDTG)
    i.USBD_EPTClearHalt                      0x00000d98   Section        0  ht32f1653_54_usbd.o(i.USBD_EPTClearHalt)
    i.USBD_EPTClearINT                       0x00000da8   Section        0  ht32f1653_54_usbd.o(i.USBD_EPTClearINT)
    i.USBD_EPTGetBuffer0Addr                 0x00000db4   Section        0  ht32f1653_54_usbd.o(i.USBD_EPTGetBuffer0Addr)
    i.USBD_EPTGetBuffer1Addr                 0x00000dcc   Section        0  ht32f1653_54_usbd.o(i.USBD_EPTGetBuffer1Addr)
    i.USBD_EPTGetBufferLen                   0x00000df0   Section        0  ht32f1653_54_usbd.o(i.USBD_EPTGetBufferLen)
    i.USBD_EPTGetHalt                        0x00000dfe   Section        0  ht32f1653_54_usbd.o(i.USBD_EPTGetHalt)
    i.USBD_EPTGetINT                         0x00000e18   Section        0  ht32f1653_54_usbd.o(i.USBD_EPTGetINT)
    i.USBD_EPTGetTransferCount               0x00000e26   Section        0  ht32f1653_54_usbd.o(i.USBD_EPTGetTransferCount)
    i.USBD_EPTInit                           0x00000e38   Section        0  ht32f1653_54_usbd.o(i.USBD_EPTInit)
    i.USBD_EPTReadMemory                     0x00000e5e   Section        0  ht32f1653_54_usbd.o(i.USBD_EPTReadMemory)
    i.USBD_EPTReadOUTData                    0x00000e98   Section        0  ht32f1653_54_usbd.o(i.USBD_EPTReadOUTData)
    i.USBD_EPTReset                          0x00000ec8   Section        0  ht32f1653_54_usbd.o(i.USBD_EPTReset)
    i.USBD_EPTSendSTALL                      0x00000ed8   Section        0  ht32f1653_54_usbd.o(i.USBD_EPTSendSTALL)
    i.USBD_EPTSetHalt                        0x00000ee4   Section        0  ht32f1653_54_usbd.o(i.USBD_EPTSetHalt)
    i.USBD_EPTWriteINData                    0x00000ef8   Section        0  ht32f1653_54_usbd.o(i.USBD_EPTWriteINData)
    i.USBD_EnableINT                         0x00000f40   Section        0  ht32f1653_54_usbd.o(i.USBD_EnableINT)
    i.USBD_GetEPTnINTNumber                  0x00000f50   Section        0  ht32f1653_54_usbd.o(i.USBD_GetEPTnINTNumber)
    i.USBD_GetINT                            0x00000f70   Section        0  ht32f1653_54_usbd.o(i.USBD_GetINT)
    i.USBD_Init                              0x00000f80   Section        0  ht32f1653_54_usbd.o(i.USBD_Init)
    i.USBD_PowerOff                          0x00000f84   Section        0  ht32f1653_54_usbd.o(i.USBD_PowerOff)
    i.USBD_PowerOn                           0x00000f94   Section        0  ht32f1653_54_usbd.o(i.USBD_PowerOn)
    i.USBD_PowerUp                           0x00000fa4   Section        0  ht32f1653_54_usbd.o(i.USBD_PowerUp)
    i.USBD_PreInit                           0x0000100c   Section        0  ht32f1653_54_usbd.o(i.USBD_PreInit)
    i.USBD_ReadSETUPData                     0x0000103c   Section        0  ht32f1653_54_usbd.o(i.USBD_ReadSETUPData)
    i.USBD_SetAddress                        0x0000104c   Section        0  ht32f1653_54_usbd.o(i.USBD_SetAddress)
    i.USB_IRQHandler                         0x00001060   Section        0  iap_ht32f165x_it.o(i.USB_IRQHandler)
    i.WDT_Configuration                      0x0000106c   Section        0  iap_main.o(i.WDT_Configuration)
    i._HT32_USBBufCheck                      0x00001070   Section        0  _ht32_usbbufcheck.o(i._HT32_USBBufCheck)
    i._IAP_CRC                               0x00001244   Section        0  iap_handler.o(i._IAP_CRC)
    _IAP_CRC                                 0x00001245   Thumb Code    28  iap_handler.o(i._IAP_CRC)
    i._IAP_EXT_Flash                         0x00001264   Section        0  iap_handler.o(i._IAP_EXT_Flash)
    _IAP_EXT_Flash                           0x00001265   Thumb Code   128  iap_handler.o(i._IAP_EXT_Flash)
    i._IAP_Erase                             0x000012ec   Section        0  iap_handler.o(i._IAP_Erase)
    _IAP_Erase                               0x000012ed   Thumb Code    56  iap_handler.o(i._IAP_Erase)
    i._IAP_Exit                              0x00001324   Section        0  iap_handler.o(i._IAP_Exit)
    _IAP_Exit                                0x00001325   Thumb Code     8  iap_handler.o(i._IAP_Exit)
    i._IAP_Flash                             0x0000132c   Section        0  iap_handler.o(i._IAP_Flash)
    _IAP_Flash                               0x0000132d   Thumb Code   224  iap_handler.o(i._IAP_Flash)
    i._IAP_Info                              0x00001420   Section        0  iap_handler.o(i._IAP_Info)
    _IAP_Info                                0x00001421   Thumb Code    16  iap_handler.o(i._IAP_Info)
    i._IAP_SendDataAndWaitFinish             0x00001434   Section        0  iap_handler.o(i._IAP_SendDataAndWaitFinish)
    _IAP_SendDataAndWaitFinish               0x00001435   Thumb Code    22  iap_handler.o(i._IAP_SendDataAndWaitFinish)
    i._USBDCore_ControlIN                    0x00001450   Section        0  ht32_usbd_core.o(i._USBDCore_ControlIN)
    _USBDCore_ControlIN                      0x00001451   Thumb Code    66  ht32_usbd_core.o(i._USBDCore_ControlIN)
    i._USBDCore_Standard_GetStatus           0x00001492   Section        0  ht32_usbd_core.o(i._USBDCore_Standard_GetStatus)
    _USBDCore_Standard_GetStatus             0x00001493   Thumb Code    54  ht32_usbd_core.o(i._USBDCore_Standard_GetStatus)
    i._USBDCore_Standard_Request             0x000014c8   Section        0  ht32_usbd_core.o(i._USBDCore_Standard_Request)
    _USBDCore_Standard_Request               0x000014c9   Thumb Code   284  ht32_usbd_core.o(i._USBDCore_Standard_Request)
    i._USBDCore_Standard_SetClearFeature     0x000015e4   Section        0  ht32_usbd_core.o(i._USBDCore_Standard_SetClearFeature)
    _USBDCore_Standard_SetClearFeature       0x000015e5   Thumb Code    74  ht32_usbd_core.o(i._USBDCore_Standard_SetClearFeature)
    i._USBD_CopyMemory                       0x0000162e   Section        0  ht32f1653_54_usbd.o(i._USBD_CopyMemory)
    _USBD_CopyMemory                         0x0000162f   Thumb Code    16  ht32f1653_54_usbd.o(i._USBD_CopyMemory)
    i._USBD_GetEPTnAddr                      0x00001640   Section        0  ht32f1653_54_usbd.o(i._USBD_GetEPTnAddr)
    _USBD_GetEPTnAddr                        0x00001641   Thumb Code    12  ht32f1653_54_usbd.o(i._USBD_GetEPTnAddr)
    i._User_Cmd50Example                     0x00001650   Section        0  iap_handler.o(i._User_Cmd50Example)
    _User_Cmd50Example                       0x00001651   Thumb Code    20  iap_handler.o(i._User_Cmd50Example)
    i._User_Cmd51Example                     0x00001664   Section        0  iap_handler.o(i._User_Cmd51Example)
    _User_Cmd51Example                       0x00001665   Thumb Code    58  iap_handler.o(i._User_Cmd51Example)
    i.__scatterload_copy                     0x000016a8   Section       14  handlers.o(i.__scatterload_copy)
    i.__scatterload_null                     0x000016b6   Section        2  handlers.o(i.__scatterload_null)
    i.__scatterload_zeroinit                 0x000016b8   Section       14  handlers.o(i.__scatterload_zeroinit)
    i.main                                   0x000016c8   Section        0  iap_main.o(i.main)
    .constdata                               0x00001720   Section       61  iap_ht32_usbd_descriptor.o(.constdata)
    guUSB_DeviceDesc                         0x00001720   Data          18  iap_ht32_usbd_descriptor.o(.constdata)
    guUSB_ConfnDesc                          0x00001734   Data          41  iap_ht32_usbd_descriptor.o(.constdata)
    .constdata                               0x00001760   Section        4  iap_ht32_usbd_descriptor.o(.constdata)
    guUSB_StringDescLANGID                   0x00001760   Data           4  iap_ht32_usbd_descriptor.o(.constdata)
    .constdata                               0x00001764   Section       34  iap_ht32_usbd_class.o(.constdata)
    USB_HID_ReportDesc                       0x00001764   Data          34  iap_ht32_usbd_class.o(.constdata)
    .constdata                               0x00001788   Section       32  iap_handler.o(.constdata)
    pFComHandlerTable                        0x00001788   Data          32  iap_handler.o(.constdata)
    .constdata                               0x000017a8   Section       44  ht32_board.o(.constdata)
    .data                                    0x20000000   Section        4  iap_ht32_usbd_descriptor.o(.data)
    .data                                    0x20000004   Section       12  iap_handler.o(.data)
    u32BufferIndex                           0x20000008   Data           4  iap_handler.o(.data)
    isExtFlashAccessed                       0x2000000c   Data           4  iap_handler.o(.data)
    .data                                    0x20000010   Section        1  spi_flash_mx25l12835f.o(.data)
    .data                                    0x20000014   Section        4  ht32f1653_54_usbd.o(.data)
    gIsFirstPowered                          0x20000014   Data           4  ht32f1653_54_usbd.o(.data)
    .data                                    0x20000018   Section       24  _ht32_usbbufcheck.o(.data)
    Seed                                     0x20000018   Data           4  _ht32_usbbufcheck.o(.data)
    PublicKey1                               0x2000001c   Data           4  _ht32_usbbufcheck.o(.data)
    PublicKey2                               0x20000020   Data           4  _ht32_usbbufcheck.o(.data)
    PublicKey3                               0x20000024   Data           4  _ht32_usbbufcheck.o(.data)
    sPrivateInf                              0x20000028   Data           8  _ht32_usbbufcheck.o(.data)
    .bss                                     0x20000030   Section      212  iap_main.o(.bss)
    .bss                                     0x20000104   Section     1256  iap_handler.o(.bss)
    guRxBuffer                               0x20000124   Data        1024  iap_handler.o(.bss)
    guTxBuffer                               0x20000524   Data          68  iap_handler.o(.bss)
    gu32Infotable                            0x20000568   Data          16  iap_handler.o(.bss)
    gu8CmdBuffer                             0x20000578   Data          64  iap_handler.o(.bss)
    uUserData                                0x200005b8   Data          52  iap_handler.o(.bss)
    .bss                                     0x200005ec   Section       28  _ht32_usbbufcheck.o(.bss)
    sSysRegData                              0x200005ec   Data          28  _ht32_usbbufcheck.o(.bss)
    STACK                                    0x20000608   Section     2048  startup_ht32f165x_iap.o(STACK)

    Global Symbols

    Symbol Name                              Value     Ov Type        Size  Object(Section)

    BuildAttributes$$THM_ISAv4$P$D$K$B$S$PE$A:L22UL41UL21$X:L11$S22US41US21$IEEE1$IW$USESV6$~STKCKD$USESV7$~SHL$OSPACE$EBA8$MICROLIB$REQ8$EABIv2 0x00000000   Number         0  anon$$obj.o ABSOLUTE
    __ARM_use_no_argv                        0x00000000   Number         0  iap_main.o ABSOLUTE
    __Vectors                                0x00000000   Data           4  startup_ht32f165x_iap.o(RESET)
    __use_no_errno                           0x00000000   Number         0  useno.o ABSOLUTE
    __use_no_exception_handling              0x00000000   Number         0  useno.o ABSOLUTE
    __use_no_fp                              0x00000000   Number         0  useno.o ABSOLUTE
    __use_no_heap                            0x00000000   Number         0  useno.o ABSOLUTE
    __use_no_heap_region                     0x00000000   Number         0  useno.o ABSOLUTE
    __use_no_semihosting                     0x00000000   Number         0  useno.o ABSOLUTE
    __use_no_semihosting_swi                 0x00000000   Number         0  useno.o ABSOLUTE
    __use_no_signal_handling                 0x00000000   Number         0  useno.o ABSOLUTE
    __cpp_initialize__aeabi_                  - Undefined Weak Reference
    __cxa_finalize                            - Undefined Weak Reference
    __decompress                              - Undefined Weak Reference
    _clock_init                               - Undefined Weak Reference
    _microlib_exit                            - Undefined Weak Reference
    __main                                   0x00000021   Thumb Code     0  entry.o(.ARM.Collect$$$$00000000)
    _main_stk                                0x00000021   Thumb Code     0  entry2.o(.ARM.Collect$$$$00000001)
    _main_scatterload                        0x00000025   Thumb Code     0  entry5.o(.ARM.Collect$$$$00000004)
    __main_after_scatterload                 0x00000029   Thumb Code     0  entry5.o(.ARM.Collect$$$$00000004)
    _main_clock                              0x00000029   Thumb Code     0  entry7b.o(.ARM.Collect$$$$00000008)
    _main_cpp_init                           0x00000029   Thumb Code     0  entry8b.o(.ARM.Collect$$$$0000000A)
    _main_init                               0x00000029   Thumb Code     0  entry9a.o(.ARM.Collect$$$$0000000B)
    __rt_final_cpp                           0x00000031   Thumb Code     0  entry10a.o(.ARM.Collect$$$$0000000D)
    __rt_final_exit                          0x00000031   Thumb Code     0  entry11a.o(.ARM.Collect$$$$0000000F)
    IAP_GoCMD                                0x00000035   Thumb Code     8  iap_handler.o(.emb_text)
    __scatterload                            0x00000041   Thumb Code    28  init.o(.text)
    __scatterload_rt2                        0x00000041   Thumb Code     0  init.o(.text)
    AFIO_GPxConfig                           0x00000065   Thumb Code    94  ht32f1653_54_gpio.o(i.AFIO_GPxConfig)
    Buffer_Discard                           0x000000c9   Thumb Code     8  iap_buffer.o(i.Buffer_Discard)
    Buffer_Init                              0x000000d1   Thumb Code    12  iap_buffer.o(i.Buffer_Init)
    GPIO_ClearOutBits                        0x000000dd   Thumb Code     4  ht32f1653_54_gpio.o(i.GPIO_ClearOutBits)
    GPIO_SetOutBits                          0x000000e1   Thumb Code     4  ht32f1653_54_gpio.o(i.GPIO_SetOutBits)
    Buffer_isEmpty                           0x000000f5   Thumb Code    16  iap_buffer.o(i.Buffer_isEmpty)
    FLASH_ErasePage                          0x00000105   Thumb Code    12  ht32f1653_54_flash.o(i.FLASH_ErasePage)
    Reset_Handler                            0x00000119   Thumb Code    12  startup_ht32f165x_iap.o(.ARM.__AT_0x00000114)
    HardFault_Handler                        0x00000125   Thumb Code     2  startup_ht32f165x_iap.o(.ARM.__AT_0x00000114)
    BFTM0_IRQHandler                         0x00000127   Thumb Code     0  startup_ht32f165x_iap.o(.ARM.__AT_0x00000114)
    BFTM1_IRQHandler                         0x00000127   Thumb Code     0  startup_ht32f165x_iap.o(.ARM.__AT_0x00000114)
    I2C0_IRQHandler                          0x00000127   Thumb Code     0  startup_ht32f165x_iap.o(.ARM.__AT_0x00000114)
    I2C1_IRQHandler                          0x00000127   Thumb Code     0  startup_ht32f165x_iap.o(.ARM.__AT_0x00000114)
    Buffer_ReadByte                          0x00000135   Thumb Code    40  iap_buffer.o(i.Buffer_ReadByte)
    Buffer_WriteByte                         0x0000015d   Thumb Code    50  iap_buffer.o(i.Buffer_WriteByte)
    CKCU_Configuration                       0x0000018f   Thumb Code    26  iap_main.o(i.CKCU_Configuration)
    CKCU_PeripClockConfig                    0x000001a9   Thumb Code    32  ht32f1653_54_ckcu.o(i.CKCU_PeripClockConfig)
    CKCU_SetUSBPrescaler                     0x000001cd   Thumb Code    16  ht32f1653_54_ckcu.o(i.CKCU_SetUSBPrescaler)
    CRC16                                    0x000001e1   Thumb Code    66  iap_crc16.o(i.CRC16)
    FLASH_GetSecurityStatus                  0x00000225   Thumb Code     6  ht32f1653_54_flash.o(i.FLASH_GetSecurityStatus)
    FLASH_Operation                          0x00000231   Thumb Code    14  iap_handler.o(i.FLASH_Operation)
    FLASH_WaitForOperationEnd                0x00000285   Thumb Code    68  ht32f1653_54_flash.o(i.FLASH_WaitForOperationEnd)
    GPIO_DirectionConfig                     0x000002d1   Thumb Code    16  ht32f1653_54_gpio.o(i.GPIO_DirectionConfig)
    IAP_Handler                              0x00000381   Thumb Code   130  iap_handler.o(i.IAP_Handler)
    IAP_Init                                 0x00000415   Thumb Code    78  iap_handler.o(i.IAP_Init)
    IAP_Reset                                0x00000471   Thumb Code    72  iap_handler.o(i.IAP_Reset)
    IAP_SPI_FLASH_BufferWrite                0x000004cd   Thumb Code    78  iap_handler.o(i.IAP_SPI_FLASH_BufferWrite)
    IAP_isAPValid                            0x0000051b   Thumb Code    40  iap_handler.o(i.IAP_isAPValid)
    IAP_isVersionValid                       0x00000543   Thumb Code    38  iap_handler.o(i.IAP_isVersionValid)
    RSTCU_PeripReset                         0x000005a1   Thumb Code    40  ht32f1653_54_rstcu.o(i.RSTCU_PeripReset)
    SPI_Cmd                                  0x000005cd   Thumb Code    20  ht32f1653_54_spi.o(i.SPI_Cmd)
    SPI_FLASH_BufferRead                     0x000005e1   Thumb Code    86  spi_flash_mx25l12835f.o(i.SPI_FLASH_BufferRead)
    SPI_FLASH_BufferWrite                    0x0000063d   Thumb Code   192  spi_flash_mx25l12835f.o(i.SPI_FLASH_BufferWrite)
    SPI_FLASH_Init                           0x000006fd   Thumb Code   150  spi_flash_mx25l12835f.o(i.SPI_FLASH_Init)
    SPI_FLASH_PageWrite                      0x000007a1   Thumb Code    92  spi_flash_mx25l12835f.o(i.SPI_FLASH_PageWrite)
    SPI_FLASH_SectorErase                    0x00000801   Thumb Code    66  spi_flash_mx25l12835f.o(i.SPI_FLASH_SectorErase)
    SPI_FLASH_SendByte                       0x00000849   Thumb Code    76  spi_flash_mx25l12835f.o(i.SPI_FLASH_SendByte)
    SPI_FLASH_WaitForWriteEnd                0x00000899   Thumb Code    44  spi_flash_mx25l12835f.o(i.SPI_FLASH_WaitForWriteEnd)
    SPI_FLASH_WriteEnable                    0x000008c9   Thumb Code    34  spi_flash_mx25l12835f.o(i.SPI_FLASH_WriteEnable)
    SPI_FLASH_WriteStatus                    0x000008f1   Thumb Code    46  spi_flash_mx25l12835f.o(i.SPI_FLASH_WriteStatus)
    SPI_GetFIFOStatus                        0x00000925   Thumb Code    20  ht32f1653_54_spi.o(i.SPI_GetFIFOStatus)
    SPI_Init                                 0x00000939   Thumb Code    74  ht32f1653_54_spi.o(i.SPI_Init)
    SPI_ReceiveData                          0x00000983   Thumb Code     6  ht32f1653_54_spi.o(i.SPI_ReceiveData)
    SPI_SELOutputCmd                         0x00000989   Thumb Code    20  ht32f1653_54_spi.o(i.SPI_SELOutputCmd)
    SPI_SendData                             0x0000099d   Thumb Code     4  ht32f1653_54_spi.o(i.SPI_SendData)
    SYSTICK_CounterCmd                       0x000009a1   Thumb Code    32  ht32_cm3_misc.o(i.SYSTICK_CounterCmd)
    SysTick_Handler                          0x000009c1   Thumb Code     2  iap_ht32f165x_it.o(i.SysTick_Handler)
    SystemInit                               0x000009c5   Thumb Code    64  iap_system_ht32f165x.o(i.SystemInit)
    USBDClass_Init                           0x00000a49   Thumb Code    14  iap_ht32_usbd_class.o(i.USBDClass_Init)
    USBDCore_IRQHandler                      0x00000ae5   Thumb Code   430  ht32_usbd_core.o(i.USBDCore_IRQHandler)
    USBDCore_Init                            0x00000c93   Thumb Code    14  ht32_usbd_core.o(i.USBDCore_Init)
    USBDCore_MainRoutine                     0x00000ca1   Thumb Code    64  ht32_usbd_core.o(i.USBDCore_MainRoutine)
    USBDDesc_Init                            0x00000ce1   Thumb Code    18  iap_ht32_usbd_descriptor.o(i.USBDDesc_Init)
    USBD_ClearINT                            0x00000cfd   Thumb Code     6  ht32f1653_54_usbd.o(i.USBD_ClearINT)
    USBD_Configuration                       0x00000d09   Thumb Code    52  iap_main.o(i.USBD_Configuration)
    USBD_DPWakeUpCmd                         0x00000d45   Thumb Code    22  ht32f1653_54_usbd.o(i.USBD_DPWakeUpCmd)
    USBD_DPpullupCmd                         0x00000d61   Thumb Code    22  ht32f1653_54_usbd.o(i.USBD_DPpullupCmd)
    USBD_DeInit                              0x00000d7d   Thumb Code    12  ht32f1653_54_usbd.o(i.USBD_DeInit)
    USBD_EPTClearDTG                         0x00000d89   Thumb Code    16  ht32f1653_54_usbd.o(i.USBD_EPTClearDTG)
    USBD_EPTClearHalt                        0x00000d99   Thumb Code    16  ht32f1653_54_usbd.o(i.USBD_EPTClearHalt)
    USBD_EPTClearINT                         0x00000da9   Thumb Code    12  ht32f1653_54_usbd.o(i.USBD_EPTClearINT)
    USBD_EPTGetBuffer0Addr                   0x00000db5   Thumb Code    18  ht32f1653_54_usbd.o(i.USBD_EPTGetBuffer0Addr)
    USBD_EPTGetBuffer1Addr                   0x00000dcd   Thumb Code    30  ht32f1653_54_usbd.o(i.USBD_EPTGetBuffer1Addr)
    USBD_EPTGetBufferLen                     0x00000df1   Thumb Code    14  ht32f1653_54_usbd.o(i.USBD_EPTGetBufferLen)
    USBD_EPTGetHalt                          0x00000dff   Thumb Code    26  ht32f1653_54_usbd.o(i.USBD_EPTGetHalt)
    USBD_EPTGetINT                           0x00000e19   Thumb Code    14  ht32f1653_54_usbd.o(i.USBD_EPTGetINT)
    USBD_EPTGetTransferCount                 0x00000e27   Thumb Code    18  ht32f1653_54_usbd.o(i.USBD_EPTGetTransferCount)
    USBD_EPTInit                             0x00000e39   Thumb Code    38  ht32f1653_54_usbd.o(i.USBD_EPTInit)
    USBD_EPTReadMemory                       0x00000e5f   Thumb Code    58  ht32f1653_54_usbd.o(i.USBD_EPTReadMemory)
    USBD_EPTReadOUTData                      0x00000e99   Thumb Code    48  ht32f1653_54_usbd.o(i.USBD_EPTReadOUTData)
    USBD_EPTReset                            0x00000ec9   Thumb Code    16  ht32f1653_54_usbd.o(i.USBD_EPTReset)
    USBD_EPTSendSTALL                        0x00000ed9   Thumb Code    12  ht32f1653_54_usbd.o(i.USBD_EPTSendSTALL)
    USBD_EPTSetHalt                          0x00000ee5   Thumb Code    20  ht32f1653_54_usbd.o(i.USBD_EPTSetHalt)
    USBD_EPTWriteINData                      0x00000ef9   Thumb Code    72  ht32f1653_54_usbd.o(i.USBD_EPTWriteINData)
    USBD_EnableINT                           0x00000f41   Thumb Code    10  ht32f1653_54_usbd.o(i.USBD_EnableINT)
    USBD_GetEPTnINTNumber                    0x00000f51   Thumb Code    32  ht32f1653_54_usbd.o(i.USBD_GetEPTnINTNumber)
    USBD_GetINT                              0x00000f71   Thumb Code    10  ht32f1653_54_usbd.o(i.USBD_GetINT)
    USBD_Init                                0x00000f81   Thumb Code     4  ht32f1653_54_usbd.o(i.USBD_Init)
    USBD_PowerOff                            0x00000f85   Thumb Code    12  ht32f1653_54_usbd.o(i.USBD_PowerOff)
    USBD_PowerOn                             0x00000f95   Thumb Code    12  ht32f1653_54_usbd.o(i.USBD_PowerOn)
    USBD_PowerUp                             0x00000fa5   Thumb Code    94  ht32f1653_54_usbd.o(i.USBD_PowerUp)
    USBD_PreInit                             0x0000100d   Thumb Code    34  ht32f1653_54_usbd.o(i.USBD_PreInit)
    USBD_ReadSETUPData                       0x0000103d   Thumb Code    12  ht32f1653_54_usbd.o(i.USBD_ReadSETUPData)
    USBD_SetAddress                          0x0000104d   Thumb Code    14  ht32f1653_54_usbd.o(i.USBD_SetAddress)
    USB_IRQHandler                           0x00001061   Thumb Code     6  iap_ht32f165x_it.o(i.USB_IRQHandler)
    WDT_Configuration                        0x0000106d   Thumb Code     2  iap_main.o(i.WDT_Configuration)
    _HT32_USBBufCheck                        0x00001071   Thumb Code   448  _ht32_usbbufcheck.o(i._HT32_USBBufCheck)
    __scatterload_copy                       0x000016a9   Thumb Code    14  handlers.o(i.__scatterload_copy)
    __scatterload_null                       0x000016b7   Thumb Code     2  handlers.o(i.__scatterload_null)
    __scatterload_zeroinit                   0x000016b9   Thumb Code    14  handlers.o(i.__scatterload_zeroinit)
    main                                     0x000016c9   Thumb Code    76  iap_main.o(i.main)
    LED_GPIO_ID                              0x000017a8   Data           3  ht32_board.o(.constdata)
    LED_AFIO_MODE                            0x000017ab   Data           3  ht32_board.o(.constdata)
    BUTTON_GPIO_ID                           0x000017ae   Data           3  ht32_board.o(.constdata)
    BUTTON_AFIO_MODE                         0x000017b1   Data           3  ht32_board.o(.constdata)
    BUTTON_EXTI_CH                           0x000017b4   Data           3  ht32_board.o(.constdata)
    LED_GPIO_PIN                             0x000017b8   Data           6  ht32_board.o(.constdata)
    BUTTON_GPIO_PIN                          0x000017be   Data           6  ht32_board.o(.constdata)
    GPIO_PORT                                0x000017c4   Data          16  ht32_board.o(.constdata)
    Region$$Table$$Base                      0x000017d4   Number         0  anon$$obj.o(Region$$Table)
    Region$$Table$$Limit                     0x000017f4   Number         0  anon$$obj.o(Region$$Table)
    gpStringDesc                             0x20000000   Data           4  iap_ht32_usbd_descriptor.o(.data)
    ptr                                      0x20000004   Data           4  iap_handler.o(.data)
    SPI_FLASH_IsDMA_Busy                     0x20000010   Data           1  spi_flash_mx25l12835f.o(.data)
    gUSBCore                                 0x20000030   Data         144  iap_main.o(.bss)
    gUSBDriver                               0x200000c0   Data          68  iap_main.o(.bss)
    gTx                                      0x20000104   Data          16  iap_handler.o(.bss)
    gRx                                      0x20000114   Data          16  iap_handler.o(.bss)
    __initial_sp                             0x20000e08   Data           0  startup_ht32f165x_iap.o(STACK)



==============================================================================

Memory Map of the image

  Image Entry point : 0x00000119

  Load Region LR_1 (Base: 0x00000000, Size: 0x00001824, Max: 0xffffffff, ABSOLUTE)

    Execution Region ER_RO (Base: 0x00000000, Size: 0x000017f4, Max: 0xffffffff, ABSOLUTE)

    Base Addr    Size         Type   Attr      Idx    E Section Name        Object

    0x00000000   0x00000020   Code   RO          656    RESET               startup_ht32f165x_iap.o
    0x00000020   0x00000000   Code   RO         4553  * .ARM.Collect$$$$00000000  mc_w.l(entry.o)
    0x00000020   0x00000004   Code   RO         4556    .ARM.Collect$$$$00000001  mc_w.l(entry2.o)
    0x00000024   0x00000004   Code   RO         4559    .ARM.Collect$$$$00000004  mc_w.l(entry5.o)
    0x00000028   0x00000000   Code   RO         4561    .ARM.Collect$$$$00000008  mc_w.l(entry7b.o)
    0x00000028   0x00000000   Code   RO         4563    .ARM.Collect$$$$0000000A  mc_w.l(entry8b.o)
    0x00000028   0x00000008   Code   RO         4564    .ARM.Collect$$$$0000000B  mc_w.l(entry9a.o)
    0x00000030   0x00000000   Code   RO         4566    .ARM.Collect$$$$0000000D  mc_w.l(entry10a.o)
    0x00000030   0x00000000   Code   RO         4568    .ARM.Collect$$$$0000000F  mc_w.l(entry11a.o)
    0x00000030   0x00000004   Code   RO         4557    .ARM.Collect$$$$00002712  mc_w.l(entry2.o)
    0x00000034   0x00000008   Code   RO          316    .emb_text           iap_handler.o
    0x0000003c   0x00000004   Code   RO          657    .ARM.__AT_0x0000003C  startup_ht32f165x_iap.o
    0x00000040   0x00000024   Code   RO         4570    .text               mc_w.l(init.o)
    0x00000064   0x00000064   Code   RO         1645    i.AFIO_GPxConfig    ht32f1653_54_gpio.o
    0x000000c8   0x00000008   Code   RO          438    i.Buffer_Discard    iap_buffer.o
    0x000000d0   0x0000000c   Code   RO          439    i.Buffer_Init       iap_buffer.o
    0x000000dc   0x00000004   Code   RO         1646    i.GPIO_ClearOutBits  ht32f1653_54_gpio.o
    0x000000e0   0x00000004   Code   RO         1660    i.GPIO_SetOutBits   ht32f1653_54_gpio.o
    0x000000e4   0x00000010   Code   RO          658    .ARM.__AT_0x000000E4  startup_ht32f165x_iap.o
    0x000000f4   0x00000010   Code   RO          444    i.Buffer_isEmpty    iap_buffer.o
    0x00000104   0x00000010   Code   RO         1521    i.FLASH_ErasePage   ht32f1653_54_flash.o
    0x00000114   0x00000020   Code   RO          659  * .ARM.__AT_0x00000114  startup_ht32f165x_iap.o
    0x00000134   0x00000028   Code   RO          441    i.Buffer_ReadByte   iap_buffer.o
    0x0000015c   0x00000032   Code   RO          443    i.Buffer_WriteByte  iap_buffer.o
    0x0000018e   0x0000001a   Code   RO            4    i.CKCU_Configuration  iap_main.o
    0x000001a8   0x00000024   Code   RO         1049    i.CKCU_PeripClockConfig  ht32f1653_54_ckcu.o
    0x000001cc   0x00000014   Code   RO         1054    i.CKCU_SetUSBPrescaler  ht32f1653_54_ckcu.o
    0x000001e0   0x00000042   Code   RO          504    i.CRC16             iap_crc16.o
    0x00000222   0x00000002   PAD
    0x00000224   0x0000000c   Code   RO         1526    i.FLASH_GetSecurityStatus  ht32f1653_54_flash.o
    0x00000230   0x00000014   Code   RO          317    i.FLASH_Operation   iap_handler.o
    0x00000244   0x00000040   Code   RO         4542    i.FLASH_WaitComplete  _HT32_USBBufCheck.lib(_ht32_usbbufcheck.o)
    0x00000284   0x0000004c   Code   RO         1534    i.FLASH_WaitForOperationEnd  ht32f1653_54_flash.o
    0x000002d0   0x00000010   Code   RO         1648    i.GPIO_DirectionConfig  ht32f1653_54_gpio.o
    0x000002e0   0x000000a0   Code   RO         4543    i.GetPrivateKey2    _HT32_USBBufCheck.lib(_ht32_usbbufcheck.o)
    0x00000380   0x00000094   Code   RO          318    i.IAP_Handler       iap_handler.o
    0x00000414   0x0000005c   Code   RO          319    i.IAP_Init          iap_handler.o
    0x00000470   0x0000005c   Code   RO          320    i.IAP_Reset         iap_handler.o
    0x000004cc   0x0000004e   Code   RO          321    i.IAP_SPI_FLASH_BufferWrite  iap_handler.o
    0x0000051a   0x00000028   Code   RO          322    i.IAP_isAPValid     iap_handler.o
    0x00000542   0x00000026   Code   RO          323    i.IAP_isVersionValid  iap_handler.o
    0x00000568   0x00000038   Code   RO         4544    i.ISP_Read          _HT32_USBBufCheck.lib(_ht32_usbbufcheck.o)
    0x000005a0   0x0000002c   Code   RO         3104    i.RSTCU_PeripReset  ht32f1653_54_rstcu.o
    0x000005cc   0x00000014   Code   RO         3396    i.SPI_Cmd           ht32f1653_54_spi.o
    0x000005e0   0x0000005c   Code   RO          529    i.SPI_FLASH_BufferRead  spi_flash_mx25l12835f.o
    0x0000063c   0x000000c0   Code   RO          530    i.SPI_FLASH_BufferWrite  spi_flash_mx25l12835f.o
    0x000006fc   0x000000a4   Code   RO          534    i.SPI_FLASH_Init    spi_flash_mx25l12835f.o
    0x000007a0   0x00000060   Code   RO          535    i.SPI_FLASH_PageWrite  spi_flash_mx25l12835f.o
    0x00000800   0x00000048   Code   RO          538    i.SPI_FLASH_SectorErase  spi_flash_mx25l12835f.o
    0x00000848   0x00000050   Code   RO          539    i.SPI_FLASH_SendByte  spi_flash_mx25l12835f.o
    0x00000898   0x00000030   Code   RO          541    i.SPI_FLASH_WaitForWriteEnd  spi_flash_mx25l12835f.o
    0x000008c8   0x00000028   Code   RO          543    i.SPI_FLASH_WriteEnable  spi_flash_mx25l12835f.o
    0x000008f0   0x00000034   Code   RO          544    i.SPI_FLASH_WriteStatus  spi_flash_mx25l12835f.o
    0x00000924   0x00000014   Code   RO         3403    i.SPI_GetFIFOStatus  ht32f1653_54_spi.o
    0x00000938   0x0000004a   Code   RO         3405    i.SPI_Init          ht32f1653_54_spi.o
    0x00000982   0x00000006   Code   RO         3408    i.SPI_ReceiveData   ht32f1653_54_spi.o
    0x00000988   0x00000014   Code   RO         3411    i.SPI_SELOutputCmd  ht32f1653_54_spi.o
    0x0000099c   0x00000004   Code   RO         3412    i.SPI_SendData      ht32f1653_54_spi.o
    0x000009a0   0x00000020   Code   RO          751    i.SYSTICK_CounterCmd  ht32_cm3_misc.o
    0x000009c0   0x00000002   Code   RO          204    i.SysTick_Handler   iap_ht32f165x_it.o
    0x000009c2   0x00000002   PAD
    0x000009c4   0x0000004c   Code   RO         4509    i.SystemInit        iap_system_ht32f165x.o
    0x00000a10   0x00000038   Code   RO          268    i.USBDClass_Endpoint1  iap_ht32_usbd_class.o
    0x00000a48   0x0000001c   Code   RO          269    i.USBDClass_Init    iap_ht32_usbd_class.o
    0x00000a64   0x00000058   Code   RO          270    i.USBDClass_Request  iap_ht32_usbd_class.o
    0x00000abc   0x00000028   Code   RO          271    i.USBDClass_Standard_GetDescriptor  iap_ht32_usbd_class.o
    0x00000ae4   0x000001ae   Code   RO          673    i.USBDCore_IRQHandler  ht32_usbd_core.o
    0x00000c92   0x0000000e   Code   RO          674    i.USBDCore_Init     ht32_usbd_core.o
    0x00000ca0   0x00000040   Code   RO          676    i.USBDCore_MainRoutine  ht32_usbd_core.o
    0x00000ce0   0x0000001c   Code   RO          239    i.USBDDesc_Init     iap_ht32_usbd_descriptor.o
    0x00000cfc   0x0000000c   Code   RO         3785    i.USBD_ClearINT     ht32f1653_54_usbd.o
    0x00000d08   0x0000003c   Code   RO            6    i.USBD_Configuration  iap_main.o
    0x00000d44   0x0000001c   Code   RO         3786    i.USBD_DPWakeUpCmd  ht32f1653_54_usbd.o
    0x00000d60   0x0000001c   Code   RO         3787    i.USBD_DPpullupCmd  ht32f1653_54_usbd.o
    0x00000d7c   0x0000000c   Code   RO         3788    i.USBD_DeInit       ht32f1653_54_usbd.o
    0x00000d88   0x00000010   Code   RO         3790    i.USBD_EPTClearDTG  ht32f1653_54_usbd.o
    0x00000d98   0x00000010   Code   RO         3791    i.USBD_EPTClearHalt  ht32f1653_54_usbd.o
    0x00000da8   0x0000000c   Code   RO         3792    i.USBD_EPTClearINT  ht32f1653_54_usbd.o
    0x00000db4   0x00000018   Code   RO         3794    i.USBD_EPTGetBuffer0Addr  ht32f1653_54_usbd.o
    0x00000dcc   0x00000024   Code   RO         3795    i.USBD_EPTGetBuffer1Addr  ht32f1653_54_usbd.o
    0x00000df0   0x0000000e   Code   RO         3796    i.USBD_EPTGetBufferLen  ht32f1653_54_usbd.o
    0x00000dfe   0x0000001a   Code   RO         3797    i.USBD_EPTGetHalt   ht32f1653_54_usbd.o
    0x00000e18   0x0000000e   Code   RO         3798    i.USBD_EPTGetINT    ht32f1653_54_usbd.o
    0x00000e26   0x00000012   Code   RO         3799    i.USBD_EPTGetTransferCount  ht32f1653_54_usbd.o
    0x00000e38   0x00000026   Code   RO         3800    i.USBD_EPTInit      ht32f1653_54_usbd.o
    0x00000e5e   0x0000003a   Code   RO         3801    i.USBD_EPTReadMemory  ht32f1653_54_usbd.o
    0x00000e98   0x00000030   Code   RO         3802    i.USBD_EPTReadOUTData  ht32f1653_54_usbd.o
    0x00000ec8   0x00000010   Code   RO         3803    i.USBD_EPTReset     ht32f1653_54_usbd.o
    0x00000ed8   0x0000000c   Code   RO         3804    i.USBD_EPTSendSTALL  ht32f1653_54_usbd.o
    0x00000ee4   0x00000014   Code   RO         3805    i.USBD_EPTSetHalt   ht32f1653_54_usbd.o
    0x00000ef8   0x00000048   Code   RO         3807    i.USBD_EPTWriteINData  ht32f1653_54_usbd.o
    0x00000f40   0x00000010   Code   RO         3808    i.USBD_EnableINT    ht32f1653_54_usbd.o
    0x00000f50   0x00000020   Code   RO         3809    i.USBD_GetEPTnINTNumber  ht32f1653_54_usbd.o
    0x00000f70   0x00000010   Code   RO         3810    i.USBD_GetINT       ht32f1653_54_usbd.o
    0x00000f80   0x00000004   Code   RO         3811    i.USBD_Init         ht32f1653_54_usbd.o
    0x00000f84   0x00000010   Code   RO         3812    i.USBD_PowerOff     ht32f1653_54_usbd.o
    0x00000f94   0x00000010   Code   RO         3813    i.USBD_PowerOn      ht32f1653_54_usbd.o
    0x00000fa4   0x00000068   Code   RO         3814    i.USBD_PowerUp      ht32f1653_54_usbd.o
    0x0000100c   0x00000030   Code   RO         3815    i.USBD_PreInit      ht32f1653_54_usbd.o
    0x0000103c   0x00000010   Code   RO         3816    i.USBD_ReadSETUPData  ht32f1653_54_usbd.o
    0x0000104c   0x00000014   Code   RO         3819    i.USBD_SetAddress   ht32f1653_54_usbd.o
    0x00001060   0x0000000c   Code   RO          205    i.USB_IRQHandler    iap_ht32f165x_it.o
    0x0000106c   0x00000002   Code   RO            7    i.WDT_Configuration  iap_main.o
    0x0000106e   0x00000002   PAD
    0x00001070   0x000001d4   Code   RO         4545    i._HT32_USBBufCheck  _HT32_USBBufCheck.lib(_ht32_usbbufcheck.o)
    0x00001244   0x00000020   Code   RO          324    i._IAP_CRC          iap_handler.o
    0x00001264   0x00000088   Code   RO          325    i._IAP_EXT_Flash    iap_handler.o
    0x000012ec   0x00000038   Code   RO          326    i._IAP_Erase        iap_handler.o
    0x00001324   0x00000008   Code   RO          327    i._IAP_Exit         iap_handler.o
    0x0000132c   0x000000f4   Code   RO          328    i._IAP_Flash        iap_handler.o
    0x00001420   0x00000014   Code   RO          329    i._IAP_Info         iap_handler.o
    0x00001434   0x0000001c   Code   RO          330    i._IAP_SendDataAndWaitFinish  iap_handler.o
    0x00001450   0x00000042   Code   RO          678    i._USBDCore_ControlIN  ht32_usbd_core.o
    0x00001492   0x00000036   Code   RO          679    i._USBDCore_Standard_GetStatus  ht32_usbd_core.o
    0x000014c8   0x0000011c   Code   RO          680    i._USBDCore_Standard_Request  ht32_usbd_core.o
    0x000015e4   0x0000004a   Code   RO          681    i._USBDCore_Standard_SetClearFeature  ht32_usbd_core.o
    0x0000162e   0x00000010   Code   RO         3820    i._USBD_CopyMemory  ht32f1653_54_usbd.o
    0x0000163e   0x00000002   PAD
    0x00001640   0x00000010   Code   RO         3821    i._USBD_GetEPTnAddr  ht32f1653_54_usbd.o
    0x00001650   0x00000014   Code   RO          331    i._User_Cmd50Example  iap_handler.o
    0x00001664   0x00000044   Code   RO          332    i._User_Cmd51Example  iap_handler.o
    0x000016a8   0x0000000e   Code   RO         4574    i.__scatterload_copy  mc_w.l(handlers.o)
    0x000016b6   0x00000002   Code   RO         4575    i.__scatterload_null  mc_w.l(handlers.o)
    0x000016b8   0x0000000e   Code   RO         4576    i.__scatterload_zeroinit  mc_w.l(handlers.o)
    0x000016c6   0x00000002   PAD
    0x000016c8   0x00000058   Code   RO            8    i.main              iap_main.o
    0x00001720   0x0000003d   Data   RO          240    .constdata          iap_ht32_usbd_descriptor.o
    0x0000175d   0x00000003   PAD
    0x00001760   0x00000004   Data   RO          241    .constdata          iap_ht32_usbd_descriptor.o
    0x00001764   0x00000022   Data   RO          272    .constdata          iap_ht32_usbd_class.o
    0x00001786   0x00000002   PAD
    0x00001788   0x00000020   Data   RO          335    .constdata          iap_handler.o
    0x000017a8   0x0000002c   Data   RO         4238    .constdata          ht32_board.o
    0x000017d4   0x00000020   Data   RO         4572    Region$$Table       anon$$obj.o


    Execution Region ER_RW (Base: 0x20000000, Size: 0x00000030, Max: 0xffffffff, ABSOLUTE)

    Base Addr    Size         Type   Attr      Idx    E Section Name        Object

    0x20000000   0x00000004   Data   RW          242    .data               iap_ht32_usbd_descriptor.o
    0x20000004   0x0000000c   Data   RW          338    .data               iap_handler.o
    0x20000010   0x00000001   Data   RW          545    .data               spi_flash_mx25l12835f.o
    0x20000011   0x00000003   PAD
    0x20000014   0x00000004   Data   RW         3822    .data               ht32f1653_54_usbd.o
    0x20000018   0x00000018   Data   RW         4547    .data               _HT32_USBBufCheck.lib(_ht32_usbbufcheck.o)


    Execution Region ER_ZI (Base: 0x20000030, Size: 0x00000dd8, Max: 0xffffffff, ABSOLUTE)

    Base Addr    Size         Type   Attr      Idx    E Section Name        Object

    0x20000030   0x000000d4   Zero   RW            9    .bss                iap_main.o
    0x20000104   0x000004e8   Zero   RW          333    .bss                iap_handler.o
    0x200005ec   0x0000001c   Zero   RW         4546    .bss                _HT32_USBBufCheck.lib(_ht32_usbbufcheck.o)
    0x20000608   0x00000800   Zero   RW          654    STACK               startup_ht32f165x_iap.o


==============================================================================

Image component sizes


      Code (inc. data)   RO Data    RW Data    ZI Data      Debug   Object Name

         0          0         44          0          0       6974   ht32_board.o
        32          0          0          0          0        573   ht32_cm3_misc.o
       986          0          0          0          0       6757   ht32_usbd_core.o
        56          8          0          0          0       1171   ht32f1653_54_ckcu.o
       104         18          0          0          0       1812   ht32f1653_54_flash.o
       124          6          0          0          0       2942   ht32f1653_54_gpio.o
        44          4          0          0          0        651   ht32f1653_54_rstcu.o
       144          0          0          0          0       4153   ht32f1653_54_spi.o
       840         88          0          4          0      19618   ht32f1653_54_usbd.o
       126          0          0          0          0       3045   iap_buffer.o
        66          0          0          0          0       1036   iap_crc16.o
      1128        110         32         12       1256      34503   iap_handler.o
       212         28         34          0          0       3743   iap_ht32_usbd_class.o
        28         10         65          4          0       1875   iap_ht32_usbd_descriptor.o
        14          6          0          0          0        883   iap_ht32f165x_it.o
       176         20          0          0        212      70930   iap_main.o
        76         12          0          0          0        497   iap_system_ht32f165x.o
       836         50          0          1          0       6382   spi_flash_mx25l12835f.o
        84         68          0          0       2048       1044   startup_ht32f165x_iap.o

    ----------------------------------------------------------------------
      5084        428        212         24       3516     168589   Object Totals
         0          0         32          0          0          0   (incl. Generated)
         8          0          5          3          0          0   (incl. Padding)

    ----------------------------------------------------------------------

      Code (inc. data)   RO Data    RW Data    ZI Data      Debug   Library Member Name

       748         46          0         24         28        320   _ht32_usbbufcheck.o
         0          0          0          0          0          0   entry.o
         0          0          0          0          0          0   entry10a.o
         0          0          0          0          0          0   entry11a.o
         8          4          0          0          0          0   entry2.o
         4          0          0          0          0          0   entry5.o
         0          0          0          0          0          0   entry7b.o
         0          0          0          0          0          0   entry8b.o
         8          4          0          0          0          0   entry9a.o
        30          0          0          0          0          0   handlers.o
        36          8          0          0          0         68   init.o

    ----------------------------------------------------------------------
       836         62          0         24         28        388   Library Totals
         2          0          0          0          0          0   (incl. Padding)

    ----------------------------------------------------------------------

      Code (inc. data)   RO Data    RW Data    ZI Data      Debug   Library Name

       748         46          0         24         28        320   _HT32_USBBufCheck.lib
        86         16          0          0          0         68   mc_w.l

    ----------------------------------------------------------------------
       836         62          0         24         28        388   Library Totals

    ----------------------------------------------------------------------

==============================================================================


      Code (inc. data)   RO Data    RW Data    ZI Data      Debug   

      5920        490        212         48       3544     163881   Grand Totals
      5920        490        212         48       3544     163881   ELF Image Totals
      5920        490        212         48          0          0   ROM Totals

==============================================================================

    Total RO  Size (Code + RO Data)                 6132 (   5.99kB)
    Total RW  Size (RW Data + ZI Data)              3592 (   3.51kB)
    Total ROM Size (Code + RO Data + RW Data)       6180 (   6.04kB)

==============================================================================

