ARM Linker, 5.03 [Build 76] [MDK-ARM Standard]

==============================================================================

Section Cross References

    main.o(i.CKCU_Configuration) refers to ht32f1653_54_ckcu.o(i.CKCU_PeripClockConfig) for CKCU_PeripClockConfig
    main.o(i.CKCU_Configuration) refers to ht32f1653_54_ckcu.o(i.CKCU_SetUSBPrescaler) for CKCU_SetUSBPrescaler
    main.o(i.GPIO_Configuration) refers to ht32f1653_54_gpio.o(i.AFIO_GPxConfig) for AFIO_GPxConfig
    main.o(i.GPIO_Configuration) refers to ht32f1653_54_gpio.o(i.GPIO_DirectionConfig) for GPIO_DirectionConfig
    main.o(i.GPIO_Configuration) refers to ht32f1653_54_gpio.o(i.GPIO_SetOutBits) for GPIO_SetOutBits
    main.o(i.GPIO_Configuration) refers to ht32f1653_54_gpio.o(i.GPIO_ClearOutBits) for GPIO_ClearOutBits
    main.o(i.Hint_handle) refers to oled.o(i.OLED_ShowString) for OLED_ShowString
    main.o(i.Hint_handle) refers to oled.o(i.OLED_Refresh_Gram) for OLED_Refresh_Gram
    main.o(i.Hint_handle) refers to main.o(.data) for .data
    main.o(i.Hint_handle) refers to cigarette.o(.data) for UV1
    main.o(i.IN_OUT_GPIO) refers to ht32f1653_54_gpio.o(i.AFIO_GPxConfig) for AFIO_GPxConfig
    main.o(i.IN_OUT_GPIO) refers to ht32f1653_54_gpio.o(i.GPIO_DirectionConfig) for GPIO_DirectionConfig
    main.o(i.IN_OUT_GPIO) refers to ht32f1653_54_gpio.o(i.GPIO_PullResistorConfig) for GPIO_PullResistorConfig
    main.o(i.IN_OUT_GPIO) refers to ht32f1653_54_gpio.o(i.GPIO_InputConfig) for GPIO_InputConfig
    main.o(i.NVIC_Configuration) refers to ht32_cm3_misc.o(i.NVIC_SetVectorTable) for NVIC_SetVectorTable
    main.o(i.R_Check) refers to ht32f1653_54_bftm.o(i.BFTM_EnaCmd) for BFTM_EnaCmd
    main.o(i.R_Check) refers to ht32f1653_54_gpio.o(i.GPIO_SetOutBits) for GPIO_SetOutBits
    main.o(i.R_Check) refers to ht32f1653_54_gpio.o(i.GPIO_ClearOutBits) for GPIO_ClearOutBits
    main.o(i.R_Check) refers to main.o(.data) for .data
    main.o(i.R_Check) refers to cigarette.o(.data) for ZKB_L
    main.o(i.R_Check) refers to ht32f165x_it.o(.data) for gADC_CycleEndOfConversion
    main.o(i.R_Check) refers to ht32f165x_it.o(.bss) for gADC_Result
    main.o(i.R_Check) refers to cigarette.o(.data) for UV1
    main.o(i.R_Check) refers to cigarette.o(.data) for OUT2V
    main.o(i.SCP_Handle) refers to ht32f1653_54_gpio.o(i.GPIO_ClearOutBits) for GPIO_ClearOutBits
    main.o(i.SCP_Handle) refers to ht32f1653_54_bftm.o(i.BFTM_EnaCmd) for BFTM_EnaCmd
    main.o(i.SCP_Handle) refers to ht32f1653_54_mctm.o(i.MCTM_CHMOECmd) for MCTM_CHMOECmd
    main.o(i.SCP_Handle) refers to oled.o(i.OLED_ShowString) for OLED_ShowString
    main.o(i.SCP_Handle) refers to oled.o(i.OLED_Refresh_Gram) for OLED_Refresh_Gram
    main.o(i.SCP_Handle) refers to main.o(.data) for .data
    main.o(i.SCP_Handle) refers to cigarette.o(.data) for ZKB_L
    main.o(i.SCP_Int) refers to ht32f1653_54_ckcu.o(i.CKCU_PeripClockConfig) for CKCU_PeripClockConfig
    main.o(i.SCP_Int) refers to ht32f1653_54_gpio.o(i.GPIO_InputConfig) for GPIO_InputConfig
    main.o(i.SCP_Int) refers to ht32f1653_54_gpio.o(i.AFIO_EXTISourceConfig) for AFIO_EXTISourceConfig
    main.o(i.SCP_Int) refers to ht32f1653_54_exti.o(i.EXTI_Init) for EXTI_Init
    main.o(i.SCP_Int) refers to ht32f1653_54_exti.o(i.EXTI_ClearEdgeFlag) for EXTI_ClearEdgeFlag
    main.o(i.SCP_Int) refers to ht32f1653_54_exti.o(i.EXTI_IntConfig) for EXTI_IntConfig
    main.o(i.SCP_Int) refers to main.o(i.NVIC_EnableIRQ) for NVIC_EnableIRQ
    main.o(i.SYSTICK_Configuration) refers to ht32_cm3_misc.o(i.SYSTICK_ClockSourceConfig) for SYSTICK_ClockSourceConfig
    main.o(i.SYSTICK_Configuration) refers to ht32_cm3_misc.o(i.SYSTICK_SetReloadValue) for SYSTICK_SetReloadValue
    main.o(i.SYSTICK_Configuration) refers to ht32_cm3_misc.o(i.SYSTICK_IntConfig) for SYSTICK_IntConfig
    main.o(i.SYSTICK_Configuration) refers to ht32_cm3_misc.o(i.SYSTICK_CounterCmd) for SYSTICK_CounterCmd
    main.o(i.Sleep_handle) refers to ht32f1653_54_gpio.o(i.GPIO_ReadInBit) for GPIO_ReadInBit
    main.o(i.Sleep_handle) refers to oled.o(i.OLED_Display_On) for OLED_Display_On
    main.o(i.Sleep_handle) refers to oled.o(i.OLED_Display_Off) for OLED_Display_Off
    main.o(i.Sleep_handle) refers to ht32f1653_54_gpio.o(i.GPIO_ClearOutBits) for GPIO_ClearOutBits
    main.o(i.Sleep_handle) refers to ht32f1653_54_gpio.o(i.GPIO_SetOutBits) for GPIO_SetOutBits
    main.o(i.Sleep_handle) refers to main.o(.data) for .data
    main.o(i.Sleep_handle) refers to main.o(.bss) for .bss
    main.o(i.Sleep_handle) refers to cigarette.o(.data) for Uout
    main.o(i.USBD_Configuration) refers to ht32_usbd_descriptor.o(i.USBDDesc_Init) for USBDDesc_Init
    main.o(i.USBD_Configuration) refers to ht32_usbd_class.o(i.USBDClass_Init) for USBDClass_Init
    main.o(i.USBD_Configuration) refers to ht32_usbd_core.o(i.USBDCore_Init) for USBDCore_Init
    main.o(i.USBD_Configuration) refers to main.o(i.NVIC_EnableIRQ) for NVIC_EnableIRQ
[...]
    ..\Src_AP\IAP\ht32_usbd_class.c          0x00000000   Number         0  ht32_usbd_class.o ABSOLUTE
    ..\Src_AP\IAP\ht32_usbd_descriptor.c     0x00000000   Number         0  ht32_usbd_descriptor.o ABSOLUTE
    ..\Src_AP\ht32f165x_it.c                 0x00000000   Number         0  ht32f165x_it.o ABSOLUTE
    ..\Src_AP\main.c                         0x00000000   Number         0  main.o ABSOLUTE
    ..\Src_AP\system_ht32f165x.c             0x00000000   Number         0  system_ht32f165x.o ABSOLUTE
    ..\\..\\library\\HT32F1653_54_Driver\\src\\ht32_cm3_misc.c 0x00000000   Number         0  ht32_cm3_misc.o ABSOLUTE
    ..\\..\\library\\HT32F1653_54_Driver\\src\\ht32_retarget.c 0x00000000   Number         0  ht32_retarget.o ABSOLUTE
    ..\\..\\library\\HT32F1653_54_Driver\\src\\ht32_serial.c 0x00000000   Number         0  ht32_serial.o ABSOLUTE
    ..\\..\\library\\HT32F1653_54_Driver\\src\\ht32f1653_54_adc.c 0x00000000   Number         0  ht32f1653_54_adc.o ABSOLUTE
    ..\\..\\library\\HT32F1653_54_Driver\\src\\ht32f1653_54_bftm.c 0x00000000   Number         0  ht32f1653_54_bftm.o ABSOLUTE
    ..\\..\\library\\HT32F1653_54_Driver\\src\\ht32f1653_54_ckcu.c 0x00000000   Number         0  ht32f1653_54_ckcu.o ABSOLUTE
    ..\\..\\library\\HT32F1653_54_Driver\\src\\ht32f1653_54_cmp.c 0x00000000   Number         0  ht32f1653_54_cmp.o ABSOLUTE
    ..\\..\\library\\HT32F1653_54_Driver\\src\\ht32f1653_54_crc.c 0x00000000   Number         0  ht32f1653_54_crc.o ABSOLUTE
    ..\\..\\library\\HT32F1653_54_Driver\\src\\ht32f1653_54_ebi.c 0x00000000   Number         0  ht32f1653_54_ebi.o ABSOLUTE
    ..\\..\\library\\HT32F1653_54_Driver\\src\\ht32f1653_54_exti.c 0x00000000   Number         0  ht32f1653_54_exti.o ABSOLUTE
    ..\\..\\library\\HT32F1653_54_Driver\\src\\ht32f1653_54_flash.c 0x00000000   Number         0  ht32f1653_54_flash.o ABSOLUTE
    ..\\..\\library\\HT32F1653_54_Driver\\src\\ht32f1653_54_gpio.c 0x00000000   Number         0  ht32f1653_54_gpio.o ABSOLUTE
    ..\\..\\library\\HT32F1653_54_Driver\\src\\ht32f1653_54_gptm.c 0x00000000   Number         0  ht32f1653_54_gptm.o ABSOLUTE
    ..\\..\\library\\HT32F1653_54_Driver\\src\\ht32f1653_54_i2c.c 0x00000000   Number         0  ht32f1653_54_i2c.o ABSOLUTE
    ..\\..\\library\\HT32F1653_54_Driver\\src\\ht32f1653_54_i2s.c 0x00000000   Number         0  ht32f1653_54_i2s.o ABSOLUTE
    ..\\..\\library\\HT32F1653_54_Driver\\src\\ht32f1653_54_mctm.c 0x00000000   Number         0  ht32f1653_54_mctm.o ABSOLUTE
    ..\\..\\library\\HT32F1653_54_Driver\\src\\ht32f1653_54_pdma.c 0x00000000   Number         0  ht32f1653_54_pdma.o ABSOLUTE
    ..\\..\\library\\HT32F1653_54_Driver\\src\\ht32f1653_54_pwrcu.c 0x00000000   Number         0  ht32f1653_54_pwrcu.o ABSOLUTE
    ..\\..\\library\\HT32F1653_54_Driver\\src\\ht32f1653_54_rstcu.c 0x00000000   Number         0  ht32f1653_54_rstcu.o ABSOLUTE
    ..\\..\\library\\HT32F1653_54_Driver\\src\\ht32f1653_54_rtc.c 0x00000000   Number         0  ht32f1653_54_rtc.o ABSOLUTE
    ..\\..\\library\\HT32F1653_54_Driver\\src\\ht32f1653_54_sci.c 0x00000000   Number         0  ht32f1653_54_sci.o ABSOLUTE
    ..\\..\\library\\HT32F1653_54_Driver\\src\\ht32f1653_54_spi.c 0x00000000   Number         0  ht32f1653_54_spi.o ABSOLUTE
    ..\\..\\library\\HT32F1653_54_Driver\\src\\ht32f1653_54_usart.c 0x00000000   Number         0  ht32f1653_54_usart.o ABSOLUTE
    ..\\..\\library\\HT32F1653_54_Driver\\src\\ht32f1653_54_usbd.c 0x00000000   Number         0  ht32f1653_54_usbd.o ABSOLUTE
    ..\\..\\library\\HT32F1653_54_Driver\\src\\ht32f1653_54_wdt.c 0x00000000   Number         0  ht32f1653_54_wdt.o ABSOLUTE
    ..\\..\\library\\HT32_USBD_Library\\src\\ht32_usbd_core.c 0x00000000   Number         0  ht32_usbd_core.o ABSOLUTE
    ..\\..\\utilities\\common\\ebi_lcd.c     0x00000000   Number         0  ebi_lcd.o ABSOLUTE
    ..\\..\\utilities\\common\\i2c_eeprom.c  0x00000000   Number         0  i2c_eeprom.o ABSOLUTE
    ..\\..\\utilities\\ht32_board.c          0x00000000   Number         0  ht32_board.o ABSOLUTE
    ..\\Board\\PID.c                         0x00000000   Number         0  pid.o ABSOLUTE
    ..\\Board\\cigarette.c                   0x00000000   Number         0  cigarette.o ABSOLUTE
    ..\\OLED\\oled.c                         0x00000000   Number         0  oled.o ABSOLUTE
    ..\\OLED\\oled_display.c                 0x00000000   Number         0  oled_display.o ABSOLUTE
    ..\\Src_AP\\IAP\\ap_buffer.c             0x00000000   Number         0  ap_buffer.o ABSOLUTE
    ..\\Src_AP\\IAP\\ap_crc16.c              0x00000000   Number         0  ap_crc16.o ABSOLUTE
    ..\\Src_AP\\IAP\\ap_handler.c            0x00000000   Number         0  ap_handler.o ABSOLUTE
    ..\\Src_AP\\IAP\\ht32_usbd_class.c       0x00000000   Number         0  ht32_usbd_class.o ABSOLUTE
    ..\\Src_AP\\IAP\\ht32_usbd_descriptor.c  0x00000000   Number         0  ht32_usbd_descriptor.o ABSOLUTE
    ..\\Src_AP\\ht32f165x_it.c               0x00000000   Number         0  ht32f165x_it.o ABSOLUTE
    ..\\Src_AP\\main.c                       0x00000000   Number         0  main.o ABSOLUTE
    ..\\Src_AP\\system_ht32f165x.c           0x00000000   Number         0  system_ht32f165x.o ABSOLUTE
    cdcmple.s                                0x00000000   Number         0  cdcmple.o ABSOLUTE
    dc.s                                     0x00000000   Number         0  dc.o ABSOLUTE
    handlers.s                               0x00000000   Number         0  handlers.o ABSOLUTE
    ht32_op.s                                0x00000000   Number         0  ht32_op.o ABSOLUTE
    iap.s                                    0x00000000   Number         0  iap.o ABSOLUTE
    init.s                                   0x00000000   Number         0  init.o ABSOLUTE
    startup_ht32f165x.s                      0x00000000   Number         0  startup_ht32f165x.o ABSOLUTE
    version.s                                0x00000000   Number         0  version.o ABSOLUTE
    VER                                      0x00002800   Section       17  version.o(VER)
    RESET                                    0x00002c00   Section      376  startup_ht32f165x.o(RESET)
    .ARM.Collect$$$$00000000                 0x00002d78   Section        0  entry.o(.ARM.Collect$$$$00000000)
    .ARM.Collect$$$$00000001                 0x00002d78   Section        4  entry2.o(.ARM.Collect$$$$00000001)
    .ARM.Collect$$$$00000004                 0x00002d7c   Section        4  entry5.o(.ARM.Collect$$$$00000004)
    .ARM.Collect$$$$00000008                 0x00002d80   Section        0  entry7b.o(.ARM.Collect$$$$00000008)
    .ARM.Collect$$$$0000000A                 0x00002d80   Section        0  entry8b.o(.ARM.Collect$$$$0000000A)
    .ARM.Collect$$$$0000000B                 0x00002d80   Section        8  entry9a.o(.ARM.Collect$$$$0000000B)
    .ARM.Collect$$$$0000000D                 0x00002d88   Section        0  entry10a.o(.ARM.Collect$$$$0000000D)
    .ARM.Collect$$$$0000000F                 0x00002d88   Section        0  entry11a.o(.ARM.Collect$$$$0000000F)
    .ARM.Collect$$$$00002712                 0x00002d88   Section        4  entry2.o(.ARM.Collect$$$$00002712)
    __lit__00000000                          0x00002d88   Data           4  entry2.o(.ARM.Collect$$$$00002712)
    .text                                    0x00002d8c   Section        0  dflti.o(.text)
    .text                                    0x00002dae   Section        0  dfixui.o(.text)
    .text                                    0x00002de0   Section        0  llushr.o(.text)
    .text                                    0x00002e00   Section        0  depilogue.o(.text)
    .text                                    0x00002e00   Section        0  iusefp.o(.text)
    .text                                    0x00002ebe   Section        0  dsqrt.o(.text)
    .text                                    0x00002f60   Section       36  init.o(.text)
    .text                                    0x00002f84   Section        0  llshl.o(.text)
    i.ADC_ClearIntPendingBit                 0x00002fa2   Section        0  ht32f1653_54_adc.o(i.ADC_ClearIntPendingBit)
    i.ADC_Config                             0x00002fa8   Section        0  cigarette.o(i.ADC_Config)
    i.ADC_IRQHandler                         0x000030b0   Section        0  ht32f165x_it.o(i.ADC_IRQHandler)
    i.ADC_IntConfig                          0x000030fc   Section        0  ht32f1653_54_adc.o(i.ADC_IntConfig)
    i.ADC_RegularChannelConfig               0x00003110   Section        0  ht32f1653_54_adc.o(i.ADC_RegularChannelConfig)
    i.ADC_RegularGroupConfig                 0x00003132   Section        0  ht32f1653_54_adc.o(i.ADC_RegularGroupConfig)
    i.ADC_RegularTrigConfig                  0x00003148   Section        0  ht32f1653_54_adc.o(i.ADC_RegularTrigConfig)
    i.AFIO_EXTISourceConfig                  0x00003154   Section        0  ht32f1653_54_gpio.o(i.AFIO_EXTISourceConfig)
    i.AFIO_GPxConfig                         0x00003180   Section        0  ht32f1653_54_gpio.o(i.AFIO_GPxConfig)
    i.AP_Handler                             0x000031e4   Section        0  ap_handler.o(i.AP_Handler)
    i.AP_Init                                0x00003260   Section        0  ap_handler.o(i.AP_Init)
    i.AP_Reset                               0x00003288   Section        0  ap_handler.o(i.AP_Reset)
    i.Ajustment_menu                         0x000032cc   Section        0  oled_display.o(i.Ajustment_menu)
    i.BFTM0_IRQHandler                       0x00003834   Section        0  ht32f165x_it.o(i.BFTM0_IRQHandler)
    i.BFTM_ClearFlag                         0x00003898   Section        0  ht32f1653_54_bftm.o(i.BFTM_ClearFlag)
    i.BFTM_EnaCmd                            0x000038a6   Section        0  ht32f1653_54_bftm.o(i.BFTM_EnaCmd)
    i.BFTM_IntConfig                         0x000038ba   Section        0  ht32f1653_54_bftm.o(i.BFTM_IntConfig)
    i.BFTM_SetCompare                        0x000038ce   Section        0  ht32f1653_54_bftm.o(i.BFTM_SetCompare)
    i.BFTM_SetCounter                        0x000038d2   Section        0  ht32f1653_54_bftm.o(i.BFTM_SetCounter)
    i.Buffer_Discard                         0x000038d6   Section        0  ap_buffer.o(i.Buffer_Discard)
    i.Buffer_Init                            0x000038de   Section        0  ap_buffer.o(i.Buffer_Init)
    i.Buffer_ReadByte                        0x000038ea   Section        0  ap_buffer.o(i.Buffer_ReadByte)
    i.Buffer_WriteByte                       0x00003912   Section        0  ap_buffer.o(i.Buffer_WriteByte)
    i.Buffer_isEmpty                         0x00003944   Section        0  ap_buffer.o(i.Buffer_isEmpty)
    i.CKCU_Configuration                     0x00003954   Section        0  main.o(i.CKCU_Configuration)
    i.CKCU_PeripClockConfig                  0x00003974   Section        0  ht32f1653_54_ckcu.o(i.CKCU_PeripClockConfig)
    i.CKCU_SetADCPrescaler                   0x00003998   Section        0  ht32f1653_54_ckcu.o(i.CKCU_SetADCPrescaler)
    i.CKCU_SetUSBPrescaler                   0x000039ac   Section        0  ht32f1653_54_ckcu.o(i.CKCU_SetUSBPrescaler)
    i.CRC16                                  0x000039c0   Section        0  ap_crc16.o(i.CRC16)
    i.EXTI14_IRQHandler                      0x00003a04   Section        0  ht32f165x_it.o(i.EXTI14_IRQHandler)
    i.EXTI_ClearEdgeFlag                     0x00003a18   Section        0  ht32f1653_54_exti.o(i.EXTI_ClearEdgeFlag)
    i.EXTI_Init                              0x00003a28   Section        0  ht32f1653_54_exti.o(i.EXTI_Init)
    i.EXTI_IntConfig                         0x00003a44   Section        0  ht32f1653_54_exti.o(i.EXTI_IntConfig)
    i.GPIO_ClearOutBits                      0x00003a60   Section        0  ht32f1653_54_gpio.o(i.GPIO_ClearOutBits)
    i.GPIO_Configuration                     0x00003a64   Section        0  main.o(i.GPIO_Configuration)
    i.GPIO_DirectionConfig                   0x00003ba0   Section        0  ht32f1653_54_gpio.o(i.GPIO_DirectionConfig)
    i.GPIO_InputConfig                       0x00003bb0   Section        0  ht32f1653_54_gpio.o(i.GPIO_InputConfig)
    i.GPIO_PullResistorConfig                0x00003bc0   Section        0  ht32f1653_54_gpio.o(i.GPIO_PullResistorConfig)
    i.GPIO_ReadInBit                         0x00003be8   Section        0  ht32f1653_54_gpio.o(i.GPIO_ReadInBit)
    i.GPIO_SetOutBits                        0x00003bf2   Section        0  ht32f1653_54_gpio.o(i.GPIO_SetOutBits)
    i.GPTM_Cmd                               0x00003bf6   Section        0  ht32f1653_54_gptm.o(i.GPTM_Cmd)
    i.GPTM_OutputInit                        0x00003c0a   Section        0  ht32f1653_54_gptm.o(i.GPTM_OutputInit)
    i.GPTM_TimeBaseInit                      0x00003c62   Section        0  ht32f1653_54_gptm.o(i.GPTM_TimeBaseInit)
    i.Hint_handle                            0x00003c8c   Section        0  main.o(i.Hint_handle)
    i.IN_OUT_GPIO                            0x00003d38   Section        0  main.o(i.IN_OUT_GPIO)
    i.MCTM0UP_IRQHandler                     0x00003dc4   Section        0  ht32f165x_it.o(i.MCTM0UP_IRQHandler)
    i.MCTM_CHMOECmd                          0x00003de8   Section        0  ht32f1653_54_mctm.o(i.MCTM_CHMOECmd)
    i.MCTM_ChannelConfig                     0x00003dfc   Section        0  ht32f1653_54_mctm.o(i.MCTM_ChannelConfig)
    i.MCTM_ClearFlag                         0x00003e14   Section        0  ht32f1653_54_mctm.o(i.MCTM_ClearFlag)
    i.MCTM_Cmd                               0x00003e1e   Section        0  ht32f1653_54_mctm.o(i.MCTM_Cmd)
    i.MCTM_Config                            0x00003e34   Section        0  cigarette.o(i.MCTM_Config)
    i.MCTM_IntConfig                         0x00003f7c   Section        0  ht32f1653_54_mctm.o(i.MCTM_IntConfig)
    i.MCTM_OutputInit                        0x00003f8c   Section        0  ht32f1653_54_mctm.o(i.MCTM_OutputInit)
    i.MCTM_TimeBaseInit                      0x0000400a   Section        0  ht32f1653_54_mctm.o(i.MCTM_TimeBaseInit)
    i.NVIC_Configuration                     0x0000403a   Section        0  main.o(i.NVIC_Configuration)
    i.NVIC_EnableIRQ                         0x00004044   Section        0  main.o(i.NVIC_EnableIRQ)
    NVIC_EnableIRQ                           0x00004045   Thumb Code    24  main.o(i.NVIC_EnableIRQ)
    i.NVIC_EnableIRQ                         0x0000405c   Section        0  cigarette.o(i.NVIC_EnableIRQ)
    NVIC_EnableIRQ                           0x0000405d   Thumb Code    24  cigarette.o(i.NVIC_EnableIRQ)
    i.NVIC_SetVectorTable                    0x00004074   Section        0  ht32_cm3_misc.o(i.NVIC_SetVectorTable)
    i.OLED_Clear                             0x00004088   Section        0  oled.o(i.OLED_Clear)
    i.OLED_Display_Off                       0x000040b4   Section        0  oled.o(i.OLED_Display_Off)
    i.OLED_Display_On                        0x000040cc   Section        0  oled.o(i.OLED_Display_On)
    i.OLED_DrawPoint                         0x000040e4   Section        0  oled.o(i.OLED_DrawPoint)
    i.OLED_Fill                              0x00004120   Section        0  oled.o(i.OLED_Fill)
    i.OLED_Refresh_Gram                      0x00004158   Section        0  oled.o(i.OLED_Refresh_Gram)
    i.OLED_ShowChar                          0x00004198   Section        0  oled.o(i.OLED_ShowChar)
    i.OLED_ShowChar_big                      0x0000420c   Section        0  oled.o(i.OLED_ShowChar_big)
    i.OLED_ShowChar_select                   0x0000428c   Section        0  oled.o(i.OLED_ShowChar_select)
    i.OLED_ShowNum                           0x00004300   Section        0  oled.o(i.OLED_ShowNum)
    i.OLED_ShowNum_big                       0x00004378   Section        0  oled.o(i.OLED_ShowNum_big)
    i.OLED_ShowPic                           0x000043f8   Section        0  oled.o(i.OLED_ShowPic)
    i.OLED_ShowString                        0x00004550   Section        0  oled.o(i.OLED_ShowString)
    i.OLED_ShowString_big                    0x0000458e   Section        0  oled.o(i.OLED_ShowString_big)
    i.OLED_ShowString_select                 0x000045cc   Section        0  oled.o(i.OLED_ShowString_select)
    i.OLED_delect                            0x0000460a   Section        0  oled.o(i.OLED_delect)
    i.PID_init                               0x00004640   Section        0  pid.o(i.PID_init)
    i.PWM2_Control                           0x00004668   Section        0  cigarette.o(i.PWM2_Control)
    i.PWM_Control                            0x00004780   Section        0  cigarette.o(i.PWM_Control)
    i.RETARGET_Configuration                 0x000048ac   Section        0  ht32_retarget.o(i.RETARGET_Configuration)
    i.RSTCU_PeripReset                       0x000048b0   Section        0  ht32f1653_54_rstcu.o(i.RSTCU_PeripReset)
    i.R_Check                                0x000048dc   Section        0  main.o(i.R_Check)
    i.SCP_Handle                             0x000049d8   Section        0  main.o(i.SCP_Handle)
    i.SCP_Int                                0x00004a64   Section        0  main.o(i.SCP_Int)
    i.SYSTICK_ClockSourceConfig              0x00004abc   Section        0  ht32_cm3_misc.o(i.SYSTICK_ClockSourceConfig)
    i.SYSTICK_Configuration                  0x00004ad4   Section        0  main.o(i.SYSTICK_Configuration)
    i.SYSTICK_CounterCmd                     0x00004af8   Section        0  ht32_cm3_misc.o(i.SYSTICK_CounterCmd)
    i.SYSTICK_IntConfig                      0x00004b18   Section        0  ht32_cm3_misc.o(i.SYSTICK_IntConfig)
    i.SYSTICK_SetReloadValue                 0x00004b30   Section        0  ht32_cm3_misc.o(i.SYSTICK_SetReloadValue)
    i.Sleep_handle                           0x00004b38   Section        0  main.o(i.Sleep_handle)
    i.SysTick_Handler                        0x00004c04   Section        0  ht32f165x_it.o(i.SysTick_Handler)
    i.SystemInit                             0x00004cac   Section        0  system_ht32f165x.o(i.SystemInit)
    i.USBDClass_Endpoint1                    0x00004cf8   Section        0  ht32_usbd_class.o(i.USBDClass_Endpoint1)
    USBDClass_Endpoint1                      0x00004cf9   Thumb Code    36  ht32_usbd_class.o(i.USBDClass_Endpoint1)
    i.USBDClass_Init                         0x00004d20   Section        0  ht32_usbd_class.o(i.USBDClass_Init)
    i.USBDClass_Request                      0x00004d3c   Section        0  ht32_usbd_class.o(i.USBDClass_Request)
    USBDClass_Request                        0x00004d3d   Thumb Code    84  ht32_usbd_class.o(i.USBDClass_Request)
    i.USBDClass_Standard_GetDescriptor       0x00004d94   Section        0  ht32_usbd_class.o(i.USBDClass_Standard_GetDescriptor)
    USBDClass_Standard_GetDescriptor         0x00004d95   Thumb Code    36  ht32_usbd_class.o(i.USBDClass_Standard_GetDescriptor)
    i.USBDCore_IRQHandler                    0x00004dbc   Section        0  ht32_usbd_core.o(i.USBDCore_IRQHandler)
    i.USBDCore_Init                          0x00004f6a   Section        0  ht32_usbd_core.o(i.USBDCore_Init)
    i.USBDCore_MainRoutine                   0x00004f78   Section        0  ht32_usbd_core.o(i.USBDCore_MainRoutine)
    i.USBDDesc_Init                          0x00004fb8   Section        0  ht32_usbd_descriptor.o(i.USBDDesc_Init)
    i.USBD_ClearINT                          0x00004fd4   Section        0  ht32f1653_54_usbd.o(i.USBD_ClearINT)
    i.USBD_Configuration                     0x00004fe0   Section        0  main.o(i.USBD_Configuration)
    i.USBD_DPWakeUpCmd                       0x00005018   Section        0  ht32f1653_54_usbd.o(i.USBD_DPWakeUpCmd)
    i.USBD_DPpullupCmd                       0x00005034   Section        0  ht32f1653_54_usbd.o(i.USBD_DPpullupCmd)
    i.USBD_DeInit                            0x00005050   Section        0  ht32f1653_54_usbd.o(i.USBD_DeInit)
    i.USBD_EPTClearDTG                       0x0000505c   Section        0  ht32f1653_54_usbd.o(i.USBD_EPTClearDTG)
    i.USBD_EPTClearHalt                      0x0000506c   Section        0  ht32f1653_54_usbd.o(i.USBD_EPTClearHalt)
    i.USBD_EPTClearINT                       0x0000507c   Section        0  ht32f1653_54_usbd.o(i.USBD_EPTClearINT)
    i.USBD_EPTGetBuffer0Addr                 0x00005088   Section        0  ht32f1653_54_usbd.o(i.USBD_EPTGetBuffer0Addr)
    i.USBD_EPTGetBuffer1Addr                 0x000050a0   Section        0  ht32f1653_54_usbd.o(i.USBD_EPTGetBuffer1Addr)
    i.USBD_EPTGetBufferLen                   0x000050c4   Section        0  ht32f1653_54_usbd.o(i.USBD_EPTGetBufferLen)
    i.USBD_EPTGetHalt                        0x000050d2   Section        0  ht32f1653_54_usbd.o(i.USBD_EPTGetHalt)
    i.USBD_EPTGetINT                         0x000050ec   Section        0  ht32f1653_54_usbd.o(i.USBD_EPTGetINT)
    i.USBD_EPTGetTransferCount               0x000050fa   Section        0  ht32f1653_54_usbd.o(i.USBD_EPTGetTransferCount)
    i.USBD_EPTInit                           0x0000510c   Section        0  ht32f1653_54_usbd.o(i.USBD_EPTInit)
    i.USBD_EPTReadMemory                     0x00005132   Section        0  ht32f1653_54_usbd.o(i.USBD_EPTReadMemory)
    i.USBD_EPTReadOUTData                    0x0000516c   Section        0  ht32f1653_54_usbd.o(i.USBD_EPTReadOUTData)
    i.USBD_EPTReset                          0x0000519c   Section        0  ht32f1653_54_usbd.o(i.USBD_EPTReset)
    i.USBD_EPTSendSTALL                      0x000051ac   Section        0  ht32f1653_54_usbd.o(i.USBD_EPTSendSTALL)
    i.USBD_EPTSetHalt                        0x000051b8   Section        0  ht32f1653_54_usbd.o(i.USBD_EPTSetHalt)
    i.USBD_EPTWriteINData                    0x000051cc   Section        0  ht32f1653_54_usbd.o(i.USBD_EPTWriteINData)
    i.USBD_EnableINT                         0x00005214   Section        0  ht32f1653_54_usbd.o(i.USBD_EnableINT)
    i.USBD_GetEPTnINTNumber                  0x00005224   Section        0  ht32f1653_54_usbd.o(i.USBD_GetEPTnINTNumber)
    i.USBD_GetINT                            0x00005244   Section        0  ht32f1653_54_usbd.o(i.USBD_GetINT)
    i.USBD_Init                              0x00005254   Section        0  ht32f1653_54_usbd.o(i.USBD_Init)
    i.USBD_PowerOff                          0x00005258   Section        0  ht32f1653_54_usbd.o(i.USBD_PowerOff)
    i.USBD_PowerOn                           0x00005268   Section        0  ht32f1653_54_usbd.o(i.USBD_PowerOn)
    i.USBD_PowerUp                           0x00005278   Section        0  ht32f1653_54_usbd.o(i.USBD_PowerUp)
    i.USBD_PreInit                           0x000052e0   Section        0  ht32f1653_54_usbd.o(i.USBD_PreInit)
    i.USBD_ReadSETUPData                     0x0000530c   Section        0  ht32f1653_54_usbd.o(i.USBD_ReadSETUPData)
    i.USBD_SetAddress                        0x0000531c   Section        0  ht32f1653_54_usbd.o(i.USBD_SetAddress)
    i.USB_CHARG_Handle                       0x00005330   Section        0  main.o(i.USB_CHARG_Handle)
    i.USB_CHARG_Int                          0x000053fc   Section        0  main.o(i.USB_CHARG_Int)
    i.USB_IRQHandler                         0x0000545c   Section        0  ht32f165x_it.o(i.USB_IRQHandler)
    i.V_mode                                 0x0000547c   Section        0  oled_display.o(i.V_mode)
    i.WDT_Cmd                                0x0000590c   Section        0  ht32f1653_54_wdt.o(i.WDT_Cmd)
    i.WDT_Configuration                      0x00005928   Section        0  main.o(i.WDT_Configuration)
    i.WDT_ResetCmd                           0x00005958   Section        0  ht32f1653_54_wdt.o(i.WDT_ResetCmd)
    i.WDT_Restart                            0x00005974   Section        0  ht32f1653_54_wdt.o(i.WDT_Restart)
    i.WDT_SetDeltaValue                      0x00005984   Section        0  ht32f1653_54_wdt.o(i.WDT_SetDeltaValue)
    i.WDT_SetPrescaler                       0x00005998   Section        0  ht32f1653_54_wdt.o(i.WDT_SetPrescaler)
    i.WDT_SetReloadValue                     0x000059ac   Section        0  ht32f1653_54_wdt.o(i.WDT_SetReloadValue)
    i.W_handle                               0x000059c0   Section        0  main.o(i.W_handle)
    i._AP_CMD0                               0x00005ac0   Section        0  ap_handler.o(i._AP_CMD0)
    _AP_CMD0                                 0x00005ac1   Thumb Code     4  ap_handler.o(i._AP_CMD0)
    i._USBDCore_ControlIN                    0x00005ac4   Section        0  ht32_usbd_core.o(i._USBDCore_ControlIN)
    _USBDCore_ControlIN                      0x00005ac5   Thumb Code    66  ht32_usbd_core.o(i._USBDCore_ControlIN)
    i._USBDCore_Standard_GetStatus           0x00005b06   Section        0  ht32_usbd_core.o(i._USBDCore_Standard_GetStatus)
    _USBDCore_Standard_GetStatus             0x00005b07   Thumb Code    54  ht32_usbd_core.o(i._USBDCore_Standard_GetStatus)
    i._USBDCore_Standard_Request             0x00005b3c   Section        0  ht32_usbd_core.o(i._USBDCore_Standard_Request)
    _USBDCore_Standard_Request               0x00005b3d   Thumb Code   284  ht32_usbd_core.o(i._USBDCore_Standard_Request)
    i._USBDCore_Standard_SetClearFeature     0x00005c58   Section        0  ht32_usbd_core.o(i._USBDCore_Standard_SetClearFeature)
    _USBDCore_Standard_SetClearFeature       0x00005c59   Thumb Code    74  ht32_usbd_core.o(i._USBDCore_Standard_SetClearFeature)
    i._USBD_CopyMemory                       0x00005ca2   Section        0  ht32f1653_54_usbd.o(i._USBD_CopyMemory)
    _USBD_CopyMemory                         0x00005ca3   Thumb Code    16  ht32f1653_54_usbd.o(i._USBD_CopyMemory)
    i._USBD_GetEPTnAddr                      0x00005cb4   Section        0  ht32f1653_54_usbd.o(i._USBD_GetEPTnAddr)
    _USBD_GetEPTnAddr                        0x00005cb5   Thumb Code    12  ht32f1653_54_usbd.o(i._USBD_GetEPTnAddr)
    i.__scatterload_copy                     0x00005cc4   Section       14  handlers.o(i.__scatterload_copy)
    i.__scatterload_null                     0x00005cd2   Section        2  handlers.o(i.__scatterload_null)
    i.__scatterload_zeroinit                 0x00005cd4   Section       14  handlers.o(i.__scatterload_zeroinit)
    i.__set_errno                            0x00005ce4   Section        0  errno.o(i.__set_errno)
    i.bat_display                            0x00005cf0   Section        0  oled_display.o(i.bat_display)
    i.delay                                  0x00005dac   Section        0  oled.o(i.delay)
    i.key_contrl                             0x00005db8   Section        0  main.o(i.key_contrl)
    i.main                                   0x00005ee0   Section        0  main.o(i.main)
    i.main_menu                              0x00005f78   Section        0  oled_display.o(i.main_menu)
    i.oled_pow                               0x00006298   Section        0  oled.o(i.oled_pow)
    i.open_pic                               0x000062ac   Section        0  oled_display.o(i.open_pic)
    i.output_menu                            0x0000634c   Section        0  oled_display.o(i.output_menu)
    i.pc_connect                             0x000065d8   Section        0  oled_display.o(i.pc_connect)
    i.sqrt                                   0x000065ee   Section        0  sqrt.o(i.sqrt)
    i.ssd1306                                0x0000663c   Section        0  oled.o(i.ssd1306)
    i.write_d                                0x00006700   Section        0  oled.o(i.write_d)
    i.write_i                                0x00006764   Section        0  oled.o(i.write_i)
    .constdata                               0x000067d8   Section    10446  oled.o(.constdata)
    .constdata                               0x000090a8   Section       24  ap_handler.o(.constdata)
    pFComHandlerTable                        0x000090a8   Data          24  ap_handler.o(.constdata)
    .constdata                               0x000090c0   Section       34  ht32_usbd_class.o(.constdata)
    USB_HID_ReportDesc                       0x000090c0   Data          34  ht32_usbd_class.o(.constdata)
    .constdata                               0x000090e4   Section       61  ht32_usbd_descriptor.o(.constdata)
    guUSB_DeviceDesc                         0x000090e4   Data          18  ht32_usbd_descriptor.o(.constdata)
    guUSB_ConfnDesc                          0x000090f8   Data          41  ht32_usbd_descriptor.o(.constdata)
    .constdata                               0x00009124   Section        4  ht32_usbd_descriptor.o(.constdata)
    guUSB_StringDescLANGID                   0x00009124   Data           4  ht32_usbd_descriptor.o(.constdata)
    .data                                    0x20000000   Section       28  main.o(.data)
    .data                                    0x2000001c   Section        1  main.o(.data)
    .data                                    0x2000001e   Section        4  ht32f165x_it.o(.data)
    .data                                    0x20000024   Section       32  cigarette.o(.data)
    .data                                    0x20000044   Section        2  cigarette.o(.data)
    .data                                    0x20000046   Section        2  cigarette.o(.data)
    .data                                    0x20000048   Section       32  oled_display.o(.data)
    .data                                    0x20000068   Section        4  ap_handler.o(.data)
    u32BufferIndex                           0x20000068   Data           4  ap_handler.o(.data)
    .data                                    0x2000006c   Section        4  ht32_usbd_descriptor.o(.data)
    .data                                    0x20000070   Section        4  system_ht32f165x.o(.data)
    .data                                    0x20000074   Section        4  ht32f1653_54_usbd.o(.data)
    gIsFirstPowered                          0x20000074   Data           4  ht32f1653_54_usbd.o(.data)
    .data                                    0x20000078   Section        4  errno.o(.data)
    _errno                                   0x20000078   Data           4  errno.o(.data)
    .bss                                     0x2000007c   Section      224  main.o(.bss)
    .bss                                     0x2000015c   Section       24  ht32f165x_it.o(.bss)
    .bss                                     0x20000174   Section       42  cigarette.o(.bss)
    .bss                                     0x200001a0   Section       44  pid.o(.bss)
    .bss                                     0x200001cc   Section     1024  oled.o(.bss)
    .bss                                     0x200005cc   Section       10  oled_display.o(.bss)
    .bss                                     0x200005d8   Section     1188  ap_handler.o(.bss)
    guRxBuffer                               0x200005f8   Data        1024  ap_handler.o(.bss)
    guTxBuffer                               0x200009f8   Data          68  ap_handler.o(.bss)
    gu8CmdBuffer                             0x20000a3c   Data          64  ap_handler.o(.bss)
    STACK                                    0x20000a80   Section      512  startup_ht32f165x.o(STACK)

    Global Symbols

    Symbol Name                              Value     Ov Type        Size  Object(Section)

    BuildAttributes$$THM_ISAv4$P$D$K$B$S$PE$A:L22UL41UL21$X:L11$S22US41US21$IEEE1$IW$USESV6$~STKCKD$USESV7$~SHL$OTIME$ROPI$IEEEJ$EBA8$MICROLIB$REQ8$PRES8$EABIv2 0x00000000   Number         0  anon$$obj.o ABSOLUTE
    __ARM_use_no_argv                        0x00000000   Number         0  main.o ABSOLUTE
    __use_no_errno                           0x00000000   Number         0  useno.o ABSOLUTE
    __use_no_exception_handling              0x00000000   Number         0  useno.o ABSOLUTE
    __use_no_fp                              0x00000000   Number         0  useno.o ABSOLUTE
    __use_no_heap                            0x00000000   Number         0  useno.o ABSOLUTE
    __use_no_heap_region                     0x00000000   Number         0  useno.o ABSOLUTE
    __use_no_semihosting                     0x00000000   Number         0  useno.o ABSOLUTE
    __use_no_semihosting_swi                 0x00000000   Number         0  useno.o ABSOLUTE
    __use_no_signal_handling                 0x00000000   Number         0  useno.o ABSOLUTE
    __cpp_initialize__aeabi_                  - Undefined Weak Reference
    __cxa_finalize                            - Undefined Weak Reference
    __decompress                              - Undefined Weak Reference
    _clock_init                               - Undefined Weak Reference
    _microlib_exit                            - Undefined Weak Reference
    __Vectors                                0x00002c00   Data           4  startup_ht32f165x.o(RESET)
    Reset_Handler                            0x00002d55   Thumb Code     8  startup_ht32f165x.o(RESET)
    NMI_Handler                              0x00002d5d   Thumb Code     2  startup_ht32f165x.o(RESET)
    HardFault_Handler                        0x00002d5f   Thumb Code     2  startup_ht32f165x.o(RESET)
    MemManage_Handler                        0x00002d61   Thumb Code     2  startup_ht32f165x.o(RESET)
    BusFault_Handler                         0x00002d63   Thumb Code     2  startup_ht32f165x.o(RESET)
    UsageFault_Handler                       0x00002d65   Thumb Code     2  startup_ht32f165x.o(RESET)
    SVC_Handler                              0x00002d67   Thumb Code     2  startup_ht32f165x.o(RESET)
    DebugMon_Handler                         0x00002d69   Thumb Code     2  startup_ht32f165x.o(RESET)
    PendSV_Handler                           0x00002d6b   Thumb Code     2  startup_ht32f165x.o(RESET)
    BFTM1_IRQHandler                         0x00002d6f   Thumb Code     0  startup_ht32f165x.o(RESET)
    BOD_IRQHandler                           0x00002d6f   Thumb Code     0  startup_ht32f165x.o(RESET)
    CKRDY_IRQHandler                         0x00002d6f   Thumb Code     0  startup_ht32f165x.o(RESET)
    COMP_IRQHandler                          0x00002d6f   Thumb Code     0  startup_ht32f165x.o(RESET)
    EBI_IRQHandler                           0x00002d6f   Thumb Code     0  startup_ht32f165x.o(RESET)
    EVWUP_IRQHandler                         0x00002d6f   Thumb Code     0  startup_ht32f165x.o(RESET)
    EXTI0_IRQHandler                         0x00002d6f   Thumb Code     0  startup_ht32f165x.o(RESET)
    EXTI10_IRQHandler                        0x00002d6f   Thumb Code     0  startup_ht32f165x.o(RESET)
    EXTI11_IRQHandler                        0x00002d6f   Thumb Code     0  startup_ht32f165x.o(RESET)
    EXTI12_IRQHandler                        0x00002d6f   Thumb Code     0  startup_ht32f165x.o(RESET)
    EXTI13_IRQHandler                        0x00002d6f   Thumb Code     0  startup_ht32f165x.o(RESET)
    EXTI15_IRQHandler                        0x00002d6f   Thumb Code     0  startup_ht32f165x.o(RESET)
    EXTI1_IRQHandler                         0x00002d6f   Thumb Code     0  startup_ht32f165x.o(RESET)
    EXTI2_IRQHandler                         0x00002d6f   Thumb Code     0  startup_ht32f165x.o(RESET)
    EXTI3_IRQHandler                         0x00002d6f   Thumb Code     0  startup_ht32f165x.o(RESET)
    EXTI4_IRQHandler                         0x00002d6f   Thumb Code     0  startup_ht32f165x.o(RESET)
    EXTI5_IRQHandler                         0x00002d6f   Thumb Code     0  startup_ht32f165x.o(RESET)
    EXTI6_IRQHandler                         0x00002d6f   Thumb Code     0  startup_ht32f165x.o(RESET)
    EXTI7_IRQHandler                         0x00002d6f   Thumb Code     0  startup_ht32f165x.o(RESET)
    EXTI8_IRQHandler                         0x00002d6f   Thumb Code     0  startup_ht32f165x.o(RESET)
    EXTI9_IRQHandler                         0x00002d6f   Thumb Code     0  startup_ht32f165x.o(RESET)
    FLASH_IRQHandler                         0x00002d6f   Thumb Code     0  startup_ht32f165x.o(RESET)
    GPTM0_IRQHandler                         0x00002d6f   Thumb Code     0  startup_ht32f165x.o(RESET)
    GPTM1_IRQHandler                         0x00002d6f   Thumb Code     0  startup_ht32f165x.o(RESET)
    I2C0_IRQHandler                          0x00002d6f   Thumb Code     0  startup_ht32f165x.o(RESET)
    I2C1_IRQHandler                          0x00002d6f   Thumb Code     0  startup_ht32f165x.o(RESET)
    I2S_IRQHandler                           0x00002d6f   Thumb Code     0  startup_ht32f165x.o(RESET)
    LPWUP_IRQHandler                         0x00002d6f   Thumb Code     0  startup_ht32f165x.o(RESET)
    LVD_IRQHandler                           0x00002d6f   Thumb Code     0  startup_ht32f165x.o(RESET)
    MCTM0BRK_IRQHandler                      0x00002d6f   Thumb Code     0  startup_ht32f165x.o(RESET)
    MCTM0CC_IRQHandler                       0x00002d6f   Thumb Code     0  startup_ht32f165x.o(RESET)
    MCTM0TR_IRQHandler                       0x00002d6f   Thumb Code     0  startup_ht32f165x.o(RESET)
    MCTM1BRK_IRQHandler                      0x00002d6f   Thumb Code     0  startup_ht32f165x.o(RESET)
    MCTM1CC_IRQHandler                       0x00002d6f   Thumb Code     0  startup_ht32f165x.o(RESET)
    MCTM1TR_IRQHandler                       0x00002d6f   Thumb Code     0  startup_ht32f165x.o(RESET)
    MCTM1UP_IRQHandler                       0x00002d6f   Thumb Code     0  startup_ht32f165x.o(RESET)
    PDMA_CH0_IRQHandler                      0x00002d6f   Thumb Code     0  startup_ht32f165x.o(RESET)
    PDMA_CH1_IRQHandler                      0x00002d6f   Thumb Code     0  startup_ht32f165x.o(RESET)
    PDMA_CH2_IRQHandler                      0x00002d6f   Thumb Code     0  startup_ht32f165x.o(RESET)
    PDMA_CH3_IRQHandler                      0x00002d6f   Thumb Code     0  startup_ht32f165x.o(RESET)
    PDMA_CH4_IRQHandler                      0x00002d6f   Thumb Code     0  startup_ht32f165x.o(RESET)
    PDMA_CH5_IRQHandler                      0x00002d6f   Thumb Code     0  startup_ht32f165x.o(RESET)
    PDMA_CH6_IRQHandler                      0x00002d6f   Thumb Code     0  startup_ht32f165x.o(RESET)
    PDMA_CH7_IRQHandler                      0x00002d6f   Thumb Code     0  startup_ht32f165x.o(RESET)
    RTC_IRQHandler                           0x00002d6f   Thumb Code     0  startup_ht32f165x.o(RESET)
    SCI_IRQHandler                           0x00002d6f   Thumb Code     0  startup_ht32f165x.o(RESET)
    SPI0_IRQHandler                          0x00002d6f   Thumb Code     0  startup_ht32f165x.o(RESET)
    SPI1_IRQHandler                          0x00002d6f   Thumb Code     0  startup_ht32f165x.o(RESET)
    UART0_IRQHandler                         0x00002d6f   Thumb Code     0  startup_ht32f165x.o(RESET)
    UART1_IRQHandler                         0x00002d6f   Thumb Code     0  startup_ht32f165x.o(RESET)
    USART0_IRQHandler                        0x00002d6f   Thumb Code     0  startup_ht32f165x.o(RESET)
    USART1_IRQHandler                        0x00002d6f   Thumb Code     0  startup_ht32f165x.o(RESET)
    WDT_IRQHandler                           0x00002d6f   Thumb Code     0  startup_ht32f165x.o(RESET)
    __main                                   0x00002d79   Thumb Code     0  entry.o(.ARM.Collect$$$$00000000)
    _main_stk                                0x00002d79   Thumb Code     0  entry2.o(.ARM.Collect$$$$00000001)
    _main_scatterload                        0x00002d7d   Thumb Code     0  entry5.o(.ARM.Collect$$$$00000004)
    __main_after_scatterload                 0x00002d81   Thumb Code     0  entry5.o(.ARM.Collect$$$$00000004)
    _main_clock                              0x00002d81   Thumb Code     0  entry7b.o(.ARM.Collect$$$$00000008)
    _main_cpp_init                           0x00002d81   Thumb Code     0  entry8b.o(.ARM.Collect$$$$0000000A)
    _main_init                               0x00002d81   Thumb Code     0  entry9a.o(.ARM.Collect$$$$0000000B)
    __rt_final_cpp                           0x00002d89   Thumb Code     0  entry10a.o(.ARM.Collect$$$$0000000D)
    __rt_final_exit                          0x00002d89   Thumb Code     0  entry11a.o(.ARM.Collect$$$$0000000F)
    __aeabi_i2d                              0x00002d8d   Thumb Code    34  dflti.o(.text)
    __aeabi_d2uiz                            0x00002daf   Thumb Code    50  dfixui.o(.text)
    __aeabi_llsr                             0x00002de1   Thumb Code    32  llushr.o(.text)
    _ll_ushift_r                             0x00002de1   Thumb Code     0  llushr.o(.text)
    __I$use$fp                               0x00002e01   Thumb Code     0  iusefp.o(.text)
    _double_round                            0x00002e01   Thumb Code    26  depilogue.o(.text)
    _double_epilogue                         0x00002e1b   Thumb Code   164  depilogue.o(.text)
    _dsqrt                                   0x00002ebf   Thumb Code   162  dsqrt.o(.text)
    __scatterload                            0x00002f61   Thumb Code    28  init.o(.text)
    __scatterload_rt2                        0x00002f61   Thumb Code     0  init.o(.text)
    __aeabi_llsl                             0x00002f85   Thumb Code    30  llshl.o(.text)
    _ll_shift_l                              0x00002f85   Thumb Code     0  llshl.o(.text)
    ADC_ClearIntPendingBit                   0x00002fa3   Thumb Code     6  ht32f1653_54_adc.o(i.ADC_ClearIntPendingBit)
    ADC_Config                               0x00002fa9   Thumb Code   250  cigarette.o(i.ADC_Config)
    ADC_IRQHandler                           0x000030b1   Thumb Code    64  ht32f165x_it.o(i.ADC_IRQHandler)
    ADC_IntConfig                            0x000030fd   Thumb Code    20  ht32f1653_54_adc.o(i.ADC_IntConfig)
    ADC_RegularChannelConfig                 0x00003111   Thumb Code    34  ht32f1653_54_adc.o(i.ADC_RegularChannelConfig)
    ADC_RegularGroupConfig                   0x00003133   Thumb Code    22  ht32f1653_54_adc.o(i.ADC_RegularGroupConfig)
    ADC_RegularTrigConfig                    0x00003149   Thumb Code    12  ht32f1653_54_adc.o(i.ADC_RegularTrigConfig)
    AFIO_EXTISourceConfig                    0x00003155   Thumb Code    38  ht32f1653_54_gpio.o(i.AFIO_EXTISourceConfig)
    AFIO_GPxConfig                           0x00003181   Thumb Code    94  ht32f1653_54_gpio.o(i.AFIO_GPxConfig)
    AP_Handler                               0x000031e5   Thumb Code   106  ap_handler.o(i.AP_Handler)
    AP_Init                                  0x00003261   Thumb Code    32  ap_handler.o(i.AP_Init)
    AP_Reset                                 0x00003289   Thumb Code    46  ap_handler.o(i.AP_Reset)
    Ajustment_menu                           0x000032cd   Thumb Code  1368  oled_display.o(i.Ajustment_menu)
    BFTM0_IRQHandler                         0x00003835   Thumb Code    84  ht32f165x_it.o(i.BFTM0_IRQHandler)
    BFTM_ClearFlag                           0x00003899   Thumb Code    14  ht32f1653_54_bftm.o(i.BFTM_ClearFlag)
    BFTM_EnaCmd                              0x000038a7   Thumb Code    20  ht32f1653_54_bftm.o(i.BFTM_EnaCmd)
    BFTM_IntConfig                           0x000038bb   Thumb Code    20  ht32f1653_54_bftm.o(i.BFTM_IntConfig)
    BFTM_SetCompare                          0x000038cf   Thumb Code     4  ht32f1653_54_bftm.o(i.BFTM_SetCompare)
    BFTM_SetCounter                          0x000038d3   Thumb Code     4  ht32f1653_54_bftm.o(i.BFTM_SetCounter)
    Buffer_Discard                           0x000038d7   Thumb Code     8  ap_buffer.o(i.Buffer_Discard)
    Buffer_Init                              0x000038df   Thumb Code    12  ap_buffer.o(i.Buffer_Init)
    Buffer_ReadByte                          0x000038eb   Thumb Code    40  ap_buffer.o(i.Buffer_ReadByte)
    Buffer_WriteByte                         0x00003913   Thumb Code    50  ap_buffer.o(i.Buffer_WriteByte)
    Buffer_isEmpty                           0x00003945   Thumb Code    16  ap_buffer.o(i.Buffer_isEmpty)
    CKCU_Configuration                       0x00003955   Thumb Code    26  main.o(i.CKCU_Configuration)
    CKCU_PeripClockConfig                    0x00003975   Thumb Code    32  ht32f1653_54_ckcu.o(i.CKCU_PeripClockConfig)
    CKCU_SetADCPrescaler                     0x00003999   Thumb Code    16  ht32f1653_54_ckcu.o(i.CKCU_SetADCPrescaler)
    CKCU_SetUSBPrescaler                     0x000039ad   Thumb Code    16  ht32f1653_54_ckcu.o(i.CKCU_SetUSBPrescaler)
    CRC16                                    0x000039c1   Thumb Code    66  ap_crc16.o(i.CRC16)
    EXTI14_IRQHandler                        0x00003a05   Thumb Code    16  ht32f165x_it.o(i.EXTI14_IRQHandler)
    EXTI_ClearEdgeFlag                       0x00003a19   Thumb Code    12  ht32f1653_54_exti.o(i.EXTI_ClearEdgeFlag)
    EXTI_Init                                0x00003a29   Thumb Code    24  ht32f1653_54_exti.o(i.EXTI_Init)
    EXTI_IntConfig                           0x00003a45   Thumb Code    22  ht32f1653_54_exti.o(i.EXTI_IntConfig)
    GPIO_ClearOutBits                        0x00003a61   Thumb Code     4  ht32f1653_54_gpio.o(i.GPIO_ClearOutBits)
    GPIO_Configuration                       0x00003a65   Thumb Code   302  main.o(i.GPIO_Configuration)
    GPIO_DirectionConfig                     0x00003ba1   Thumb Code    16  ht32f1653_54_gpio.o(i.GPIO_DirectionConfig)
    GPIO_InputConfig                         0x00003bb1   Thumb Code    16  ht32f1653_54_gpio.o(i.GPIO_InputConfig)
    GPIO_PullResistorConfig                  0x00003bc1   Thumb Code    40  ht32f1653_54_gpio.o(i.GPIO_PullResistorConfig)
    GPIO_ReadInBit                           0x00003be9   Thumb Code    10  ht32f1653_54_gpio.o(i.GPIO_ReadInBit)
    GPIO_SetOutBits                          0x00003bf3   Thumb Code     4  ht32f1653_54_gpio.o(i.GPIO_SetOutBits)
    GPTM_Cmd                                 0x00003bf7   Thumb Code    20  ht32f1653_54_gptm.o(i.GPTM_Cmd)
    GPTM_OutputInit                          0x00003c0b   Thumb Code    88  ht32f1653_54_gptm.o(i.GPTM_OutputInit)
    GPTM_TimeBaseInit                        0x00003c63   Thumb Code    42  ht32f1653_54_gptm.o(i.GPTM_TimeBaseInit)
    Hint_handle                              0x00003c8d   Thumb Code   104  main.o(i.Hint_handle)
    IN_OUT_GPIO                              0x00003d39   Thumb Code   136  main.o(i.IN_OUT_GPIO)
    MCTM0UP_IRQHandler                       0x00003dc5   Thumb Code    28  ht32f165x_it.o(i.MCTM0UP_IRQHandler)
    MCTM_CHMOECmd                            0x00003de9   Thumb Code    20  ht32f1653_54_mctm.o(i.MCTM_CHMOECmd)
    MCTM_ChannelConfig                       0x00003dfd   Thumb Code    24  ht32f1653_54_mctm.o(i.MCTM_ChannelConfig)
    MCTM_ClearFlag                           0x00003e15   Thumb Code    10  ht32f1653_54_mctm.o(i.MCTM_ClearFlag)
    MCTM_Cmd                                 0x00003e1f   Thumb Code    20  ht32f1653_54_mctm.o(i.MCTM_Cmd)
    MCTM_Config                              0x00003e35   Thumb Code   304  cigarette.o(i.MCTM_Config)
    MCTM_IntConfig                           0x00003f7d   Thumb Code    16  ht32f1653_54_mctm.o(i.MCTM_IntConfig)
    MCTM_OutputInit                          0x00003f8d   Thumb Code   126  ht32f1653_54_mctm.o(i.MCTM_OutputInit)
    MCTM_TimeBaseInit                        0x0000400b   Thumb Code    48  ht32f1653_54_mctm.o(i.MCTM_TimeBaseInit)
    NVIC_Configuration                       0x0000403b   Thumb Code    10  main.o(i.NVIC_Configuration)
    NVIC_SetVectorTable                      0x00004075   Thumb Code    12  ht32_cm3_misc.o(i.NVIC_SetVectorTable)
    OLED_Clear                               0x00004089   Thumb Code    38  oled.o(i.OLED_Clear)
    OLED_Display_Off                         0x000040b5   Thumb Code    24  oled.o(i.OLED_Display_Off)
    OLED_Display_On                          0x000040cd   Thumb Code    24  oled.o(i.OLED_Display_On)
    OLED_DrawPoint                           0x000040e5   Thumb Code    54  oled.o(i.OLED_DrawPoint)
    OLED_Fill                                0x00004121   Thumb Code    56  oled.o(i.OLED_Fill)
    OLED_Refresh_Gram                        0x00004159   Thumb Code    58  oled.o(i.OLED_Refresh_Gram)
    OLED_ShowChar                            0x00004199   Thumb Code   112  oled.o(i.OLED_ShowChar)
    OLED_ShowChar_big                        0x0000420d   Thumb Code   122  oled.o(i.OLED_ShowChar_big)
    OLED_ShowChar_select                     0x0000428d   Thumb Code   112  oled.o(i.OLED_ShowChar_select)
    OLED_ShowNum                             0x00004301   Thumb Code   120  oled.o(i.OLED_ShowNum)
    OLED_ShowNum_big                         0x00004379   Thumb Code   128  oled.o(i.OLED_ShowNum_big)
    OLED_ShowPic                             0x000043f9   Thumb Code   318  oled.o(i.OLED_ShowPic)
    OLED_ShowString                          0x00004551   Thumb Code    62  oled.o(i.OLED_ShowString)
    OLED_ShowString_big                      0x0000458f   Thumb Code    62  oled.o(i.OLED_ShowString_big)
    OLED_ShowString_select                   0x000045cd   Thumb Code    62  oled.o(i.OLED_ShowString_select)
    OLED_delect                              0x0000460b   Thumb Code    52  oled.o(i.OLED_delect)
    PID_init                                 0x00004641   Thumb Code    28  pid.o(i.PID_init)
    PWM2_Control                             0x00004669   Thumb Code   266  cigarette.o(i.PWM2_Control)
    PWM_Control                              0x00004781   Thumb Code   280  cigarette.o(i.PWM_Control)
    RETARGET_Configuration                   0x000048ad   Thumb Code     2  ht32_retarget.o(i.RETARGET_Configuration)
    RSTCU_PeripReset                         0x000048b1   Thumb Code    40  ht32f1653_54_rstcu.o(i.RSTCU_PeripReset)
    R_Check                                  0x000048dd   Thumb Code   206  main.o(i.R_Check)
    SCP_Handle                               0x000049d9   Thumb Code   100  main.o(i.SCP_Handle)
    SCP_Int                                  0x00004a65   Thumb Code    84  main.o(i.SCP_Int)
    SYSTICK_ClockSourceConfig                0x00004abd   Thumb Code    24  ht32_cm3_misc.o(i.SYSTICK_ClockSourceConfig)
    SYSTICK_Configuration                    0x00004ad5   Thumb Code    30  main.o(i.SYSTICK_Configuration)
    SYSTICK_CounterCmd                       0x00004af9   Thumb Code    32  ht32_cm3_misc.o(i.SYSTICK_CounterCmd)
    SYSTICK_IntConfig                        0x00004b19   Thumb Code    24  ht32_cm3_misc.o(i.SYSTICK_IntConfig)
    SYSTICK_SetReloadValue                   0x00004b31   Thumb Code     8  ht32_cm3_misc.o(i.SYSTICK_SetReloadValue)
    Sleep_handle                             0x00004b39   Thumb Code   170  main.o(i.Sleep_handle)
    SysTick_Handler                          0x00004c05   Thumb Code   120  ht32f165x_it.o(i.SysTick_Handler)
    SystemInit                               0x00004cad   Thumb Code    64  system_ht32f165x.o(i.SystemInit)
    USBDClass_Init                           0x00004d21   Thumb Code    14  ht32_usbd_class.o(i.USBDClass_Init)
    USBDCore_IRQHandler                      0x00004dbd   Thumb Code   430  ht32_usbd_core.o(i.USBDCore_IRQHandler)
    USBDCore_Init                            0x00004f6b   Thumb Code    14  ht32_usbd_core.o(i.USBDCore_Init)
    USBDCore_MainRoutine                     0x00004f79   Thumb Code    64  ht32_usbd_core.o(i.USBDCore_MainRoutine)
    USBDDesc_Init                            0x00004fb9   Thumb Code    18  ht32_usbd_descriptor.o(i.USBDDesc_Init)
    USBD_ClearINT                            0x00004fd5   Thumb Code     6  ht32f1653_54_usbd.o(i.USBD_ClearINT)
    USBD_Configuration                       0x00004fe1   Thumb Code    50  main.o(i.USBD_Configuration)
    USBD_DPWakeUpCmd                         0x00005019   Thumb Code    22  ht32f1653_54_usbd.o(i.USBD_DPWakeUpCmd)
    USBD_DPpullupCmd                         0x00005035   Thumb Code    22  ht32f1653_54_usbd.o(i.USBD_DPpullupCmd)
    USBD_DeInit                              0x00005051   Thumb Code    12  ht32f1653_54_usbd.o(i.USBD_DeInit)
    USBD_EPTClearDTG                         0x0000505d   Thumb Code    16  ht32f1653_54_usbd.o(i.USBD_EPTClearDTG)
    USBD_EPTClearHalt                        0x0000506d   Thumb Code    16  ht32f1653_54_usbd.o(i.USBD_EPTClearHalt)
    USBD_EPTClearINT                         0x0000507d   Thumb Code    12  ht32f1653_54_usbd.o(i.USBD_EPTClearINT)
    USBD_EPTGetBuffer0Addr                   0x00005089   Thumb Code    18  ht32f1653_54_usbd.o(i.USBD_EPTGetBuffer0Addr)
    USBD_EPTGetBuffer1Addr                   0x000050a1   Thumb Code    30  ht32f1653_54_usbd.o(i.USBD_EPTGetBuffer1Addr)
    USBD_EPTGetBufferLen                     0x000050c5   Thumb Code    14  ht32f1653_54_usbd.o(i.USBD_EPTGetBufferLen)
    USBD_EPTGetHalt                          0x000050d3   Thumb Code    26  ht32f1653_54_usbd.o(i.USBD_EPTGetHalt)
    USBD_EPTGetINT                           0x000050ed   Thumb Code    14  ht32f1653_54_usbd.o(i.USBD_EPTGetINT)
    USBD_EPTGetTransferCount                 0x000050fb   Thumb Code    18  ht32f1653_54_usbd.o(i.USBD_EPTGetTransferCount)
    USBD_EPTInit                             0x0000510d   Thumb Code    38  ht32f1653_54_usbd.o(i.USBD_EPTInit)
    USBD_EPTReadMemory                       0x00005133   Thumb Code    58  ht32f1653_54_usbd.o(i.USBD_EPTReadMemory)
    USBD_EPTReadOUTData                      0x0000516d   Thumb Code    48  ht32f1653_54_usbd.o(i.USBD_EPTReadOUTData)
    USBD_EPTReset                            0x0000519d   Thumb Code    16  ht32f1653_54_usbd.o(i.USBD_EPTReset)
    USBD_EPTSendSTALL                        0x000051ad   Thumb Code    12  ht32f1653_54_usbd.o(i.USBD_EPTSendSTALL)
    USBD_EPTSetHalt                          0x000051b9   Thumb Code    20  ht32f1653_54_usbd.o(i.USBD_EPTSetHalt)
    USBD_EPTWriteINData                      0x000051cd   Thumb Code    72  ht32f1653_54_usbd.o(i.USBD_EPTWriteINData)
    USBD_EnableINT                           0x00005215   Thumb Code    10  ht32f1653_54_usbd.o(i.USBD_EnableINT)
    USBD_GetEPTnINTNumber                    0x00005225   Thumb Code    32  ht32f1653_54_usbd.o(i.USBD_GetEPTnINTNumber)
    USBD_GetINT                              0x00005245   Thumb Code    10  ht32f1653_54_usbd.o(i.USBD_GetINT)
    USBD_Init                                0x00005255   Thumb Code     4  ht32f1653_54_usbd.o(i.USBD_Init)
    USBD_PowerOff                            0x00005259   Thumb Code    12  ht32f1653_54_usbd.o(i.USBD_PowerOff)
    USBD_PowerOn                             0x00005269   Thumb Code    12  ht32f1653_54_usbd.o(i.USBD_PowerOn)
    USBD_PowerUp                             0x00005279   Thumb Code    94  ht32f1653_54_usbd.o(i.USBD_PowerUp)
    USBD_PreInit                             0x000052e1   Thumb Code    32  ht32f1653_54_usbd.o(i.USBD_PreInit)
    USBD_ReadSETUPData                       0x0000530d   Thumb Code    12  ht32f1653_54_usbd.o(i.USBD_ReadSETUPData)
    USBD_SetAddress                          0x0000531d   Thumb Code    14  ht32f1653_54_usbd.o(i.USBD_SetAddress)
    USB_CHARG_Handle                         0x00005331   Thumb Code   188  main.o(i.USB_CHARG_Handle)
    USB_CHARG_Int                            0x000053fd   Thumb Code    92  main.o(i.USB_CHARG_Int)
    USB_IRQHandler                           0x0000545d   Thumb Code    24  ht32f165x_it.o(i.USB_IRQHandler)
    V_mode                                   0x0000547d   Thumb Code  1164  oled_display.o(i.V_mode)
    WDT_Cmd                                  0x0000590d   Thumb Code    22  ht32f1653_54_wdt.o(i.WDT_Cmd)
    WDT_Configuration                        0x00005929   Thumb Code    46  main.o(i.WDT_Configuration)
    WDT_ResetCmd                             0x00005959   Thumb Code    22  ht32f1653_54_wdt.o(i.WDT_ResetCmd)
    WDT_Restart                              0x00005975   Thumb Code     8  ht32f1653_54_wdt.o(i.WDT_Restart)
    WDT_SetDeltaValue                        0x00005985   Thumb Code    14  ht32f1653_54_wdt.o(i.WDT_SetDeltaValue)
    WDT_SetPrescaler                         0x00005999   Thumb Code    14  ht32f1653_54_wdt.o(i.WDT_SetPrescaler)
    WDT_SetReloadValue                       0x000059ad   Thumb Code    14  ht32f1653_54_wdt.o(i.WDT_SetReloadValue)
    W_handle                                 0x000059c1   Thumb Code   208  main.o(i.W_handle)
    __scatterload_copy                       0x00005cc5   Thumb Code    14  handlers.o(i.__scatterload_copy)
    __scatterload_null                       0x00005cd3   Thumb Code     2  handlers.o(i.__scatterload_null)
    __scatterload_zeroinit                   0x00005cd5   Thumb Code    14  handlers.o(i.__scatterload_zeroinit)
    __set_errno                              0x00005ce5   Thumb Code     6  errno.o(i.__set_errno)
    bat_display                              0x00005cf1   Thumb Code   182  oled_display.o(i.bat_display)
    delay                                    0x00005dad   Thumb Code    10  oled.o(i.delay)
    key_contrl                               0x00005db9   Thumb Code   268  main.o(i.key_contrl)
    main                                     0x00005ee1   Thumb Code   136  main.o(i.main)
    main_menu                                0x00005f79   Thumb Code   678  oled_display.o(i.main_menu)
    oled_pow                                 0x00006299   Thumb Code    20  oled.o(i.oled_pow)
    open_pic                                 0x000062ad   Thumb Code   152  oled_display.o(i.open_pic)
    output_menu                              0x0000634d   Thumb Code   504  oled_display.o(i.output_menu)
    pc_connect                               0x000065d9   Thumb Code    22  oled_display.o(i.pc_connect)
    sqrt                                     0x000065ef   Thumb Code    76  sqrt.o(i.sqrt)
    ssd1306                                  0x0000663d   Thumb Code   190  oled.o(i.ssd1306)
    write_d                                  0x00006701   Thumb Code    90  oled.o(i.write_d)
    write_i                                  0x00006765   Thumb Code   106  oled.o(i.write_i)
    oled_asc2_1608                           0x000067d8   Data        1520  oled.o(.constdata)
    oled_asc2_3316                           0x00006dc8   Data        6270  oled.o(.constdata)
    gImage_pc                                0x00008646   Data         512  oled.o(.constdata)
    gImage_bat                               0x00008846   Data         512  oled.o(.constdata)
    gImage_61                                0x00008a46   Data          80  oled.o(.constdata)
    gImage_62                                0x00008a96   Data          80  oled.o(.constdata)
    gImage_63                                0x00008ae6   Data          80  oled.o(.constdata)
    gImage_64                                0x00008b36   Data          80  oled.o(.constdata)
    gImage_65                                0x00008b86   Data          80  oled.o(.constdata)
    gImage_66                                0x00008bd6   Data          80  oled.o(.constdata)
    gImage_51                                0x00008c26   Data          80  oled.o(.constdata)
    gImage_52                                0x00008c76   Data          80  oled.o(.constdata)
    gImage_53                                0x00008cc6   Data          80  oled.o(.constdata)
    gImage_54                                0x00008d16   Data          80  oled.o(.constdata)
    gImage_55                                0x00008d66   Data          80  oled.o(.constdata)
    gImage_31                                0x00008db6   Data          80  oled.o(.constdata)
    gImage_32                                0x00008e06   Data          80  oled.o(.constdata)
    gImage_33                                0x00008e56   Data          80  oled.o(.constdata)
    gImage_1                                 0x00008ea6   Data         512  oled.o(.constdata)
    Region$$Table$$Base                      0x00009128   Number         0  anon$$obj.o(Region$$Table)
    Region$$Table$$Limit                     0x00009148   Number         0  anon$$obj.o(Region$$Table)
    K_Count                                  0x20000000   Data           1  main.o(.data)
    Open_State                               0x20000001   Data           1  main.o(.data)
    Enter_menu                               0x20000002   Data           1  main.o(.data)
    PUSH_PWM                                 0x20000003   Data           1  main.o(.data)
    Enter_output                             0x20000004   Data           1  main.o(.data)
    TEST_R                                   0x20000005   Data           1  main.o(.data)
    SCP_STATE                                0x20000006   Data           1  main.o(.data)
    Exit_PC                                  0x20000007   Data           1  main.o(.data)
    EN_Charge                                0x20000008   Data           1  main.o(.data)
    TEST_R_T                                 0x20000009   Data           1  main.o(.data)
    P_open                                   0x2000000a   Data           1  main.o(.data)
    Hints                                    0x2000000b   Data           1  main.o(.data)
    Enter_Ajustment                          0x2000000c   Data           1  main.o(.data)
    AD_R                                     0x2000000e   Data           2  main.o(.data)
    P_r                                      0x20000010   Data           2  main.o(.data)
    P_r_temp                                 0x20000012   Data           2  main.o(.data)
    P_W                                      0x20000014   Data           2  main.o(.data)
    gTimebaseDelayCounter                    0x20000018   Data           4  main.o(.data)
    PC_STATE                                 0x2000001c   Data           1  main.o(.data)
    EXTI_delay                               0x2000001e   Data           1  ht32f165x_it.o(.data)
    gADC_CycleEndOfConversion                0x2000001f   Data           1  ht32f165x_it.o(.data)
    counter_bftm                             0x20000020   Data           2  ht32f165x_it.o(.data)
    pro                                      0x20000024   Data           1  cigarette.o(.data)
    pro_L                                    0x20000025   Data           1  cigarette.o(.data)
    CNT_L                                    0x20000026   Data           1  cigarette.o(.data)
    UV0                                      0x20000028   Data           2  cigarette.o(.data)
    Uout                                     0x2000002a   Data           2  cigarette.o(.data)
    OUT1V                                    0x2000002c   Data           2  cigarette.o(.data)
    ZKB                                      0x2000002e   Data           2  cigarette.o(.data)
    CNT                                      0x20000030   Data           2  cigarette.o(.data)
    ZKB_L                                    0x20000032   Data           2  cigarette.o(.data)
    wMctmUpdateDownCounter                   0x20000034   Data           4  cigarette.o(.data)
    wCRR                                     0x20000038   Data           4  cigarette.o(.data)
    wPSCR                                    0x2000003c   Data           4  cigarette.o(.data)
    wBeeIndex                                0x20000040   Data           4  cigarette.o(.data)
    UV1                                      0x20000044   Data           2  cigarette.o(.data)
    OUT2V                                    0x20000046   Data           2  cigarette.o(.data)
    Key_Delay                                0x20000048   Data           1  oled_display.o(.data)
    Main_key                                 0x20000049   Data           1  oled_display.o(.data)
    Key_NUM                                  0x2000004a   Data           1  oled_display.o(.data)
    Key_NUM2                                 0x2000004b   Data           1  oled_display.o(.data)
    Key_NUM3                                 0x2000004c   Data           1  oled_display.o(.data)
    Keep_delay                               0x2000004d   Data           1  oled_display.o(.data)
    Keep_Add                                 0x2000004e   Data           1  oled_display.o(.data)
    Keep_Sub                                 0x2000004f   Data           1  oled_display.o(.data)
    overturn                                 0x20000050   Data           1  oled_display.o(.data)
    P_i                                      0x20000051   Data           1  oled_display.o(.data)
    Pi_H                                     0x20000052   Data           1  oled_display.o(.data)
    Pi_L                                     0x20000053   Data           1  oled_display.o(.data)
    Pi_LL                                    0x20000054   Data           1  oled_display.o(.data)
    Return_main_time                         0x20000056   Data           2  oled_display.o(.data)
    Key_Delaycnt                             0x20000058   Data           4  oled_display.o(.data)
    gTimebaseDelayCounter_2s                 0x2000005c   Data           4  oled_display.o(.data)
    Add_delay                                0x20000060   Data           4  oled_display.o(.data)
    Sub_delay                                0x20000064   Data           4  oled_display.o(.data)
    gpStringDesc                             0x2000006c   Data           4  ht32_usbd_descriptor.o(.data)
    SystemCoreClock                          0x20000070   Data           4  system_ht32f165x.o(.data)
    gUSBCore                                 0x2000007c   Data         144  main.o(.bss)
    gUSBDriver                               0x2000010c   Data          68  main.o(.bss)
    Auto_off                                 0x20000150   Data          12  main.o(.bss)
    gADC_Result                              0x2000015c   Data          24  ht32f165x_it.o(.bss)
    CKCUClock                                0x20000174   Data          12  cigarette.o(.bss)
    MCTM_TimeBaseInitStructure               0x20000180   Data          16  cigarette.o(.bss)
    MCTM_OutputInitStructure                 0x20000190   Data          14  cigarette.o(.bss)
    pid                                      0x200001a0   Data          44  pid.o(.bss)
    OLED_GRAM                                0x200001cc   Data        1024  oled.o(.bss)
    P                                        0x200005cc   Data          10  oled_display.o(.bss)
    gTx                                      0x200005d8   Data          16  ap_handler.o(.bss)
    gRx                                      0x200005e8   Data          16  ap_handler.o(.bss)
    __initial_sp                             0x20000c80   Data           0  startup_ht32f165x.o(STACK)



==============================================================================

Memory Map of the image

  Image Entry point : 0x00002d55

  Load Region IAP (Base: 0x00000000, Size: 0x00001824, Max: 0x00002800, ABSOLUTE)

    Execution Region IAP (Base: 0x00000000, Size: 0x00001824, Max: 0xffffffff, ABSOLUTE)

    Base Addr    Size         Type   Attr      Idx    E Section Name        Object

    0x00000000   0x00001824   Data   RO          919    IAP                 iap.o



  Load Region VER (Base: 0x00002800, Size: 0x00000014, Max: 0x00000400, ABSOLUTE)

    Execution Region VER (Base: 0x00002800, Size: 0x00000014, Max: 0xffffffff, ABSOLUTE)

    Base Addr    Size         Type   Attr      Idx    E Section Name        Object

    0x00002800   0x00000011   Data   RO          920    VER                 version.o



  Load Region AP (Base: 0x00002c00, Size: 0x000065c4, Max: 0xffffffff, ABSOLUTE)

    Execution Region AP (Base: 0x00002c00, Size: 0x00006548, Max: 0xffffffff, ABSOLUTE)

    Base Addr    Size         Type   Attr      Idx    E Section Name        Object

    0x00002c00   0x00000178   Code   RO          923  * RESET               startup_ht32f165x.o
    0x00002d78   0x00000000   Code   RO         4807  * .ARM.Collect$$$$00000000  mc_w.l(entry.o)
    0x00002d78   0x00000004   Code   RO         4822    .ARM.Collect$$$$00000001  mc_w.l(entry2.o)
    0x00002d7c   0x00000004   Code   RO         4825    .ARM.Collect$$$$00000004  mc_w.l(entry5.o)
    0x00002d80   0x00000000   Code   RO         4827    .ARM.Collect$$$$00000008  mc_w.l(entry7b.o)
    0x00002d80   0x00000000   Code   RO         4829    .ARM.Collect$$$$0000000A  mc_w.l(entry8b.o)
    0x00002d80   0x00000008   Code   RO         4830    .ARM.Collect$$$$0000000B  mc_w.l(entry9a.o)
    0x00002d88   0x00000000   Code   RO         4832    .ARM.Collect$$$$0000000D  mc_w.l(entry10a.o)
    0x00002d88   0x00000000   Code   RO         4834    .ARM.Collect$$$$0000000F  mc_w.l(entry11a.o)
    0x00002d88   0x00000004   Code   RO         4823    .ARM.Collect$$$$00002712  mc_w.l(entry2.o)
    0x00002d8c   0x00000022   Code   RO         4816    .text               mf_w.l(dflti.o)
    0x00002dae   0x00000032   Code   RO         4820    .text               mf_w.l(dfixui.o)
    0x00002de0   0x00000020   Code   RO         4836    .text               mc_w.l(llushr.o)
    0x00002e00   0x00000000   Code   RO         4845    .text               mc_w.l(iusefp.o)
    0x00002e00   0x000000be   Code   RO         4848    .text               mf_w.l(depilogue.o)
    0x00002ebe   0x000000a2   Code   RO         4850    .text               mf_w.l(dsqrt.o)
    0x00002f60   0x00000024   Code   RO         4854    .text               mc_w.l(init.o)
    0x00002f84   0x0000001e   Code   RO         4856    .text               mc_w.l(llshl.o)
    0x00002fa2   0x00000006   Code   RO         1109    i.ADC_ClearIntPendingBit  ht32f1653_54_adc.o
    0x00002fa8   0x00000108   Code   RO          366    i.ADC_Config        cigarette.o
    0x000030b0   0x0000004c   Code   RO          303    i.ADC_IRQHandler    ht32f165x_it.o
    0x000030fc   0x00000014   Code   RO         1119    i.ADC_IntConfig     ht32f1653_54_adc.o
    0x00003110   0x00000022   Code   RO         1121    i.ADC_RegularChannelConfig  ht32f1653_54_adc.o
    0x00003132   0x00000016   Code   RO         1122    i.ADC_RegularGroupConfig  ht32f1653_54_adc.o
    0x00003148   0x0000000c   Code   RO         1123    i.ADC_RegularTrigConfig  ht32f1653_54_adc.o
    0x00003154   0x0000002c   Code   RO         1938    i.AFIO_EXTISourceConfig  ht32f1653_54_gpio.o
    0x00003180   0x00000064   Code   RO         1939    i.AFIO_GPxConfig    ht32f1653_54_gpio.o
    0x000031e4   0x0000007c   Code   RO          789    i.AP_Handler        ap_handler.o
    0x00003260   0x00000028   Code   RO          790    i.AP_Init           ap_handler.o
    0x00003288   0x00000044   Code   RO          791    i.AP_Reset          ap_handler.o
    0x000032cc   0x00000568   Code   RO          621    i.Ajustment_menu    oled_display.o
    0x00003834   0x00000064   Code   RO          304    i.BFTM0_IRQHandler  ht32f165x_it.o
    0x00003898   0x0000000e   Code   RO         1244    i.BFTM_ClearFlag    ht32f1653_54_bftm.o
    0x000038a6   0x00000014   Code   RO         1246    i.BFTM_EnaCmd       ht32f1653_54_bftm.o
    0x000038ba   0x00000014   Code   RO         1250    i.BFTM_IntConfig    ht32f1653_54_bftm.o
    0x000038ce   0x00000004   Code   RO         1252    i.BFTM_SetCompare   ht32f1653_54_bftm.o
    0x000038d2   0x00000004   Code   RO         1253    i.BFTM_SetCounter   ht32f1653_54_bftm.o
    0x000038d6   0x00000008   Code   RO          693    i.Buffer_Discard    ap_buffer.o
    0x000038de   0x0000000c   Code   RO          694    i.Buffer_Init       ap_buffer.o
    0x000038ea   0x00000028   Code   RO          696    i.Buffer_ReadByte   ap_buffer.o
    0x00003912   0x00000032   Code   RO          698    i.Buffer_WriteByte  ap_buffer.o
    0x00003944   0x00000010   Code   RO          699    i.Buffer_isEmpty    ap_buffer.o
    0x00003954   0x00000020   Code   RO            4    i.CKCU_Configuration  main.o
    0x00003974   0x00000024   Code   RO         1343    i.CKCU_PeripClockConfig  ht32f1653_54_ckcu.o
    0x00003998   0x00000014   Code   RO         1344    i.CKCU_SetADCPrescaler  ht32f1653_54_ckcu.o
    0x000039ac   0x00000014   Code   RO         1348    i.CKCU_SetUSBPrescaler  ht32f1653_54_ckcu.o
    0x000039c0   0x00000042   Code   RO          762    i.CRC16             ap_crc16.o
    0x00003a02   0x00000002   PAD
    0x00003a04   0x00000014   Code   RO          305    i.EXTI14_IRQHandler  ht32f165x_it.o
    0x00003a18   0x00000010   Code   RO         1727    i.EXTI_ClearEdgeFlag  ht32f1653_54_exti.o
    0x00003a28   0x0000001c   Code   RO         1733    i.EXTI_Init         ht32f1653_54_exti.o
    0x00003a44   0x0000001c   Code   RO         1734    i.EXTI_IntConfig    ht32f1653_54_exti.o
    0x00003a60   0x00000004   Code   RO         1940    i.GPIO_ClearOutBits  ht32f1653_54_gpio.o
    0x00003a64   0x0000013c   Code   RO            5    i.GPIO_Configuration  main.o
    0x00003ba0   0x00000010   Code   RO         1942    i.GPIO_DirectionConfig  ht32f1653_54_gpio.o
    0x00003bb0   0x00000010   Code   RO         1944    i.GPIO_InputConfig  ht32f1653_54_gpio.o
    0x00003bc0   0x00000028   Code   RO         1949    i.GPIO_PullResistorConfig  ht32f1653_54_gpio.o
    0x00003be8   0x0000000a   Code   RO         1950    i.GPIO_ReadInBit    ht32f1653_54_gpio.o
    0x00003bf2   0x00000004   Code   RO         1954    i.GPIO_SetOutBits   ht32f1653_54_gpio.o
    0x00003bf6   0x00000014   Code   RO         2100    i.GPTM_Cmd          ht32f1653_54_gptm.o
    0x00003c0a   0x00000058   Code   RO         2125    i.GPTM_OutputInit   ht32f1653_54_gptm.o
    0x00003c62   0x0000002a   Code   RO         2145    i.GPTM_TimeBaseInit  ht32f1653_54_gptm.o
    0x00003c8c   0x000000ac   Code   RO            6    i.Hint_handle       main.o
    0x00003d38   0x0000008c   Code   RO            7    i.IN_OUT_GPIO       main.o
    0x00003dc4   0x00000024   Code   RO          306    i.MCTM0UP_IRQHandler  ht32f165x_it.o
    0x00003de8   0x00000014   Code   RO         2748    i.MCTM_CHMOECmd     ht32f1653_54_mctm.o
    0x00003dfc   0x00000018   Code   RO         2759    i.MCTM_ChannelConfig  ht32f1653_54_mctm.o
    0x00003e14   0x0000000a   Code   RO         2761    i.MCTM_ClearFlag    ht32f1653_54_mctm.o
    0x00003e1e   0x00000014   Code   RO         2764    i.MCTM_Cmd          ht32f1653_54_mctm.o
    0x00003e32   0x00000002   PAD
    0x00003e34   0x00000148   Code   RO          367    i.MCTM_Config       cigarette.o
    0x00003f7c   0x00000010   Code   RO         2785    i.MCTM_IntConfig    ht32f1653_54_mctm.o
    0x00003f8c   0x0000007e   Code   RO         2789    i.MCTM_OutputInit   ht32f1653_54_mctm.o
    0x0000400a   0x00000030   Code   RO         2809    i.MCTM_TimeBaseInit  ht32f1653_54_mctm.o
    0x0000403a   0x0000000a   Code   RO            8    i.NVIC_Configuration  main.o
    0x00004044   0x00000018   Code   RO            9    i.NVIC_EnableIRQ    main.o
    0x0000405c   0x00000018   Code   RO          368    i.NVIC_EnableIRQ    cigarette.o
    0x00004074   0x00000014   Code   RO         1043    i.NVIC_SetVectorTable  ht32_cm3_misc.o
    0x00004088   0x0000002c   Code   RO          460    i.OLED_Clear        oled.o
    0x000040b4   0x00000018   Code   RO          461    i.OLED_Display_Off  oled.o
    0x000040cc   0x00000018   Code   RO          462    i.OLED_Display_On   oled.o
    0x000040e4   0x0000003c   Code   RO          463    i.OLED_DrawPoint    oled.o
    0x00004120   0x00000038   Code   RO          464    i.OLED_Fill         oled.o
    0x00004158   0x00000040   Code   RO          465    i.OLED_Refresh_Gram  oled.o
    0x00004198   0x00000074   Code   RO          466    i.OLED_ShowChar     oled.o
    0x0000420c   0x00000080   Code   RO          467    i.OLED_ShowChar_big  oled.o
    0x0000428c   0x00000074   Code   RO          468    i.OLED_ShowChar_select  oled.o
    0x00004300   0x00000078   Code   RO          469    i.OLED_ShowNum      oled.o
    0x00004378   0x00000080   Code   RO          470    i.OLED_ShowNum_big  oled.o
    0x000043f8   0x00000158   Code   RO          471    i.OLED_ShowPic      oled.o
    0x00004550   0x0000003e   Code   RO          473    i.OLED_ShowString   oled.o
    0x0000458e   0x0000003e   Code   RO          474    i.OLED_ShowString_big  oled.o
    0x000045cc   0x0000003e   Code   RO          475    i.OLED_ShowString_select  oled.o
    0x0000460a   0x00000034   Code   RO          476    i.OLED_delect       oled.o
    0x0000463e   0x00000002   PAD
    0x00004640   0x00000028   Code   RO          427    i.PID_init          pid.o
    0x00004668   0x00000118   Code   RO          369    i.PWM2_Control      cigarette.o
    0x00004780   0x0000012c   Code   RO          370    i.PWM_Control       cigarette.o
    0x000048ac   0x00000002   Code   RO         4428    i.RETARGET_Configuration  ht32_retarget.o
    0x000048ae   0x00000002   PAD
    0x000048b0   0x0000002c   Code   RO         3398    i.RSTCU_PeripReset  ht32f1653_54_rstcu.o
    0x000048dc   0x000000fc   Code   RO           10    i.R_Check           main.o
    0x000049d8   0x0000008c   Code   RO           11    i.SCP_Handle        main.o
    0x00004a64   0x00000058   Code   RO           12    i.SCP_Int           main.o
    0x00004abc   0x00000018   Code   RO         1044    i.SYSTICK_ClockSourceConfig  ht32_cm3_misc.o
    0x00004ad4   0x00000024   Code   RO           13    i.SYSTICK_Configuration  main.o
    0x00004af8   0x00000020   Code   RO         1045    i.SYSTICK_CounterCmd  ht32_cm3_misc.o
    0x00004b18   0x00000018   Code   RO         1046    i.SYSTICK_IntConfig  ht32_cm3_misc.o
    0x00004b30   0x00000008   Code   RO         1047    i.SYSTICK_SetReloadValue  ht32_cm3_misc.o
    0x00004b38   0x000000cc   Code   RO           14    i.Sleep_handle      main.o
    0x00004c04   0x000000a8   Code   RO          307    i.SysTick_Handler   ht32f165x_it.o
    0x00004cac   0x0000004c   Code   RO          931    i.SystemInit        system_ht32f165x.o
    0x00004cf8   0x00000028   Code   RO          842    i.USBDClass_Endpoint1  ht32_usbd_class.o
    0x00004d20   0x0000001c   Code   RO          843    i.USBDClass_Init    ht32_usbd_class.o
    0x00004d3c   0x00000058   Code   RO          844    i.USBDClass_Request  ht32_usbd_class.o
    0x00004d94   0x00000028   Code   RO          845    i.USBDClass_Standard_GetDescriptor  ht32_usbd_class.o
    0x00004dbc   0x000001ae   Code   RO          967    i.USBDCore_IRQHandler  ht32_usbd_core.o
    0x00004f6a   0x0000000e   Code   RO          968    i.USBDCore_Init     ht32_usbd_core.o
    0x00004f78   0x00000040   Code   RO          970    i.USBDCore_MainRoutine  ht32_usbd_core.o
    0x00004fb8   0x0000001c   Code   RO          893    i.USBDDesc_Init     ht32_usbd_descriptor.o
    0x00004fd4   0x0000000c   Code   RO         4079    i.USBD_ClearINT     ht32f1653_54_usbd.o
    0x00004fe0   0x00000038   Code   RO           15    i.USBD_Configuration  main.o
    0x00005018   0x0000001c   Code   RO         4080    i.USBD_DPWakeUpCmd  ht32f1653_54_usbd.o
    0x00005034   0x0000001c   Code   RO         4081    i.USBD_DPpullupCmd  ht32f1653_54_usbd.o
    0x00005050   0x0000000c   Code   RO         4082    i.USBD_DeInit       ht32f1653_54_usbd.o
    0x0000505c   0x00000010   Code   RO         4084    i.USBD_EPTClearDTG  ht32f1653_54_usbd.o
    0x0000506c   0x00000010   Code   RO         4085    i.USBD_EPTClearHalt  ht32f1653_54_usbd.o
    0x0000507c   0x0000000c   Code   RO         4086    i.USBD_EPTClearINT  ht32f1653_54_usbd.o
    0x00005088   0x00000018   Code   RO         4088    i.USBD_EPTGetBuffer0Addr  ht32f1653_54_usbd.o
    0x000050a0   0x00000024   Code   RO         4089    i.USBD_EPTGetBuffer1Addr  ht32f1653_54_usbd.o
    0x000050c4   0x0000000e   Code   RO         4090    i.USBD_EPTGetBufferLen  ht32f1653_54_usbd.o
    0x000050d2   0x0000001a   Code   RO         4091    i.USBD_EPTGetHalt   ht32f1653_54_usbd.o
    0x000050ec   0x0000000e   Code   RO         4092    i.USBD_EPTGetINT    ht32f1653_54_usbd.o
    0x000050fa   0x00000012   Code   RO         4093    i.USBD_EPTGetTransferCount  ht32f1653_54_usbd.o
    0x0000510c   0x00000026   Code   RO         4094    i.USBD_EPTInit      ht32f1653_54_usbd.o
    0x00005132   0x0000003a   Code   RO         4095    i.USBD_EPTReadMemory  ht32f1653_54_usbd.o
    0x0000516c   0x00000030   Code   RO         4096    i.USBD_EPTReadOUTData  ht32f1653_54_usbd.o
    0x0000519c   0x00000010   Code   RO         4097    i.USBD_EPTReset     ht32f1653_54_usbd.o
    0x000051ac   0x0000000c   Code   RO         4098    i.USBD_EPTSendSTALL  ht32f1653_54_usbd.o
    0x000051b8   0x00000014   Code   RO         4099    i.USBD_EPTSetHalt   ht32f1653_54_usbd.o
    0x000051cc   0x00000048   Code   RO         4101    i.USBD_EPTWriteINData  ht32f1653_54_usbd.o
    0x00005214   0x00000010   Code   RO         4102    i.USBD_EnableINT    ht32f1653_54_usbd.o
    0x00005224   0x00000020   Code   RO         4103    i.USBD_GetEPTnINTNumber  ht32f1653_54_usbd.o
    0x00005244   0x00000010   Code   RO         4104    i.USBD_GetINT       ht32f1653_54_usbd.o
    0x00005254   0x00000004   Code   RO         4105    i.USBD_Init         ht32f1653_54_usbd.o
    0x00005258   0x00000010   Code   RO         4106    i.USBD_PowerOff     ht32f1653_54_usbd.o
    0x00005268   0x00000010   Code   RO         4107    i.USBD_PowerOn      ht32f1653_54_usbd.o
    0x00005278   0x00000068   Code   RO         4108    i.USBD_PowerUp      ht32f1653_54_usbd.o
    0x000052e0   0x0000002c   Code   RO         4109    i.USBD_PreInit      ht32f1653_54_usbd.o
    0x0000530c   0x00000010   Code   RO         4110    i.USBD_ReadSETUPData  ht32f1653_54_usbd.o
    0x0000531c   0x00000014   Code   RO         4113    i.USBD_SetAddress   ht32f1653_54_usbd.o
    0x00005330   0x000000cc   Code   RO           16    i.USB_CHARG_Handle  main.o
    0x000053fc   0x00000060   Code   RO           17    i.USB_CHARG_Int     main.o
    0x0000545c   0x00000020   Code   RO          308    i.USB_IRQHandler    ht32f165x_it.o
    0x0000547c   0x00000490   Code   RO          623    i.V_mode            oled_display.o
    0x0000590c   0x0000001c   Code   RO         4314    i.WDT_Cmd           ht32f1653_54_wdt.o
    0x00005928   0x0000002e   Code   RO           18    i.WDT_Configuration  main.o
    0x00005956   0x00000002   PAD
    0x00005958   0x0000001c   Code   RO         4324    i.WDT_ResetCmd      ht32f1653_54_wdt.o
    0x00005974   0x00000010   Code   RO         4325    i.WDT_Restart       ht32f1653_54_wdt.o
    0x00005984   0x00000014   Code   RO         4326    i.WDT_SetDeltaValue  ht32f1653_54_wdt.o
    0x00005998   0x00000014   Code   RO         4327    i.WDT_SetPrescaler  ht32f1653_54_wdt.o
    0x000059ac   0x00000014   Code   RO         4328    i.WDT_SetReloadValue  ht32f1653_54_wdt.o
    0x000059c0   0x00000100   Code   RO           19    i.W_handle          main.o
    0x00005ac0   0x00000004   Code   RO          792    i._AP_CMD0          ap_handler.o
    0x00005ac4   0x00000042   Code   RO          972    i._USBDCore_ControlIN  ht32_usbd_core.o
    0x00005b06   0x00000036   Code   RO          973    i._USBDCore_Standard_GetStatus  ht32_usbd_core.o
    0x00005b3c   0x0000011c   Code   RO          974    i._USBDCore_Standard_Request  ht32_usbd_core.o
    0x00005c58   0x0000004a   Code   RO          975    i._USBDCore_Standard_SetClearFeature  ht32_usbd_core.o
    0x00005ca2   0x00000010   Code   RO         4114    i._USBD_CopyMemory  ht32f1653_54_usbd.o
    0x00005cb2   0x00000002   PAD
    0x00005cb4   0x00000010   Code   RO         4115    i._USBD_GetEPTnAddr  ht32f1653_54_usbd.o
    0x00005cc4   0x0000000e   Code   RO         4860    i.__scatterload_copy  mc_w.l(handlers.o)
    0x00005cd2   0x00000002   Code   RO         4861    i.__scatterload_null  mc_w.l(handlers.o)
    0x00005cd4   0x0000000e   Code   RO         4862    i.__scatterload_zeroinit  mc_w.l(handlers.o)
    0x00005ce2   0x00000002   PAD
    0x00005ce4   0x0000000c   Code   RO         4840    i.__set_errno       mc_w.l(errno.o)
    0x00005cf0   0x000000bc   Code   RO          624    i.bat_display       oled_display.o
    0x00005dac   0x0000000a   Code   RO          477    i.delay             oled.o
    0x00005db6   0x00000002   PAD
    0x00005db8   0x00000128   Code   RO           20    i.key_contrl        main.o
    0x00005ee0   0x00000098   Code   RO           21    i.main              main.o
    0x00005f78   0x00000320   Code   RO          625    i.main_menu         oled_display.o
    0x00006298   0x00000014   Code   RO          478    i.oled_pow          oled.o
    0x000062ac   0x000000a0   Code   RO          626    i.open_pic          oled_display.o
    0x0000634c   0x0000028c   Code   RO          627    i.output_menu       oled_display.o
    0x000065d8   0x00000016   Code   RO          628    i.pc_connect        oled_display.o
    0x000065ee   0x0000004c   Code   RO         4800    i.sqrt              m_ws.l(sqrt.o)
    0x0000663a   0x00000002   PAD
    0x0000663c   0x000000c4   Code   RO          479    i.ssd1306           oled.o
    0x00006700   0x00000064   Code   RO          480    i.write_d           oled.o
    0x00006764   0x00000074   Code   RO          481    i.write_i           oled.o
    0x000067d8   0x000028ce   Data   RO          483    .constdata          oled.o
    0x000090a6   0x00000002   PAD
    0x000090a8   0x00000018   Data   RO          794    .constdata          ap_handler.o
    0x000090c0   0x00000022   Data   RO          846    .constdata          ht32_usbd_class.o
    0x000090e2   0x00000002   PAD
    0x000090e4   0x0000003d   Data   RO          894    .constdata          ht32_usbd_descriptor.o
    0x00009121   0x00000003   PAD
    0x00009124   0x00000004   Data   RO          895    .constdata          ht32_usbd_descriptor.o
    0x00009128   0x00000020   Data   RO         4858    Region$$Table       anon$$obj.o


    Execution Region RAM (Base: 0x20000000, Size: 0x00000c80, Max: 0xffffffff, ABSOLUTE)

    Base Addr    Size         Type   Attr      Idx    E Section Name        Object

    0x20000000   0x0000001c   Data   RW           23    .data               main.o
    0x2000001c   0x00000001   Data   RW           24    .data               main.o
    0x2000001d   0x00000001   PAD
    0x2000001e   0x00000004   Data   RW          310    .data               ht32f165x_it.o
    0x20000022   0x00000002   PAD
    0x20000024   0x00000020   Data   RW          374    .data               cigarette.o
    0x20000044   0x00000002   Data   RW          375    .data               cigarette.o
    0x20000046   0x00000002   Data   RW          376    .data               cigarette.o
    0x20000048   0x00000020   Data   RW          631    .data               oled_display.o
    0x20000068   0x00000004   Data   RW          795    .data               ap_handler.o
    0x2000006c   0x00000004   Data   RW          896    .data               ht32_usbd_descriptor.o
    0x20000070   0x00000004   Data   RW          932    .data               system_ht32f165x.o
    0x20000074   0x00000004   Data   RW         4116    .data               ht32f1653_54_usbd.o
    0x20000078   0x00000004   Data   RW         4841    .data               mc_w.l(errno.o)
    0x2000007c   0x000000e0   Zero   RW           22    .bss                main.o
    0x2000015c   0x00000018   Zero   RW          309    .bss                ht32f165x_it.o
    0x20000174   0x0000002a   Zero   RW          372    .bss                cigarette.o
    0x2000019e   0x00000002   PAD
    0x200001a0   0x0000002c   Zero   RW          429    .bss                pid.o
    0x200001cc   0x00000400   Zero   RW          482    .bss                oled.o
    0x200005cc   0x0000000a   Zero   RW          629    .bss                oled_display.o
    0x200005d6   0x00000002   PAD
    0x200005d8   0x000004a4   Zero   RW          793    .bss                ap_handler.o
    0x20000a7c   0x00000004   PAD
    0x20000a80   0x00000200   Zero   RW          921    STACK               startup_ht32f165x.o


==============================================================================

Image component sizes


      Code (inc. data)   RO Data    RW Data    ZI Data      Debug   Object Name

       126          0          0          0          0       3565   ap_buffer.o
        66          0          0          0          0       1068   ap_crc16.o
       236         48         24          4       1188      26043   ap_handler.o
      1196         72          0         36         42       4700   cigarette.o
       108          8          0          0          0       2772   ht32_cm3_misc.o
         2          0          0          0          0        505   ht32_retarget.o
       196         26         34          0          0       3699   ht32_usbd_class.o
       986          0          0          0          0       6757   ht32_usbd_core.o
        28         10         65          4          0       1871   ht32_usbd_descriptor.o
        94          0          0          0          0       3457   ht32f1653_54_adc.o
        62          0          0          0          0       3088   ht32f1653_54_bftm.o
        76         12          0          0          0       1698   ht32f1653_54_ckcu.o
        72         14          0          0          0       2138   ht32f1653_54_exti.o
       234         12          0          0          0       5316   ht32f1653_54_gpio.o
       150          0          0          0          0       3330   ht32f1653_54_gptm.o
       264          0          0          0          0       5705   ht32f1653_54_mctm.o
        44          4          0          0          0        651   ht32f1653_54_rstcu.o
       836         86          0          4          0      19614   ht32f1653_54_usbd.o
       132         38          0          0          0       3135   ht32f1653_54_wdt.o
       432         96          0          4         24       4568   ht32f165x_it.o
         0          0       6180          0          0          0   iap.o
      2520        340          0         29        224      92450   main.o
      1904        116      10446          0       1024      14527   oled.o
      4374        444          0         32         10       7975   oled_display.o
        40         12          0          0         44       1061   pid.o
       376        348          0          0        512        756   startup_ht32f165x.o
        76         12          0          4          0       1691   system_ht32f165x.o
         0          0         17          0          0          0   version.o

    ----------------------------------------------------------------------
     14644       1698      16808        120       3076     222140   Object Totals
         0          0         32          0          0          0   (incl. Generated)
        14          0         10          3          8          0   (incl. Padding)

    ----------------------------------------------------------------------

      Code (inc. data)   RO Data    RW Data    ZI Data      Debug   Library Member Name

        76          0          0          0          0         84   sqrt.o
         0          0          0          0          0          0   entry.o
         0          0          0          0          0          0   entry10a.o
         0          0          0          0          0          0   entry11a.o
         8          4          0          0          0          0   entry2.o
         4          0          0          0          0          0   entry5.o
         0          0          0          0          0          0   entry7b.o
         0          0          0          0          0          0   entry8b.o
         8          4          0          0          0          0   entry9a.o
        12          6          0          4          0         68   errno.o
        30          0          0          0          0          0   handlers.o
        36          8          0          0          0         68   init.o
         0          0          0          0          0          0   iusefp.o
        30          0          0          0          0         68   llshl.o
        32          0          0          0          0         68   llushr.o
       190          0          0          0          0        176   depilogue.o
        50          0          0          0          0         76   dfixui.o
        34          0          0          0          0         76   dflti.o
       162          0          0          0          0        100   dsqrt.o

    ----------------------------------------------------------------------
       676         22          0          4          0        784   Library Totals
         4          0          0          0          0          0   (incl. Padding)

    ----------------------------------------------------------------------

      Code (inc. data)   RO Data    RW Data    ZI Data      Debug   Library Name

        76          0          0          0          0         84   m_ws.l
       160         22          0          4          0        272   mc_w.l
       436          0          0          0          0        428   mf_w.l

    ----------------------------------------------------------------------
       676         22          0          4          0        784   Library Totals

    ----------------------------------------------------------------------

==============================================================================


      Code (inc. data)   RO Data    RW Data    ZI Data      Debug   

     15320       1720      16808        124       3076     214448   Grand Totals
     15320       1720      16808        124       3076     214448   ELF Image Totals
     15320       1720      16808        124          0          0   ROM Totals

==============================================================================

    Total RO  Size (Code + RO Data)                32128 (  31.38kB)
    Total RW  Size (RW Data + ZI Data)              3200 (   3.13kB)
    Total ROM Size (Code + RO Data + RW Data)      32252 (  31.50kB)

==============================================================================

