


ARM Macro Assembler    Page 1 


    1 00000000         ;*******************************************************
                       *************************
    2 00000000         ;* @file        version.s
    3 00000000         ;* @version     V1.00
    4 00000000         ;* @date        11/22/2012
    5 00000000         ;* @brief       Include version.txt
    6 00000000         ;*
    7 00000000         ;* @note        Copyright (C) 2012 Holtek Semiconductor 
                       Inc. All rights reserved.
    8 00000000         ;*
    9 00000000         ;* <h2><center>&copy; COPYRIGHT 2012 Holtek</center></h2
                       >
   10 00000000         ;*
   11 00000000         ;*******************************************************
                       *************************
   12 00000000         
   13 00000000                 AREA             VER, DATA, READONLY
   14 00000000 0000000D        DCD              13          ; Length of verson
   15 00000004 56 31 2E 
              30 30 5F 
              44 65 62 
              75 67 65 
              72               INCBIN           version.txt
   16 00000011         
   17 00000011                 END
Command Line: --debug --xref --cpu=Cortex-M3 --apcs=interwork --depend=.\ap\obj
\version.d -o.\ap\obj\version.o -IC:\Keil\ARM\RV31\INC -IC:\Keil\ARM\CMSIS\Incl
ude -IC:\Keil\ARM\Inc\Holtek\HT32F1653_54 --predefine="__MICROLIB SETA 1" --lis
t=.\ap\list\version.lst version.s



ARM Macro Assembler    Page 1 Alphabetic symbol ordering
Relocatable symbols

VER 00000000

Symbol: VER
   Definitions
      At line 13 in file version.s
   Uses
      None
Comment: VER unused
1 symbol
332 symbols in table
